<?xml version="1.0" encoding="ISO-8859-1" ?>
<link_info>
   <banner>TI ARM Linker Unix v20.2.7.LTS</banner>
   <copyright>Copyright (c) 1996-2018 Texas Instruments Incorporated</copyright>
   <link_time>0x65709cc6</link_time>
   <link_errors>0x0</link_errors>
   <output_file>Lab4.out</output_file>
   <entry_point>
      <name>_c_int00_noargs</name>
      <address>0x67ed</address>
   </entry_point>
   <input_file_list>
      <input_file id="fl-2">
         <path>./</path>
         <kind>object</kind>
         <file>main.obj</file>
         <name>main.obj</name>
      </input_file>
      <input_file id="fl-3">
         <path>./</path>
         <kind>object</kind>
         <file>threads.obj</file>
         <name>threads.obj</name>
      </input_file>
      <input_file id="fl-4">
         <path>./</path>
         <kind>object</kind>
         <file>tm4c123gh6pm_startup_ccs.obj</file>
         <name>tm4c123gh6pm_startup_ccs.obj</name>
      </input_file>
      <input_file id="fl-5">
         <path>./G8RTOS/src/</path>
         <kind>object</kind>
         <file>G8RTOS_CriticalSection.obj</file>
         <name>G8RTOS_CriticalSection.obj</name>
      </input_file>
      <input_file id="fl-6">
         <path>./G8RTOS/src/</path>
         <kind>object</kind>
         <file>G8RTOS_IPC.obj</file>
         <name>G8RTOS_IPC.obj</name>
      </input_file>
      <input_file id="fl-7">
         <path>./G8RTOS/src/</path>
         <kind>object</kind>
         <file>G8RTOS_Scheduler.obj</file>
         <name>G8RTOS_Scheduler.obj</name>
      </input_file>
      <input_file id="fl-8">
         <path>./G8RTOS/src/</path>
         <kind>object</kind>
         <file>G8RTOS_SchedulerASM.obj</file>
         <name>G8RTOS_SchedulerASM.obj</name>
      </input_file>
      <input_file id="fl-9">
         <path>./G8RTOS/src/</path>
         <kind>object</kind>
         <file>G8RTOS_Semaphores.obj</file>
         <name>G8RTOS_Semaphores.obj</name>
      </input_file>
      <input_file id="fl-a">
         <path>./MiscFunctions/LinAlg/src/</path>
         <kind>object</kind>
         <file>linalg.obj</file>
         <name>linalg.obj</name>
      </input_file>
      <input_file id="fl-b">
         <path>./MiscFunctions/LinAlg/src/</path>
         <kind>object</kind>
         <file>quaternions.obj</file>
         <name>quaternions.obj</name>
      </input_file>
      <input_file id="fl-c">
         <path>./MiscFunctions/LinAlg/src/</path>
         <kind>object</kind>
         <file>vect3d.obj</file>
         <name>vect3d.obj</name>
      </input_file>
      <input_file id="fl-d">
         <path>./MiscFunctions/Shapes/src/</path>
         <kind>object</kind>
         <file>cube.obj</file>
         <name>cube.obj</name>
      </input_file>
      <input_file id="fl-e">
         <path>./MiscFunctions/Shapes/src/</path>
         <kind>object</kind>
         <file>square.obj</file>
         <name>square.obj</name>
      </input_file>
      <input_file id="fl-f">
         <path>./MultimodDrivers/src/</path>
         <kind>object</kind>
         <file>multimod_BMI160.obj</file>
         <name>multimod_BMI160.obj</name>
      </input_file>
      <input_file id="fl-10">
         <path>./MultimodDrivers/src/</path>
         <kind>object</kind>
         <file>multimod_LaunchpadButtons.obj</file>
         <name>multimod_LaunchpadButtons.obj</name>
      </input_file>
      <input_file id="fl-11">
         <path>./MultimodDrivers/src/</path>
         <kind>object</kind>
         <file>multimod_LaunchpadLED.obj</file>
         <name>multimod_LaunchpadLED.obj</name>
      </input_file>
      <input_file id="fl-12">
         <path>./MultimodDrivers/src/</path>
         <kind>object</kind>
         <file>multimod_OPT3001.obj</file>
         <name>multimod_OPT3001.obj</name>
      </input_file>
      <input_file id="fl-13">
         <path>./MultimodDrivers/src/</path>
         <kind>object</kind>
         <file>multimod_PCA9956b.obj</file>
         <name>multimod_PCA9956b.obj</name>
      </input_file>
      <input_file id="fl-14">
         <path>./MultimodDrivers/src/</path>
         <kind>object</kind>
         <file>multimod_ST7789.obj</file>
         <name>multimod_ST7789.obj</name>
      </input_file>
      <input_file id="fl-15">
         <path>./MultimodDrivers/src/</path>
         <kind>object</kind>
         <file>multimod_buttons.obj</file>
         <name>multimod_buttons.obj</name>
      </input_file>
      <input_file id="fl-16">
         <path>./MultimodDrivers/src/</path>
         <kind>object</kind>
         <file>multimod_i2c.obj</file>
         <name>multimod_i2c.obj</name>
      </input_file>
      <input_file id="fl-17">
         <path>./MultimodDrivers/src/</path>
         <kind>object</kind>
         <file>multimod_joystick.obj</file>
         <name>multimod_joystick.obj</name>
      </input_file>
      <input_file id="fl-18">
         <path>./MultimodDrivers/src/</path>
         <kind>object</kind>
         <file>multimod_spi.obj</file>
         <name>multimod_spi.obj</name>
      </input_file>
      <input_file id="fl-19">
         <path>./MultimodDrivers/src/</path>
         <kind>object</kind>
         <file>multimod_uart.obj</file>
         <name>multimod_uart.obj</name>
      </input_file>
      <input_file id="fl-1a">
         <path>./driverlib/</path>
         <kind>object</kind>
         <file>adc.obj</file>
         <name>adc.obj</name>
      </input_file>
      <input_file id="fl-1b">
         <path>./driverlib/</path>
         <kind>object</kind>
         <file>aes.obj</file>
         <name>aes.obj</name>
      </input_file>
      <input_file id="fl-1c">
         <path>./driverlib/</path>
         <kind>object</kind>
         <file>can.obj</file>
         <name>can.obj</name>
      </input_file>
      <input_file id="fl-1d">
         <path>./driverlib/</path>
         <kind>object</kind>
         <file>comp.obj</file>
         <name>comp.obj</name>
      </input_file>
      <input_file id="fl-1e">
         <path>./driverlib/</path>
         <kind>object</kind>
         <file>cpu.obj</file>
         <name>cpu.obj</name>
      </input_file>
      <input_file id="fl-1f">
         <path>./driverlib/</path>
         <kind>object</kind>
         <file>crc.obj</file>
         <name>crc.obj</name>
      </input_file>
      <input_file id="fl-20">
         <path>./driverlib/</path>
         <kind>object</kind>
         <file>des.obj</file>
         <name>des.obj</name>
      </input_file>
      <input_file id="fl-21">
         <path>./driverlib/</path>
         <kind>object</kind>
         <file>eeprom.obj</file>
         <name>eeprom.obj</name>
      </input_file>
      <input_file id="fl-22">
         <path>./driverlib/</path>
         <kind>object</kind>
         <file>emac.obj</file>
         <name>emac.obj</name>
      </input_file>
      <input_file id="fl-23">
         <path>./driverlib/</path>
         <kind>object</kind>
         <file>epi.obj</file>
         <name>epi.obj</name>
      </input_file>
      <input_file id="fl-24">
         <path>./driverlib/</path>
         <kind>object</kind>
         <file>epi_workaround_ccs.obj</file>
         <name>epi_workaround_ccs.obj</name>
      </input_file>
      <input_file id="fl-25">
         <path>./driverlib/</path>
         <kind>object</kind>
         <file>flash.obj</file>
         <name>flash.obj</name>
      </input_file>
      <input_file id="fl-26">
         <path>./driverlib/</path>
         <kind>object</kind>
         <file>fpu.obj</file>
         <name>fpu.obj</name>
      </input_file>
      <input_file id="fl-27">
         <path>./driverlib/</path>
         <kind>object</kind>
         <file>gpio.obj</file>
         <name>gpio.obj</name>
      </input_file>
      <input_file id="fl-28">
         <path>./driverlib/</path>
         <kind>object</kind>
         <file>hibernate.obj</file>
         <name>hibernate.obj</name>
      </input_file>
      <input_file id="fl-29">
         <path>./driverlib/</path>
         <kind>object</kind>
         <file>i2c.obj</file>
         <name>i2c.obj</name>
      </input_file>
      <input_file id="fl-2a">
         <path>./driverlib/</path>
         <kind>object</kind>
         <file>interrupt.obj</file>
         <name>interrupt.obj</name>
      </input_file>
      <input_file id="fl-2b">
         <path>./driverlib/</path>
         <kind>object</kind>
         <file>lcd.obj</file>
         <name>lcd.obj</name>
      </input_file>
      <input_file id="fl-2c">
         <path>./driverlib/</path>
         <kind>object</kind>
         <file>mpu.obj</file>
         <name>mpu.obj</name>
      </input_file>
      <input_file id="fl-2d">
         <path>./driverlib/</path>
         <kind>object</kind>
         <file>onewire.obj</file>
         <name>onewire.obj</name>
      </input_file>
      <input_file id="fl-2e">
         <path>./driverlib/</path>
         <kind>object</kind>
         <file>pwm.obj</file>
         <name>pwm.obj</name>
      </input_file>
      <input_file id="fl-2f">
         <path>./driverlib/</path>
         <kind>object</kind>
         <file>qei.obj</file>
         <name>qei.obj</name>
      </input_file>
      <input_file id="fl-30">
         <path>./driverlib/</path>
         <kind>object</kind>
         <file>shamd5.obj</file>
         <name>shamd5.obj</name>
      </input_file>
      <input_file id="fl-31">
         <path>./driverlib/</path>
         <kind>object</kind>
         <file>ssi.obj</file>
         <name>ssi.obj</name>
      </input_file>
      <input_file id="fl-32">
         <path>./driverlib/</path>
         <kind>object</kind>
         <file>sw_crc.obj</file>
         <name>sw_crc.obj</name>
      </input_file>
      <input_file id="fl-33">
         <path>./driverlib/</path>
         <kind>object</kind>
         <file>sysctl.obj</file>
         <name>sysctl.obj</name>
      </input_file>
      <input_file id="fl-34">
         <path>./driverlib/</path>
         <kind>object</kind>
         <file>sysexc.obj</file>
         <name>sysexc.obj</name>
      </input_file>
      <input_file id="fl-35">
         <path>./driverlib/</path>
         <kind>object</kind>
         <file>systick.obj</file>
         <name>systick.obj</name>
      </input_file>
      <input_file id="fl-36">
         <path>./driverlib/</path>
         <kind>object</kind>
         <file>timer.obj</file>
         <name>timer.obj</name>
      </input_file>
      <input_file id="fl-37">
         <path>./driverlib/</path>
         <kind>object</kind>
         <file>uart.obj</file>
         <name>uart.obj</name>
      </input_file>
      <input_file id="fl-38">
         <path>./driverlib/</path>
         <kind>object</kind>
         <file>uartstdio.obj</file>
         <name>uartstdio.obj</name>
      </input_file>
      <input_file id="fl-39">
         <path>./driverlib/</path>
         <kind>object</kind>
         <file>udma.obj</file>
         <name>udma.obj</name>
      </input_file>
      <input_file id="fl-3a">
         <path>./driverlib/</path>
         <kind>object</kind>
         <file>usb.obj</file>
         <name>usb.obj</name>
      </input_file>
      <input_file id="fl-3b">
         <path>./driverlib/</path>
         <kind>object</kind>
         <file>watchdog.obj</file>
         <name>watchdog.obj</name>
      </input_file>
      <input_file id="fl-43">
         <kind>object</kind>
         <file>&lt;internal&gt;</file>
         <name>&lt;internal&gt;</name>
      </input_file>
      <input_file id="fl-f9">
         <path>/home/diamond/ti/ccs1240/ccs/tools/compiler/ti-cgt-arm_20.2.7.LTS/lib/</path>
         <kind>archive</kind>
         <file>rtsv7M4_T_le_eabi.lib</file>
         <name>e_powf.c.obj</name>
      </input_file>
      <input_file id="fl-fa">
         <path>/home/diamond/ti/ccs1240/ccs/tools/compiler/ti-cgt-arm_20.2.7.LTS/lib/</path>
         <kind>archive</kind>
         <file>rtsv7M4_T_le_eabi.lib</file>
         <name>e_sqrtf.c.obj</name>
      </input_file>
      <input_file id="fl-fb">
         <path>/home/diamond/ti/ccs1240/ccs/tools/compiler/ti-cgt-arm_20.2.7.LTS/lib/</path>
         <kind>archive</kind>
         <file>rtsv7M4_T_le_eabi.lib</file>
         <name>s_scalbnf.c.obj</name>
      </input_file>
      <input_file id="fl-fc">
         <path>/home/diamond/ti/ccs1240/ccs/tools/compiler/ti-cgt-arm_20.2.7.LTS/lib/</path>
         <kind>archive</kind>
         <file>rtsv7M4_T_le_eabi.lib</file>
         <name>s_copysignf.c.obj</name>
      </input_file>
      <input_file id="fl-fd">
         <path>/home/diamond/ti/ccs1240/ccs/tools/compiler/ti-cgt-arm_20.2.7.LTS/lib/</path>
         <kind>archive</kind>
         <file>rtsv7M4_T_le_eabi.lib</file>
         <name>fd_cmp_t2.asm.obj</name>
      </input_file>
      <input_file id="fl-fe">
         <path>/home/diamond/ti/ccs1240/ccs/tools/compiler/ti-cgt-arm_20.2.7.LTS/lib/</path>
         <kind>archive</kind>
         <file>rtsv7M4_T_le_eabi.lib</file>
         <name>fd_mul_t2.asm.obj</name>
      </input_file>
      <input_file id="fl-ff">
         <path>/home/diamond/ti/ccs1240/ccs/tools/compiler/ti-cgt-arm_20.2.7.LTS/lib/</path>
         <kind>archive</kind>
         <file>rtsv7M4_T_le_eabi.lib</file>
         <name>fd_toi_t2.asm.obj</name>
      </input_file>
      <input_file id="fl-100">
         <path>/home/diamond/ti/ccs1240/ccs/tools/compiler/ti-cgt-arm_20.2.7.LTS/lib/</path>
         <kind>archive</kind>
         <file>rtsv7M4_T_le_eabi.lib</file>
         <name>fs_add_t2.asm.obj</name>
      </input_file>
      <input_file id="fl-101">
         <path>/home/diamond/ti/ccs1240/ccs/tools/compiler/ti-cgt-arm_20.2.7.LTS/lib/</path>
         <kind>archive</kind>
         <file>rtsv7M4_T_le_eabi.lib</file>
         <name>fs_cmp_t2.asm.obj</name>
      </input_file>
      <input_file id="fl-102">
         <path>/home/diamond/ti/ccs1240/ccs/tools/compiler/ti-cgt-arm_20.2.7.LTS/lib/</path>
         <kind>archive</kind>
         <file>rtsv7M4_T_le_eabi.lib</file>
         <name>fs_div_t2.asm.obj</name>
      </input_file>
      <input_file id="fl-103">
         <path>/home/diamond/ti/ccs1240/ccs/tools/compiler/ti-cgt-arm_20.2.7.LTS/lib/</path>
         <kind>archive</kind>
         <file>rtsv7M4_T_le_eabi.lib</file>
         <name>fs_mul_t2.asm.obj</name>
      </input_file>
      <input_file id="fl-104">
         <path>/home/diamond/ti/ccs1240/ccs/tools/compiler/ti-cgt-arm_20.2.7.LTS/lib/</path>
         <kind>archive</kind>
         <file>rtsv7M4_T_le_eabi.lib</file>
         <name>fs_tod_t2.asm.obj</name>
      </input_file>
      <input_file id="fl-105">
         <path>/home/diamond/ti/ccs1240/ccs/tools/compiler/ti-cgt-arm_20.2.7.LTS/lib/</path>
         <kind>archive</kind>
         <file>rtsv7M4_T_le_eabi.lib</file>
         <name>fs_toi_t2.asm.obj</name>
      </input_file>
      <input_file id="fl-106">
         <path>/home/diamond/ti/ccs1240/ccs/tools/compiler/ti-cgt-arm_20.2.7.LTS/lib/</path>
         <kind>archive</kind>
         <file>rtsv7M4_T_le_eabi.lib</file>
         <name>fs_tou_t2.asm.obj</name>
      </input_file>
      <input_file id="fl-107">
         <path>/home/diamond/ti/ccs1240/ccs/tools/compiler/ti-cgt-arm_20.2.7.LTS/lib/</path>
         <kind>archive</kind>
         <file>rtsv7M4_T_le_eabi.lib</file>
         <name>i_tofd_t2.asm.obj</name>
      </input_file>
      <input_file id="fl-108">
         <path>/home/diamond/ti/ccs1240/ccs/tools/compiler/ti-cgt-arm_20.2.7.LTS/lib/</path>
         <kind>archive</kind>
         <file>rtsv7M4_T_le_eabi.lib</file>
         <name>i_tofs_t2.asm.obj</name>
      </input_file>
      <input_file id="fl-109">
         <path>/home/diamond/ti/ccs1240/ccs/tools/compiler/ti-cgt-arm_20.2.7.LTS/lib/</path>
         <kind>archive</kind>
         <file>rtsv7M4_T_le_eabi.lib</file>
         <name>u_tofs_t2.asm.obj</name>
      </input_file>
      <input_file id="fl-10a">
         <path>/home/diamond/ti/ccs1240/ccs/tools/compiler/ti-cgt-arm_20.2.7.LTS/lib/</path>
         <kind>archive</kind>
         <file>rtsv7M4_T_le_eabi.lib</file>
         <name>memset_t2.asm.obj</name>
      </input_file>
      <input_file id="fl-10b">
         <path>/home/diamond/ti/ccs1240/ccs/tools/compiler/ti-cgt-arm_20.2.7.LTS/lib/</path>
         <kind>archive</kind>
         <file>rtsv7M4_T_le_eabi.lib</file>
         <name>u_divt2.asm.obj</name>
      </input_file>
      <input_file id="fl-10c">
         <path>/home/diamond/ti/ccs1240/ccs/tools/compiler/ti-cgt-arm_20.2.7.LTS/lib/</path>
         <kind>archive</kind>
         <file>rtsv7M4_T_le_eabi.lib</file>
         <name>copy_zero_init.c.obj</name>
      </input_file>
      <input_file id="fl-10d">
         <path>/home/diamond/ti/ccs1240/ccs/tools/compiler/ti-cgt-arm_20.2.7.LTS/lib/</path>
         <kind>archive</kind>
         <file>rtsv7M4_T_le_eabi.lib</file>
         <name>copy_decompress_none.c.obj</name>
      </input_file>
      <input_file id="fl-10e">
         <path>/home/diamond/ti/ccs1240/ccs/tools/compiler/ti-cgt-arm_20.2.7.LTS/lib/</path>
         <kind>archive</kind>
         <file>rtsv7M4_T_le_eabi.lib</file>
         <name>copy_decompress_lzss.c.obj</name>
      </input_file>
      <input_file id="fl-10f">
         <path>/home/diamond/ti/ccs1240/ccs/tools/compiler/ti-cgt-arm_20.2.7.LTS/lib/</path>
         <kind>archive</kind>
         <file>rtsv7M4_T_le_eabi.lib</file>
         <name>rand.c.obj</name>
      </input_file>
      <input_file id="fl-110">
         <path>/home/diamond/ti/ccs1240/ccs/tools/compiler/ti-cgt-arm_20.2.7.LTS/lib/</path>
         <kind>archive</kind>
         <file>rtsv7M4_T_le_eabi.lib</file>
         <name>boot_cortex_m.c.obj</name>
      </input_file>
      <input_file id="fl-111">
         <path>/home/diamond/ti/ccs1240/ccs/tools/compiler/ti-cgt-arm_20.2.7.LTS/lib/</path>
         <kind>archive</kind>
         <file>rtsv7M4_T_le_eabi.lib</file>
         <name>time.c.obj</name>
      </input_file>
      <input_file id="fl-112">
         <path>/home/diamond/ti/ccs1240/ccs/tools/compiler/ti-cgt-arm_20.2.7.LTS/lib/</path>
         <kind>archive</kind>
         <file>rtsv7M4_T_le_eabi.lib</file>
         <name>errno.c.obj</name>
      </input_file>
      <input_file id="fl-113">
         <path>/home/diamond/ti/ccs1240/ccs/tools/compiler/ti-cgt-arm_20.2.7.LTS/lib/</path>
         <kind>archive</kind>
         <file>rtsv7M4_T_le_eabi.lib</file>
         <name>div0.asm.obj</name>
      </input_file>
      <input_file id="fl-114">
         <path>/home/diamond/ti/ccs1240/ccs/tools/compiler/ti-cgt-arm_20.2.7.LTS/lib/</path>
         <kind>archive</kind>
         <file>rtsv7M4_T_le_eabi.lib</file>
         <name>memcpy_t2.asm.obj</name>
      </input_file>
      <input_file id="fl-115">
         <path>/home/diamond/ti/ccs1240/ccs/tools/compiler/ti-cgt-arm_20.2.7.LTS/lib/</path>
         <kind>archive</kind>
         <file>rtsv7M4_T_le_eabi.lib</file>
         <name>autoinit.c.obj</name>
      </input_file>
      <input_file id="fl-116">
         <path>/home/diamond/ti/ccs1240/ccs/tools/compiler/ti-cgt-arm_20.2.7.LTS/lib/</path>
         <kind>archive</kind>
         <file>rtsv7M4_T_le_eabi.lib</file>
         <name>pre_init.c.obj</name>
      </input_file>
      <input_file id="fl-117">
         <path>/home/diamond/ti/ccs1240/ccs/tools/compiler/ti-cgt-arm_20.2.7.LTS/lib/</path>
         <kind>archive</kind>
         <file>rtsv7M4_T_le_eabi.lib</file>
         <name>cpy_tbl.c.obj</name>
      </input_file>
      <input_file id="fl-118">
         <path>/home/diamond/ti/ccs1240/ccs/tools/compiler/ti-cgt-arm_20.2.7.LTS/lib/</path>
         <kind>archive</kind>
         <file>rtsv7M4_T_le_eabi.lib</file>
         <name>exit.c.obj</name>
      </input_file>
      <input_file id="fl-119">
         <path>/home/diamond/ti/ccs1240/ccs/tools/compiler/ti-cgt-arm_20.2.7.LTS/lib/</path>
         <kind>archive</kind>
         <file>rtsv7M4_T_le_eabi.lib</file>
         <name>_lock.c.obj</name>
      </input_file>
      <input_file id="fl-11a">
         <path>/home/diamond/ti/ccs1240/ccs/tools/compiler/ti-cgt-arm_20.2.7.LTS/lib/</path>
         <kind>archive</kind>
         <file>rtsv7M4_T_le_eabi.lib</file>
         <name>args_main.c.obj</name>
      </input_file>
      <input_file id="fl-11b">
         <path>/home/diamond/ti/ccs1240/ccs/tools/compiler/ti-cgt-arm_20.2.7.LTS/lib/</path>
         <kind>archive</kind>
         <file>rtsv7M4_T_le_eabi.lib</file>
         <name>hosttime.c.obj</name>
      </input_file>
      <input_file id="fl-11c">
         <path>/home/diamond/ti/ccs1240/ccs/tools/compiler/ti-cgt-arm_20.2.7.LTS/lib/</path>
         <kind>archive</kind>
         <file>rtsv7M4_T_le_eabi.lib</file>
         <name>trgmsg.c.obj</name>
      </input_file>
      <input_file id="fl-11d">
         <path>/home/diamond/ti/ccs1240/ccs/tools/compiler/ti-cgt-arm_20.2.7.LTS/lib/</path>
         <kind>archive</kind>
         <file>rtsv7M4_T_le_eabi.lib</file>
         <name>hostopen.c.obj</name>
      </input_file>
      <input_file id="fl-11e">
         <path>/home/diamond/ti/ccs1240/ccs/tools/compiler/ti-cgt-arm_20.2.7.LTS/lib/</path>
         <kind>archive</kind>
         <file>rtsv7M4_T_le_eabi.lib</file>
         <name>strlen.c.obj</name>
      </input_file>
   </input_file_list>
   <object_component_list>
      <object_component id="oc-12">
         <name>.intvecs</name>
         <load_address>0x0</load_address>
         <run_address>0x0</run_address>
         <size>0x26c</size>
         <input_file_ref idref="fl-4"/>
      </object_component>
      <object_component id="oc-ed">
         <name>.text</name>
         <load_address>0x26c</load_address>
         <run_address>0x26c</run_address>
         <size>0xfa0</size>
         <input_file_ref idref="fl-33"/>
      </object_component>
      <object_component id="oc-168">
         <name>.text</name>
         <load_address>0x120c</load_address>
         <run_address>0x120c</run_address>
         <size>0xc18</size>
         <input_file_ref idref="fl-27"/>
      </object_component>
      <object_component id="oc-18e">
         <name>.text</name>
         <load_address>0x1e24</load_address>
         <run_address>0x1e24</run_address>
         <size>0x840</size>
         <input_file_ref idref="fl-1a"/>
      </object_component>
      <object_component id="oc-f3">
         <name>.text</name>
         <load_address>0x2664</load_address>
         <run_address>0x2664</run_address>
         <size>0x808</size>
         <input_file_ref idref="fl-7"/>
      </object_component>
      <object_component id="oc-263">
         <name>.text</name>
         <load_address>0x2e6c</load_address>
         <run_address>0x2e6c</run_address>
         <size>0x700</size>
         <input_file_ref idref="fl-29"/>
      </object_component>
      <object_component id="oc-cf">
         <name>.text</name>
         <load_address>0x356c</load_address>
         <run_address>0x356c</run_address>
         <size>0x6e8</size>
         <input_file_ref idref="fl-14"/>
      </object_component>
      <object_component id="oc-181">
         <name>.text</name>
         <load_address>0x3c54</load_address>
         <run_address>0x3c54</run_address>
         <size>0x62e</size>
         <input_file_ref idref="fl-37"/>
      </object_component>
      <object_component id="oc-2eb">
         <name>.text:_nop</name>
         <load_address>0x4282</load_address>
         <run_address>0x4282</run_address>
         <size>0x2</size>
         <input_file_ref idref="fl-119"/>
      </object_component>
      <object_component id="oc-108">
         <name>.text</name>
         <load_address>0x4284</load_address>
         <run_address>0x4284</run_address>
         <size>0x4d8</size>
         <input_file_ref idref="fl-3"/>
      </object_component>
      <object_component id="oc-187">
         <name>.text</name>
         <load_address>0x475c</load_address>
         <run_address>0x475c</run_address>
         <size>0x4a8</size>
         <input_file_ref idref="fl-38"/>
      </object_component>
      <object_component id="oc-199">
         <name>.text</name>
         <load_address>0x4c04</load_address>
         <run_address>0x4c04</run_address>
         <size>0x3c0</size>
         <input_file_ref idref="fl-2a"/>
      </object_component>
      <object_component id="oc-16e">
         <name>.text</name>
         <load_address>0x4fc4</load_address>
         <run_address>0x4fc4</run_address>
         <size>0x362</size>
         <input_file_ref idref="fl-31"/>
      </object_component>
      <object_component id="oc-32e">
         <name>.text</name>
         <load_address>0x5326</load_address>
         <run_address>0x5326</run_address>
         <size>0x2</size>
         <input_file_ref idref="fl-113"/>
      </object_component>
      <object_component id="oc-d5">
         <name>.text</name>
         <load_address>0x5328</load_address>
         <run_address>0x5328</run_address>
         <size>0x30c</size>
         <input_file_ref idref="fl-f"/>
      </object_component>
      <object_component id="oc-178">
         <name>.text</name>
         <load_address>0x5634</load_address>
         <run_address>0x5634</run_address>
         <size>0x2b0</size>
         <input_file_ref idref="fl-16"/>
      </object_component>
      <object_component id="oc-f9">
         <name>.text</name>
         <load_address>0x58e4</load_address>
         <run_address>0x58e4</run_address>
         <size>0x1a0</size>
         <input_file_ref idref="fl-6"/>
      </object_component>
      <object_component id="oc-c9">
         <name>.text</name>
         <load_address>0x5a84</load_address>
         <run_address>0x5a84</run_address>
         <size>0x18c</size>
         <input_file_ref idref="fl-18"/>
      </object_component>
      <object_component id="oc-9b">
         <name>.text</name>
         <load_address>0x5c10</load_address>
         <run_address>0x5c10</run_address>
         <size>0x154</size>
         <input_file_ref idref="fl-2"/>
      </object_component>
      <object_component id="oc-e7">
         <name>.text</name>
         <load_address>0x5d64</load_address>
         <run_address>0x5d64</run_address>
         <size>0x114</size>
         <input_file_ref idref="fl-17"/>
      </object_component>
      <object_component id="oc-1e6">
         <name>.text</name>
         <load_address>0x5e78</load_address>
         <run_address>0x5e78</run_address>
         <size>0xfa</size>
         <input_file_ref idref="fl-100"/>
      </object_component>
      <object_component id="oc-ff">
         <name>.text</name>
         <load_address>0x5f74</load_address>
         <run_address>0x5f74</run_address>
         <size>0xb4</size>
         <input_file_ref idref="fl-9"/>
      </object_component>
      <object_component id="oc-3b">
         <name>.text</name>
         <load_address>0x6028</load_address>
         <run_address>0x6028</run_address>
         <size>0x9c</size>
         <input_file_ref idref="fl-114"/>
      </object_component>
      <object_component id="oc-1eb">
         <name>.text</name>
         <load_address>0x60c4</load_address>
         <run_address>0x60c4</run_address>
         <size>0x92</size>
         <input_file_ref idref="fl-102"/>
      </object_component>
      <object_component id="oc-1b5">
         <name>.text</name>
         <load_address>0x6158</load_address>
         <run_address>0x6158</run_address>
         <size>0x88</size>
         <input_file_ref idref="fl-35"/>
      </object_component>
      <object_component id="oc-1f5">
         <name>.text:__aeabi_cdcmple</name>
         <load_address>0x61e0</load_address>
         <run_address>0x61e0</run_address>
         <size>0x86</size>
         <input_file_ref idref="fl-fd"/>
      </object_component>
      <object_component id="oc-1fa">
         <name>.text:__aeabi_cdrcmple</name>
         <load_address>0x6266</load_address>
         <run_address>0x6266</run_address>
         <size>0x86</size>
         <input_file_ref idref="fl-fd"/>
      </object_component>
      <object_component id="oc-1ff">
         <name>.text</name>
         <load_address>0x62ec</load_address>
         <run_address>0x62ec</run_address>
         <size>0x7a</size>
         <input_file_ref idref="fl-103"/>
      </object_component>
      <object_component id="oc-8f">
         <name>.text</name>
         <load_address>0x6366</load_address>
         <run_address>0x6366</run_address>
         <size>0x7a</size>
         <input_file_ref idref="fl-10a"/>
      </object_component>
      <object_component id="oc-15">
         <name>.text:decompress:lzss:__TI_decompress_lzss</name>
         <load_address>0x63e0</load_address>
         <run_address>0x63e0</run_address>
         <size>0x68</size>
         <input_file_ref idref="fl-10e"/>
      </object_component>
      <object_component id="oc-209">
         <name>.text:__aeabi_cfcmple</name>
         <load_address>0x6448</load_address>
         <run_address>0x6448</run_address>
         <size>0x60</size>
         <input_file_ref idref="fl-101"/>
      </object_component>
      <object_component id="oc-204">
         <name>.text:__aeabi_cfrcmple</name>
         <load_address>0x64a8</load_address>
         <run_address>0x64a8</run_address>
         <size>0x60</size>
         <input_file_ref idref="fl-101"/>
      </object_component>
      <object_component id="oc-db">
         <name>.text</name>
         <load_address>0x6508</load_address>
         <run_address>0x6508</run_address>
         <size>0x58</size>
         <input_file_ref idref="fl-15"/>
      </object_component>
      <object_component id="oc-e1">
         <name>.text</name>
         <load_address>0x6560</load_address>
         <run_address>0x6560</run_address>
         <size>0x58</size>
         <input_file_ref idref="fl-19"/>
      </object_component>
      <object_component id="oc-1bb">
         <name>.text</name>
         <load_address>0x65b8</load_address>
         <run_address>0x65b8</run_address>
         <size>0x4c</size>
         <input_file_ref idref="fl-8"/>
      </object_component>
      <object_component id="oc-2d6">
         <name>.text:HOSTtime</name>
         <load_address>0x6604</load_address>
         <run_address>0x6604</run_address>
         <size>0x48</size>
         <input_file_ref idref="fl-11b"/>
      </object_component>
      <object_component id="oc-125">
         <name>.text:__TI_auto_init_nobinit_nopinit:__TI_auto_init_nobinit_nopinit</name>
         <load_address>0x664c</load_address>
         <run_address>0x664c</run_address>
         <size>0x44</size>
         <input_file_ref idref="fl-115"/>
      </object_component>
      <object_component id="oc-27e">
         <name>.text</name>
         <load_address>0x6690</load_address>
         <run_address>0x6690</run_address>
         <size>0x40</size>
         <input_file_ref idref="fl-10b"/>
      </object_component>
      <object_component id="oc-19f">
         <name>.text</name>
         <load_address>0x66d0</load_address>
         <run_address>0x66d0</run_address>
         <size>0x3e</size>
         <input_file_ref idref="fl-1e"/>
      </object_component>
      <object_component id="oc-356">
         <name>.text:__TI_writemsg</name>
         <load_address>0x6710</load_address>
         <run_address>0x6710</run_address>
         <size>0x38</size>
         <input_file_ref idref="fl-11c"/>
      </object_component>
      <object_component id="oc-1f0">
         <name>.text</name>
         <load_address>0x6748</load_address>
         <run_address>0x6748</run_address>
         <size>0x38</size>
         <input_file_ref idref="fl-104"/>
      </object_component>
      <object_component id="oc-21a">
         <name>.text</name>
         <load_address>0x6780</load_address>
         <run_address>0x6780</run_address>
         <size>0x38</size>
         <input_file_ref idref="fl-105"/>
      </object_component>
      <object_component id="oc-35c">
         <name>.text:__TI_readmsg</name>
         <load_address>0x67b8</load_address>
         <run_address>0x67b8</run_address>
         <size>0x34</size>
         <input_file_ref idref="fl-11c"/>
      </object_component>
      <object_component id="oc-59">
         <name>.text:_c_int00_noargs:_c_int00_noargs</name>
         <load_address>0x67ec</load_address>
         <run_address>0x67ec</run_address>
         <size>0x24</size>
         <input_file_ref idref="fl-110"/>
      </object_component>
      <object_component id="oc-1e1">
         <name>.text</name>
         <load_address>0x6810</load_address>
         <run_address>0x6810</run_address>
         <size>0x24</size>
         <input_file_ref idref="fl-109"/>
      </object_component>
      <object_component id="oc-214">
         <name>.text:srand</name>
         <load_address>0x6834</load_address>
         <run_address>0x6834</run_address>
         <size>0x24</size>
         <input_file_ref idref="fl-10f"/>
      </object_component>
      <object_component id="oc-1c4">
         <name>.text</name>
         <load_address>0x6858</load_address>
         <run_address>0x6858</run_address>
         <size>0xe</size>
         <input_file_ref idref="fl-5"/>
      </object_component>
      <object_component id="oc-20e">
         <name>.text:__time32</name>
         <load_address>0x6866</load_address>
         <run_address>0x6866</run_address>
         <size>0xe</size>
         <input_file_ref idref="fl-111"/>
      </object_component>
      <object_component id="oc-1b">
         <name>.text:decompress:none:__TI_decompress_none</name>
         <load_address>0x6874</load_address>
         <run_address>0x6874</run_address>
         <size>0xe</size>
         <input_file_ref idref="fl-10d"/>
      </object_component>
      <object_component id="oc-4d">
         <name>.text:decompress:ZI:__TI_zero_init</name>
         <load_address>0x6882</load_address>
         <run_address>0x6882</run_address>
         <size>0xc</size>
         <input_file_ref idref="fl-10c"/>
      </object_component>
      <object_component id="oc-27">
         <name>.text</name>
         <load_address>0x688e</load_address>
         <run_address>0x688e</run_address>
         <size>0xc</size>
         <input_file_ref idref="fl-4"/>
      </object_component>
      <object_component id="oc-176">
         <name>.text:SysCtlDelay</name>
         <load_address>0x689a</load_address>
         <run_address>0x689a</run_address>
         <size>0x6</size>
         <input_file_ref idref="fl-33"/>
      </object_component>
      <object_component id="oc-95">
         <name>.text:_system_pre_init</name>
         <load_address>0x68a0</load_address>
         <run_address>0x68a0</run_address>
         <size>0x4</size>
         <input_file_ref idref="fl-116"/>
      </object_component>
      <object_component id="oc-119">
         <name>.text:abort:abort</name>
         <load_address>0x68a4</load_address>
         <run_address>0x68a4</run_address>
         <size>0x4</size>
         <input_file_ref idref="fl-118"/>
      </object_component>
      <object_component id="oc-1ab">
         <name>.const:g_pppui32XTALtoVCO</name>
         <load_address>0x68a8</load_address>
         <run_address>0x68a8</run_address>
         <size>0x1b0</size>
         <input_file_ref idref="fl-33"/>
      </object_component>
      <object_component id="oc-251">
         <name>.const:g_ppui32GPIOIntMapSnowflake</name>
         <load_address>0x6a58</load_address>
         <run_address>0x6a58</run_address>
         <size>0xd8</size>
         <input_file_ref idref="fl-27"/>
      </object_component>
      <object_component id="oc-24e">
         <name>.const:g_ppui32GPIOIntMapBlizzard</name>
         <load_address>0x6b30</load_address>
         <run_address>0x6b30</run_address>
         <size>0xc0</size>
         <input_file_ref idref="fl-27"/>
      </object_component>
      <object_component id="oc-29c">
         <name>.const:g_pui32Regs</name>
         <load_address>0x6bf0</load_address>
         <run_address>0x6bf0</run_address>
         <size>0x9c</size>
         <input_file_ref idref="fl-2a"/>
      </object_component>
      <object_component id="oc-254">
         <name>.const:g_pui32GPIOBaseAddrs</name>
         <load_address>0x6c8c</load_address>
         <run_address>0x6c8c</run_address>
         <size>0x90</size>
         <input_file_ref idref="fl-27"/>
      </object_component>
      <object_component id="oc-1a5">
         <name>.const:g_pui32Xtals</name>
         <load_address>0x6d1c</load_address>
         <run_address>0x6d1c</run_address>
         <size>0x6c</size>
         <input_file_ref idref="fl-33"/>
      </object_component>
      <object_component id="oc-31b">
         <name>.const:g_ppui32I2CIntMapSnowflake</name>
         <load_address>0x6d88</load_address>
         <run_address>0x6d88</run_address>
         <size>0x50</size>
         <input_file_ref idref="fl-29"/>
      </object_component>
      <object_component id="oc-26d">
         <name>.const:g_ppui32UARTIntMap</name>
         <load_address>0x6dd8</load_address>
         <run_address>0x6dd8</run_address>
         <size>0x40</size>
         <input_file_ref idref="fl-37"/>
      </object_component>
      <object_component id="oc-270">
         <name>.const:g_ppui32UARTIntMapSnowflake</name>
         <load_address>0x6e18</load_address>
         <run_address>0x6e18</run_address>
         <size>0x40</size>
         <input_file_ref idref="fl-37"/>
      </object_component>
      <object_component id="oc-318">
         <name>.const:g_ppui32I2CIntMap</name>
         <load_address>0x6e58</load_address>
         <run_address>0x6e58</run_address>
         <size>0x30</size>
         <input_file_ref idref="fl-29"/>
      </object_component>
      <object_component id="oc-196">
         <name>.const:g_sXTALtoMEMTIM</name>
         <load_address>0x6e88</load_address>
         <run_address>0x6e88</run_address>
         <size>0x30</size>
         <input_file_ref idref="fl-33"/>
      </object_component>
      <object_component id="oc-259">
         <name>.const:g_ppui32SSIIntMap</name>
         <load_address>0x6eb8</load_address>
         <run_address>0x6eb8</run_address>
         <size>0x20</size>
         <input_file_ref idref="fl-31"/>
      </object_component>
      <object_component id="oc-25c">
         <name>.const:g_ppui32SSIIntMapSnowflake</name>
         <load_address>0x6ed8</load_address>
         <run_address>0x6ed8</run_address>
         <size>0x20</size>
         <input_file_ref idref="fl-31"/>
      </object_component>
      <object_component id="oc-299">
         <name>.const:g_pui32Priority</name>
         <load_address>0x6ef8</load_address>
         <run_address>0x6ef8</run_address>
         <size>0x20</size>
         <input_file_ref idref="fl-2a"/>
      </object_component>
      <object_component id="oc-2a2">
         <name>.const:g_pui32Dii16Regs</name>
         <load_address>0x6f18</load_address>
         <run_address>0x6f18</run_address>
         <size>0x14</size>
         <input_file_ref idref="fl-2a"/>
      </object_component>
      <object_component id="oc-29f">
         <name>.const:g_pui32EnRegs</name>
         <load_address>0x6f2c</load_address>
         <run_address>0x6f2c</run_address>
         <size>0x14</size>
         <input_file_ref idref="fl-2a"/>
      </object_component>
      <object_component id="oc-2a5">
         <name>.const:g_pui32PendRegs</name>
         <load_address>0x6f40</load_address>
         <run_address>0x6f40</run_address>
         <size>0x14</size>
         <input_file_ref idref="fl-2a"/>
      </object_component>
      <object_component id="oc-2a8">
         <name>.const:g_pui32UnpendRegs</name>
         <load_address>0x6f54</load_address>
         <run_address>0x6f54</run_address>
         <size>0x14</size>
         <input_file_ref idref="fl-2a"/>
      </object_component>
      <object_component id="oc-334">
         <name>.const:.string</name>
         <load_address>0x6f68</load_address>
         <run_address>0x6f68</run_address>
         <size>0x12</size>
         <input_file_ref idref="fl-38"/>
      </object_component>
      <object_component id="oc-27b">
         <name>.const:g_ui32UARTBase</name>
         <load_address>0x6f7c</load_address>
         <run_address>0x6f7c</run_address>
         <size>0xc</size>
         <input_file_ref idref="fl-38"/>
      </object_component>
      <object_component id="oc-275">
         <name>.const:g_ui32UARTPeriph</name>
         <load_address>0x6f88</load_address>
         <run_address>0x6f88</run_address>
         <size>0xc</size>
         <input_file_ref idref="fl-38"/>
      </object_component>
      <object_component id="oc-1a8">
         <name>.const:g_pui32VCOFrequencies</name>
         <load_address>0x6f94</load_address>
         <run_address>0x6f94</run_address>
         <size>0x8</size>
         <input_file_ref idref="fl-33"/>
      </object_component>
      <object_component id="oc-283">
         <name>.const</name>
         <load_address>0x6f9c</load_address>
         <run_address>0x6f9c</run_address>
         <size>0x4</size>
         <input_file_ref idref="fl-38"/>
      </object_component>
      <object_component id="oc-3c9">
         <name>.cinit..data.load</name>
         <load_address>0x6fa0</load_address>
         <run_address>0x6fa0</run_address>
         <size>0x2d</size>
      </object_component>
      <object_component id="oc-3c6">
         <name>__TI_handler_table</name>
         <load_address>0x6fd0</load_address>
         <run_address>0x6fd0</run_address>
         <size>0xc</size>
      </object_component>
      <object_component id="oc-3ca">
         <name>.cinit..bss.load</name>
         <load_address>0x6fe0</load_address>
         <run_address>0x6fe0</run_address>
         <size>0x8</size>
      </object_component>
      <object_component id="oc-3c8">
         <name>.cinit..vtable.load</name>
         <load_address>0x6fe8</load_address>
         <run_address>0x6fe8</run_address>
         <size>0x8</size>
      </object_component>
      <object_component id="oc-3c7">
         <name>__TI_cinit_table</name>
         <load_address>0x6ff0</load_address>
         <run_address>0x6ff0</run_address>
         <size>0x18</size>
      </object_component>
      <object_component id="oc-296">
         <name>.vtable</name>
         <uninitialized>true</uninitialized>
         <run_address>0x20000000</run_address>
         <size>0x26c</size>
         <input_file_ref idref="fl-2a"/>
      </object_component>
      <object_component id="oc-105">
         <name>.data</name>
         <load_address>0x2000769c</load_address>
         <run_address>0x2000769c</run_address>
         <size>0xc</size>
         <input_file_ref idref="fl-2"/>
      </object_component>
      <object_component id="oc-1de">
         <name>.data</name>
         <load_address>0x20007678</load_address>
         <run_address>0x20007678</run_address>
         <size>0x21</size>
         <input_file_ref idref="fl-3"/>
      </object_component>
      <object_component id="oc-278">
         <name>.data</name>
         <load_address>0x200076b0</load_address>
         <run_address>0x200076b0</run_address>
         <size>0x5</size>
         <input_file_ref idref="fl-38"/>
      </object_component>
      <object_component id="oc-2e3">
         <name>.data</name>
         <load_address>0x200076b8</load_address>
         <run_address>0x200076b8</run_address>
         <size>0x4</size>
         <input_file_ref idref="fl-10f"/>
      </object_component>
      <object_component id="oc-232">
         <name>.data:$O1$$</name>
         <load_address>0x200076a8</load_address>
         <run_address>0x200076a8</run_address>
         <size>0x8</size>
         <input_file_ref idref="fl-119"/>
      </object_component>
      <object_component id="oc-1d7">
         <name>.bss:FIFOs</name>
         <uninitialized>true</uninitialized>
         <run_address>0x20007184</run_address>
         <size>0x150</size>
         <input_file_ref idref="fl-6"/>
      </object_component>
      <object_component id="oc-1c9">
         <name>.bss:threadControlBlocks</name>
         <uninitialized>true</uninitialized>
         <run_address>0x20006fcc</run_address>
         <size>0x1b8</size>
         <input_file_ref idref="fl-7"/>
      </object_component>
      <object_component id="oc-1d3">
         <name>.bss:threadStacks</name>
         <uninitialized>true</uninitialized>
         <run_address>0x2000026c</run_address>
         <size>0x6d60</size>
         <input_file_ref idref="fl-7"/>
      </object_component>
      <object_component id="oc-1c1">
         <name>.bss:pthreadControlBlocks</name>
         <uninitialized>true</uninitialized>
         <run_address>0x200073f4</run_address>
         <size>0x48</size>
         <input_file_ref idref="fl-7"/>
      </object_component>
      <object_component id="oc-1cc">
         <name>.bss</name>
         <uninitialized>true</uninitialized>
         <run_address>0x2000743c</run_address>
         <size>0x8</size>
         <input_file_ref idref="fl-7"/>
      </object_component>
      <object_component id="oc-28d">
         <name>.bss:g_pui8OversampleFactor</name>
         <uninitialized>true</uninitialized>
         <run_address>0x20007444</run_address>
         <size>0x8</size>
         <input_file_ref idref="fl-1a"/>
      </object_component>
      <object_component id="oc-38c">
         <name>.bss:_CIOBUF_</name>
         <uninitialized>true</uninitialized>
         <run_address>0x200072d4</run_address>
         <size>0x120</size>
         <input_file_ref idref="fl-11c"/>
      </object_component>
      <object_component id="oc-1d0">
         <name>.common:IBit_State</name>
         <uninitialized>true</uninitialized>
         <run_address>0x20007458</run_address>
         <size>0x4</size>
      </object_component>
      <object_component id="oc-115">
         <name>.common:sem_I2CA</name>
         <uninitialized>true</uninitialized>
         <run_address>0x20007460</run_address>
         <size>0x4</size>
      </object_component>
      <object_component id="oc-117">
         <name>.common:sem_UART</name>
         <uninitialized>true</uninitialized>
         <run_address>0x20007474</run_address>
         <size>0x4</size>
      </object_component>
      <object_component id="oc-114">
         <name>.common:sem_Render</name>
         <uninitialized>true</uninitialized>
         <run_address>0x2000746c</run_address>
         <size>0x4</size>
      </object_component>
      <object_component id="oc-10e">
         <name>.common:sem_SPIA</name>
         <uninitialized>true</uninitialized>
         <run_address>0x20007470</run_address>
         <size>0x4</size>
      </object_component>
      <object_component id="oc-116">
         <name>.common:sem_PCA9555_Debounce</name>
         <uninitialized>true</uninitialized>
         <run_address>0x20007468</run_address>
         <size>0x4</size>
      </object_component>
      <object_component id="oc-113">
         <name>.common:sem_Joystick_Debounce</name>
         <uninitialized>true</uninitialized>
         <run_address>0x20007464</run_address>
         <size>0x4</size>
      </object_component>
      <object_component id="oc-1c0">
         <name>.common:SystemTime</name>
         <uninitialized>true</uninitialized>
         <run_address>0x2000745c</run_address>
         <size>0x4</size>
      </object_component>
      <object_component id="oc-1cf">
         <name>.common:CurrentlyRunningThread</name>
         <uninitialized>true</uninitialized>
         <run_address>0x20007454</run_address>
         <size>0x4</size>
      </object_component>
      <object_component id="oc-362">
         <name>.common:parmbuf</name>
         <uninitialized>true</uninitialized>
         <run_address>0x2000744c</run_address>
         <size>0x8</size>
      </object_component>
      <object_component id="oc-24">
         <name>.stack</name>
         <uninitialized>true</uninitialized>
         <run_address>0x20007478</run_address>
         <size>0x4</size>
         <input_file_ref idref="fl-110"/>
      </object_component>
      <object_component id="oc-3cc">
         <name>.stack</name>
         <uninitialized>true</uninitialized>
         <run_address>0x20007478</run_address>
         <size>0x0</size>
      </object_component>
      <object_component id="oc-b7">
         <name>.debug_info</name>
         <load_address>0x0</load_address>
         <run_address>0x0</run_address>
         <size>0x6dd</size>
         <input_file_ref idref="fl-2"/>
      </object_component>
      <object_component id="oc-106">
         <name>.debug_info</name>
         <load_address>0x6dd</load_address>
         <run_address>0x6dd</run_address>
         <size>0xfc</size>
         <input_file_ref idref="fl-2"/>
      </object_component>
      <object_component id="oc-9c">
         <name>.debug_info</name>
         <load_address>0x7d9</load_address>
         <run_address>0x7d9</run_address>
         <size>0x3cf</size>
         <input_file_ref idref="fl-2"/>
      </object_component>
      <object_component id="oc-15e">
         <name>.debug_info</name>
         <load_address>0xba8</load_address>
         <run_address>0xba8</run_address>
         <size>0x7e</size>
         <input_file_ref idref="fl-2"/>
      </object_component>
      <object_component id="oc-70">
         <name>.debug_info</name>
         <load_address>0xc26</load_address>
         <run_address>0xc26</run_address>
         <size>0x26b</size>
         <input_file_ref idref="fl-2"/>
      </object_component>
      <object_component id="oc-b2">
         <name>.debug_info</name>
         <load_address>0xe91</load_address>
         <run_address>0xe91</run_address>
         <size>0x8b</size>
         <input_file_ref idref="fl-2"/>
      </object_component>
      <object_component id="oc-ad">
         <name>.debug_info</name>
         <load_address>0xf1c</load_address>
         <run_address>0xf1c</run_address>
         <size>0x2a4</size>
         <input_file_ref idref="fl-2"/>
      </object_component>
      <object_component id="oc-1af">
         <name>.debug_info</name>
         <load_address>0x11c0</load_address>
         <run_address>0x11c0</run_address>
         <size>0xef</size>
         <input_file_ref idref="fl-2"/>
      </object_component>
      <object_component id="oc-75">
         <name>.debug_info</name>
         <load_address>0x12af</load_address>
         <run_address>0x12af</run_address>
         <size>0xbb</size>
         <input_file_ref idref="fl-2"/>
      </object_component>
      <object_component id="oc-159">
         <name>.debug_info</name>
         <load_address>0x136a</load_address>
         <run_address>0x136a</run_address>
         <size>0x2c</size>
         <input_file_ref idref="fl-2"/>
      </object_component>
      <object_component id="oc-163">
         <name>.debug_info</name>
         <load_address>0x1396</load_address>
         <run_address>0x1396</run_address>
         <size>0x1a2</size>
         <input_file_ref idref="fl-2"/>
      </object_component>
      <object_component id="oc-288">
         <name>.debug_info</name>
         <load_address>0x1538</load_address>
         <run_address>0x1538</run_address>
         <size>0x2c</size>
         <input_file_ref idref="fl-2"/>
      </object_component>
      <object_component id="oc-10f">
         <name>.debug_info</name>
         <load_address>0x1564</load_address>
         <run_address>0x1564</run_address>
         <size>0x5d3</size>
         <input_file_ref idref="fl-3"/>
      </object_component>
      <object_component id="oc-1df">
         <name>.debug_info</name>
         <load_address>0x1b37</load_address>
         <run_address>0x1b37</run_address>
         <size>0x471</size>
         <input_file_ref idref="fl-3"/>
      </object_component>
      <object_component id="oc-109">
         <name>.debug_info</name>
         <load_address>0x1fa8</load_address>
         <run_address>0x1fa8</run_address>
         <size>0x8ce</size>
         <input_file_ref idref="fl-3"/>
      </object_component>
      <object_component id="oc-220">
         <name>.debug_info</name>
         <load_address>0x2876</load_address>
         <run_address>0x2876</run_address>
         <size>0x189</size>
         <input_file_ref idref="fl-3"/>
      </object_component>
      <object_component id="oc-227">
         <name>.debug_info</name>
         <load_address>0x29ff</load_address>
         <run_address>0x29ff</run_address>
         <size>0x35</size>
         <input_file_ref idref="fl-3"/>
      </object_component>
      <object_component id="oc-2f">
         <name>.debug_info</name>
         <load_address>0x2a34</load_address>
         <run_address>0x2a34</run_address>
         <size>0x16d</size>
         <input_file_ref idref="fl-4"/>
      </object_component>
      <object_component id="oc-13">
         <name>.debug_info</name>
         <load_address>0x2ba1</load_address>
         <run_address>0x2ba1</run_address>
         <size>0xda</size>
         <input_file_ref idref="fl-4"/>
      </object_component>
      <object_component id="oc-28">
         <name>.debug_info</name>
         <load_address>0x2c7b</load_address>
         <run_address>0x2c7b</run_address>
         <size>0x256</size>
         <input_file_ref idref="fl-4"/>
      </object_component>
      <object_component id="oc-36">
         <name>.debug_info</name>
         <load_address>0x2ed1</load_address>
         <run_address>0x2ed1</run_address>
         <size>0x84</size>
         <input_file_ref idref="fl-4"/>
      </object_component>
      <object_component id="oc-1c5">
         <name>.debug_info</name>
         <load_address>0x2f55</load_address>
         <run_address>0x2f55</run_address>
         <size>0x13a</size>
         <input_file_ref idref="fl-5"/>
      </object_component>
      <object_component id="oc-2ca">
         <name>.debug_info</name>
         <load_address>0x308f</load_address>
         <run_address>0x308f</run_address>
         <size>0x20c</size>
         <input_file_ref idref="fl-6"/>
      </object_component>
      <object_component id="oc-1d8">
         <name>.debug_info</name>
         <load_address>0x329b</load_address>
         <run_address>0x329b</run_address>
         <size>0xc8</size>
         <input_file_ref idref="fl-6"/>
      </object_component>
      <object_component id="oc-fa">
         <name>.debug_info</name>
         <load_address>0x3363</load_address>
         <run_address>0x3363</run_address>
         <size>0x3a7</size>
         <input_file_ref idref="fl-6"/>
      </object_component>
      <object_component id="oc-351">
         <name>.debug_info</name>
         <load_address>0x370a</load_address>
         <run_address>0x370a</run_address>
         <size>0xb2</size>
         <input_file_ref idref="fl-6"/>
      </object_component>
      <object_component id="oc-111">
         <name>.debug_info</name>
         <load_address>0x37bc</load_address>
         <run_address>0x37bc</run_address>
         <size>0x5cd</size>
         <input_file_ref idref="fl-7"/>
      </object_component>
      <object_component id="oc-1ca">
         <name>.debug_info</name>
         <load_address>0x3d89</load_address>
         <run_address>0x3d89</run_address>
         <size>0xea</size>
         <input_file_ref idref="fl-7"/>
      </object_component>
      <object_component id="oc-1d4">
         <name>.debug_info</name>
         <load_address>0x3e73</load_address>
         <run_address>0x3e73</run_address>
         <size>0xdc</size>
         <input_file_ref idref="fl-7"/>
      </object_component>
      <object_component id="oc-1c2">
         <name>.debug_info</name>
         <load_address>0x3f4f</load_address>
         <run_address>0x3f4f</run_address>
         <size>0xec</size>
         <input_file_ref idref="fl-7"/>
      </object_component>
      <object_component id="oc-1cd">
         <name>.debug_info</name>
         <load_address>0x403b</load_address>
         <run_address>0x403b</run_address>
         <size>0x112</size>
         <input_file_ref idref="fl-7"/>
      </object_component>
      <object_component id="oc-f4">
         <name>.debug_info</name>
         <load_address>0x414d</load_address>
         <run_address>0x414d</run_address>
         <size>0xf23</size>
         <input_file_ref idref="fl-7"/>
      </object_component>
      <object_component id="oc-1bc">
         <name>.debug_info</name>
         <load_address>0x5070</load_address>
         <run_address>0x5070</run_address>
         <size>0x136</size>
         <input_file_ref idref="fl-8"/>
      </object_component>
      <object_component id="oc-1d1">
         <name>.debug_info</name>
         <load_address>0x51a6</load_address>
         <run_address>0x51a6</run_address>
         <size>0x22e</size>
         <input_file_ref idref="fl-9"/>
      </object_component>
      <object_component id="oc-100">
         <name>.debug_info</name>
         <load_address>0x53d4</load_address>
         <run_address>0x53d4</run_address>
         <size>0x391</size>
         <input_file_ref idref="fl-9"/>
      </object_component>
      <object_component id="oc-17f">
         <name>.debug_info</name>
         <load_address>0x5765</load_address>
         <run_address>0x5765</run_address>
         <size>0x2cd</size>
         <input_file_ref idref="fl-f"/>
      </object_component>
      <object_component id="oc-d6">
         <name>.debug_info</name>
         <load_address>0x5a32</load_address>
         <run_address>0x5a32</run_address>
         <size>0x119a</size>
         <input_file_ref idref="fl-f"/>
      </object_component>
      <object_component id="oc-d0">
         <name>.debug_info</name>
         <load_address>0x6bcc</load_address>
         <run_address>0x6bcc</run_address>
         <size>0x1821</size>
         <input_file_ref idref="fl-14"/>
      </object_component>
      <object_component id="oc-dc">
         <name>.debug_info</name>
         <load_address>0x83ed</load_address>
         <run_address>0x83ed</run_address>
         <size>0x2b3</size>
         <input_file_ref idref="fl-15"/>
      </object_component>
      <object_component id="oc-26a">
         <name>.debug_info</name>
         <load_address>0x86a0</load_address>
         <run_address>0x86a0</run_address>
         <size>0x42c</size>
         <input_file_ref idref="fl-16"/>
      </object_component>
      <object_component id="oc-179">
         <name>.debug_info</name>
         <load_address>0x8acc</load_address>
         <run_address>0x8acc</run_address>
         <size>0xaf6</size>
         <input_file_ref idref="fl-16"/>
      </object_component>
      <object_component id="oc-195">
         <name>.debug_info</name>
         <load_address>0x95c2</load_address>
         <run_address>0x95c2</run_address>
         <size>0x517</size>
         <input_file_ref idref="fl-17"/>
      </object_component>
      <object_component id="oc-e8">
         <name>.debug_info</name>
         <load_address>0x9ad9</load_address>
         <run_address>0x9ad9</run_address>
         <size>0x6c3</size>
         <input_file_ref idref="fl-17"/>
      </object_component>
      <object_component id="oc-175">
         <name>.debug_info</name>
         <load_address>0xa19c</load_address>
         <run_address>0xa19c</run_address>
         <size>0x356</size>
         <input_file_ref idref="fl-18"/>
      </object_component>
      <object_component id="oc-ca">
         <name>.debug_info</name>
         <load_address>0xa4f2</load_address>
         <run_address>0xa4f2</run_address>
         <size>0x6d8</size>
         <input_file_ref idref="fl-18"/>
      </object_component>
      <object_component id="oc-e2">
         <name>.debug_info</name>
         <load_address>0xabca</load_address>
         <run_address>0xabca</run_address>
         <size>0x21b</size>
         <input_file_ref idref="fl-19"/>
      </object_component>
      <object_component id="oc-291">
         <name>.debug_info</name>
         <load_address>0xade5</load_address>
         <run_address>0xade5</run_address>
         <size>0x1f3</size>
         <input_file_ref idref="fl-1a"/>
      </object_component>
      <object_component id="oc-28e">
         <name>.debug_info</name>
         <load_address>0xafd8</load_address>
         <run_address>0xafd8</run_address>
         <size>0xe2</size>
         <input_file_ref idref="fl-1a"/>
      </object_component>
      <object_component id="oc-18f">
         <name>.debug_info</name>
         <load_address>0xb0ba</load_address>
         <run_address>0xb0ba</run_address>
         <size>0x2b36</size>
         <input_file_ref idref="fl-1a"/>
      </object_component>
      <object_component id="oc-1a0">
         <name>.debug_info</name>
         <load_address>0xdbf0</load_address>
         <run_address>0xdbf0</run_address>
         <size>0x327</size>
         <input_file_ref idref="fl-1e"/>
      </object_component>
      <object_component id="oc-258">
         <name>.debug_info</name>
         <load_address>0xdf17</load_address>
         <run_address>0xdf17</run_address>
         <size>0x21d</size>
         <input_file_ref idref="fl-27"/>
      </object_component>
      <object_component id="oc-24f">
         <name>.debug_info</name>
         <load_address>0xe134</load_address>
         <run_address>0xe134</run_address>
         <size>0xeb</size>
         <input_file_ref idref="fl-27"/>
      </object_component>
      <object_component id="oc-252">
         <name>.debug_info</name>
         <load_address>0xe21f</load_address>
         <run_address>0xe21f</run_address>
         <size>0xed</size>
         <input_file_ref idref="fl-27"/>
      </object_component>
      <object_component id="oc-255">
         <name>.debug_info</name>
         <load_address>0xe30c</load_address>
         <run_address>0xe30c</run_address>
         <size>0xdf</size>
         <input_file_ref idref="fl-27"/>
      </object_component>
      <object_component id="oc-169">
         <name>.debug_info</name>
         <load_address>0xe3eb</load_address>
         <run_address>0xe3eb</run_address>
         <size>0x31d4</size>
         <input_file_ref idref="fl-27"/>
      </object_component>
      <object_component id="oc-31f">
         <name>.debug_info</name>
         <load_address>0x115bf</load_address>
         <run_address>0x115bf</run_address>
         <size>0x20e</size>
         <input_file_ref idref="fl-29"/>
      </object_component>
      <object_component id="oc-319">
         <name>.debug_info</name>
         <load_address>0x117cd</load_address>
         <run_address>0x117cd</run_address>
         <size>0xd8</size>
         <input_file_ref idref="fl-29"/>
      </object_component>
      <object_component id="oc-31c">
         <name>.debug_info</name>
         <load_address>0x118a5</load_address>
         <run_address>0x118a5</run_address>
         <size>0xea</size>
         <input_file_ref idref="fl-29"/>
      </object_component>
      <object_component id="oc-264">
         <name>.debug_info</name>
         <load_address>0x1198f</load_address>
         <run_address>0x1198f</run_address>
         <size>0x2b44</size>
         <input_file_ref idref="fl-29"/>
      </object_component>
      <object_component id="oc-2ac">
         <name>.debug_info</name>
         <load_address>0x144d3</load_address>
         <run_address>0x144d3</run_address>
         <size>0x1fa</size>
         <input_file_ref idref="fl-2a"/>
      </object_component>
      <object_component id="oc-29a">
         <name>.debug_info</name>
         <load_address>0x146cd</load_address>
         <run_address>0x146cd</run_address>
         <size>0xda</size>
         <input_file_ref idref="fl-2a"/>
      </object_component>
      <object_component id="oc-29d">
         <name>.debug_info</name>
         <load_address>0x147a7</load_address>
         <run_address>0x147a7</run_address>
         <size>0xd2</size>
         <input_file_ref idref="fl-2a"/>
      </object_component>
      <object_component id="oc-2a0">
         <name>.debug_info</name>
         <load_address>0x14879</load_address>
         <run_address>0x14879</run_address>
         <size>0xd6</size>
         <input_file_ref idref="fl-2a"/>
      </object_component>
      <object_component id="oc-2a3">
         <name>.debug_info</name>
         <load_address>0x1494f</load_address>
         <run_address>0x1494f</run_address>
         <size>0xdc</size>
         <input_file_ref idref="fl-2a"/>
      </object_component>
      <object_component id="oc-2a6">
         <name>.debug_info</name>
         <load_address>0x14a2b</load_address>
         <run_address>0x14a2b</run_address>
         <size>0xda</size>
         <input_file_ref idref="fl-2a"/>
      </object_component>
      <object_component id="oc-2a9">
         <name>.debug_info</name>
         <load_address>0x14b05</load_address>
         <run_address>0x14b05</run_address>
         <size>0xde</size>
         <input_file_ref idref="fl-2a"/>
      </object_component>
      <object_component id="oc-297">
         <name>.debug_info</name>
         <load_address>0x14be3</load_address>
         <run_address>0x14be3</run_address>
         <size>0xdb</size>
         <input_file_ref idref="fl-2a"/>
      </object_component>
      <object_component id="oc-19a">
         <name>.debug_info</name>
         <load_address>0x14cbe</load_address>
         <run_address>0x14cbe</run_address>
         <size>0xcdb</size>
         <input_file_ref idref="fl-2a"/>
      </object_component>
      <object_component id="oc-260">
         <name>.debug_info</name>
         <load_address>0x15999</load_address>
         <run_address>0x15999</run_address>
         <size>0x1fe</size>
         <input_file_ref idref="fl-31"/>
      </object_component>
      <object_component id="oc-25a">
         <name>.debug_info</name>
         <load_address>0x15b97</load_address>
         <run_address>0x15b97</run_address>
         <size>0xd8</size>
         <input_file_ref idref="fl-31"/>
      </object_component>
      <object_component id="oc-25d">
         <name>.debug_info</name>
         <load_address>0x15c6f</load_address>
         <run_address>0x15c6f</run_address>
         <size>0xea</size>
         <input_file_ref idref="fl-31"/>
      </object_component>
      <object_component id="oc-16f">
         <name>.debug_info</name>
         <load_address>0x15d59</load_address>
         <run_address>0x15d59</run_address>
         <size>0x1653</size>
         <input_file_ref idref="fl-31"/>
      </object_component>
      <object_component id="oc-1b4">
         <name>.debug_info</name>
         <load_address>0x173ac</load_address>
         <run_address>0x173ac</run_address>
         <size>0x27f</size>
         <input_file_ref idref="fl-33"/>
      </object_component>
      <object_component id="oc-1a6">
         <name>.debug_info</name>
         <load_address>0x1762b</load_address>
         <run_address>0x1762b</run_address>
         <size>0xd1</size>
         <input_file_ref idref="fl-33"/>
      </object_component>
      <object_component id="oc-1ac">
         <name>.debug_info</name>
         <load_address>0x176fc</load_address>
         <run_address>0x176fc</run_address>
         <size>0xdd</size>
         <input_file_ref idref="fl-33"/>
      </object_component>
      <object_component id="oc-197">
         <name>.debug_info</name>
         <load_address>0x177d9</load_address>
         <run_address>0x177d9</run_address>
         <size>0xd7</size>
         <input_file_ref idref="fl-33"/>
      </object_component>
      <object_component id="oc-1a9">
         <name>.debug_info</name>
         <load_address>0x178b0</load_address>
         <run_address>0x178b0</run_address>
         <size>0xe4</size>
         <input_file_ref idref="fl-33"/>
      </object_component>
      <object_component id="oc-ee">
         <name>.debug_info</name>
         <load_address>0x17994</load_address>
         <run_address>0x17994</run_address>
         <size>0x2b21</size>
         <input_file_ref idref="fl-33"/>
      </object_component>
      <object_component id="oc-2b6">
         <name>.debug_info</name>
         <load_address>0x1a4b5</load_address>
         <run_address>0x1a4b5</run_address>
         <size>0x51</size>
         <input_file_ref idref="fl-33"/>
      </object_component>
      <object_component id="oc-2bb">
         <name>.debug_info</name>
         <load_address>0x1a506</load_address>
         <run_address>0x1a506</run_address>
         <size>0x189</size>
         <input_file_ref idref="fl-35"/>
      </object_component>
      <object_component id="oc-1b6">
         <name>.debug_info</name>
         <load_address>0x1a68f</load_address>
         <run_address>0x1a68f</run_address>
         <size>0x530</size>
         <input_file_ref idref="fl-35"/>
      </object_component>
      <object_component id="oc-274">
         <name>.debug_info</name>
         <load_address>0x1abbf</load_address>
         <run_address>0x1abbf</run_address>
         <size>0x1ff</size>
         <input_file_ref idref="fl-37"/>
      </object_component>
      <object_component id="oc-26e">
         <name>.debug_info</name>
         <load_address>0x1adbe</load_address>
         <run_address>0x1adbe</run_address>
         <size>0xdb</size>
         <input_file_ref idref="fl-37"/>
      </object_component>
      <object_component id="oc-271">
         <name>.debug_info</name>
         <load_address>0x1ae99</load_address>
         <run_address>0x1ae99</run_address>
         <size>0xed</size>
         <input_file_ref idref="fl-37"/>
      </object_component>
      <object_component id="oc-182">
         <name>.debug_info</name>
         <load_address>0x1af86</load_address>
         <run_address>0x1af86</run_address>
         <size>0x26ed</size>
         <input_file_ref idref="fl-37"/>
      </object_component>
      <object_component id="oc-287">
         <name>.debug_info</name>
         <load_address>0x1d673</load_address>
         <run_address>0x1d673</run_address>
         <size>0x2ab</size>
         <input_file_ref idref="fl-38"/>
      </object_component>
      <object_component id="oc-279">
         <name>.debug_info</name>
         <load_address>0x1d91e</load_address>
         <run_address>0x1d91e</run_address>
         <size>0xd0</size>
         <input_file_ref idref="fl-38"/>
      </object_component>
      <object_component id="oc-284">
         <name>.debug_info</name>
         <load_address>0x1d9ee</load_address>
         <run_address>0x1d9ee</run_address>
         <size>0xca</size>
         <input_file_ref idref="fl-38"/>
      </object_component>
      <object_component id="oc-27c">
         <name>.debug_info</name>
         <load_address>0x1dab8</load_address>
         <run_address>0x1dab8</run_address>
         <size>0xd8</size>
         <input_file_ref idref="fl-38"/>
      </object_component>
      <object_component id="oc-276">
         <name>.debug_info</name>
         <load_address>0x1db90</load_address>
         <run_address>0x1db90</run_address>
         <size>0xdc</size>
         <input_file_ref idref="fl-38"/>
      </object_component>
      <object_component id="oc-188">
         <name>.debug_info</name>
         <load_address>0x1dc6c</load_address>
         <run_address>0x1dc6c</run_address>
         <size>0x7f1</size>
         <input_file_ref idref="fl-38"/>
      </object_component>
      <object_component id="oc-1f7">
         <name>.debug_info</name>
         <load_address>0x1e45d</load_address>
         <run_address>0x1e45d</run_address>
         <size>0x128</size>
         <input_file_ref idref="fl-fd"/>
      </object_component>
      <object_component id="oc-1fb">
         <name>.debug_info</name>
         <load_address>0x1e585</load_address>
         <run_address>0x1e585</run_address>
         <size>0x12a</size>
         <input_file_ref idref="fl-fd"/>
      </object_component>
      <object_component id="oc-1e7">
         <name>.debug_info</name>
         <load_address>0x1e6af</load_address>
         <run_address>0x1e6af</run_address>
         <size>0x140</size>
         <input_file_ref idref="fl-100"/>
      </object_component>
      <object_component id="oc-20a">
         <name>.debug_info</name>
         <load_address>0x1e7ef</load_address>
         <run_address>0x1e7ef</run_address>
         <size>0x14c</size>
         <input_file_ref idref="fl-101"/>
      </object_component>
      <object_component id="oc-205">
         <name>.debug_info</name>
         <load_address>0x1e93b</load_address>
         <run_address>0x1e93b</run_address>
         <size>0x14e</size>
         <input_file_ref idref="fl-101"/>
      </object_component>
      <object_component id="oc-1ec">
         <name>.debug_info</name>
         <load_address>0x1ea89</load_address>
         <run_address>0x1ea89</run_address>
         <size>0x13a</size>
         <input_file_ref idref="fl-102"/>
      </object_component>
      <object_component id="oc-200">
         <name>.debug_info</name>
         <load_address>0x1ebc3</load_address>
         <run_address>0x1ebc3</run_address>
         <size>0x13a</size>
         <input_file_ref idref="fl-103"/>
      </object_component>
      <object_component id="oc-1f1">
         <name>.debug_info</name>
         <load_address>0x1ecfd</load_address>
         <run_address>0x1ecfd</run_address>
         <size>0x12c</size>
         <input_file_ref idref="fl-104"/>
      </object_component>
      <object_component id="oc-21b">
         <name>.debug_info</name>
         <load_address>0x1ee29</load_address>
         <run_address>0x1ee29</run_address>
         <size>0x12e</size>
         <input_file_ref idref="fl-105"/>
      </object_component>
      <object_component id="oc-1e2">
         <name>.debug_info</name>
         <load_address>0x1ef57</load_address>
         <run_address>0x1ef57</run_address>
         <size>0x12b</size>
         <input_file_ref idref="fl-109"/>
      </object_component>
      <object_component id="oc-90">
         <name>.debug_info</name>
         <load_address>0x1f082</load_address>
         <run_address>0x1f082</run_address>
         <size>0x147</size>
         <input_file_ref idref="fl-10a"/>
      </object_component>
      <object_component id="oc-27f">
         <name>.debug_info</name>
         <load_address>0x1f1c9</load_address>
         <run_address>0x1f1c9</run_address>
         <size>0x142</size>
         <input_file_ref idref="fl-10b"/>
      </object_component>
      <object_component id="oc-8e">
         <name>.debug_info</name>
         <load_address>0x1f30b</load_address>
         <run_address>0x1f30b</run_address>
         <size>0x1a6</size>
         <input_file_ref idref="fl-10c"/>
      </object_component>
      <object_component id="oc-4e">
         <name>.debug_info</name>
         <load_address>0x1f4b1</load_address>
         <run_address>0x1f4b1</run_address>
         <size>0x1b5</size>
         <input_file_ref idref="fl-10c"/>
      </object_component>
      <object_component id="oc-89">
         <name>.debug_info</name>
         <load_address>0x1f666</load_address>
         <run_address>0x1f666</run_address>
         <size>0x46</size>
         <input_file_ref idref="fl-10c"/>
      </object_component>
      <object_component id="oc-c0">
         <name>.debug_info</name>
         <load_address>0x1f6ac</load_address>
         <run_address>0x1f6ac</run_address>
         <size>0x2c</size>
         <input_file_ref idref="fl-10c"/>
      </object_component>
      <object_component id="oc-46">
         <name>.debug_info</name>
         <load_address>0x1f6d8</load_address>
         <run_address>0x1f6d8</run_address>
         <size>0x17a</size>
         <input_file_ref idref="fl-10d"/>
      </object_component>
      <object_component id="oc-1c">
         <name>.debug_info</name>
         <load_address>0x1f852</load_address>
         <run_address>0x1f852</run_address>
         <size>0x1ea</size>
         <input_file_ref idref="fl-10d"/>
      </object_component>
      <object_component id="oc-41">
         <name>.debug_info</name>
         <load_address>0x1fa3c</load_address>
         <run_address>0x1fa3c</run_address>
         <size>0x46</size>
         <input_file_ref idref="fl-10d"/>
      </object_component>
      <object_component id="oc-81">
         <name>.debug_info</name>
         <load_address>0x1fa82</load_address>
         <run_address>0x1fa82</run_address>
         <size>0x2c</size>
         <input_file_ref idref="fl-10d"/>
      </object_component>
      <object_component id="oc-7f">
         <name>.debug_info</name>
         <load_address>0x1faae</load_address>
         <run_address>0x1faae</run_address>
         <size>0x170</size>
         <input_file_ref idref="fl-10e"/>
      </object_component>
      <object_component id="oc-16">
         <name>.debug_info</name>
         <load_address>0x1fc1e</load_address>
         <run_address>0x1fc1e</run_address>
         <size>0x250</size>
         <input_file_ref idref="fl-10e"/>
      </object_component>
      <object_component id="oc-31">
         <name>.debug_info</name>
         <load_address>0x1fe6e</load_address>
         <run_address>0x1fe6e</run_address>
         <size>0x60</size>
         <input_file_ref idref="fl-10e"/>
      </object_component>
      <object_component id="oc-b9">
         <name>.debug_info</name>
         <load_address>0x1fece</load_address>
         <run_address>0x1fece</run_address>
         <size>0x46</size>
         <input_file_ref idref="fl-10e"/>
      </object_component>
      <object_component id="oc-7a">
         <name>.debug_info</name>
         <load_address>0x1ff14</load_address>
         <run_address>0x1ff14</run_address>
         <size>0x39</size>
         <input_file_ref idref="fl-10e"/>
      </object_component>
      <object_component id="oc-2e7">
         <name>.debug_info</name>
         <load_address>0x1ff4d</load_address>
         <run_address>0x1ff4d</run_address>
         <size>0x18c</size>
         <input_file_ref idref="fl-10f"/>
      </object_component>
      <object_component id="oc-2e4">
         <name>.debug_info</name>
         <load_address>0x200d9</load_address>
         <run_address>0x200d9</run_address>
         <size>0xfb</size>
         <input_file_ref idref="fl-10f"/>
      </object_component>
      <object_component id="oc-215">
         <name>.debug_info</name>
         <load_address>0x201d4</load_address>
         <run_address>0x201d4</run_address>
         <size>0x15d</size>
         <input_file_ref idref="fl-10f"/>
      </object_component>
      <object_component id="oc-25">
         <name>.debug_info</name>
         <load_address>0x20331</load_address>
         <run_address>0x20331</run_address>
         <size>0x10b</size>
         <input_file_ref idref="fl-110"/>
      </object_component>
      <object_component id="oc-5a">
         <name>.debug_info</name>
         <load_address>0x2043c</load_address>
         <run_address>0x2043c</run_address>
         <size>0x1a9</size>
         <input_file_ref idref="fl-110"/>
      </object_component>
      <object_component id="oc-2e2">
         <name>.debug_info</name>
         <load_address>0x205e5</load_address>
         <run_address>0x205e5</run_address>
         <size>0x176</size>
         <input_file_ref idref="fl-111"/>
      </object_component>
      <object_component id="oc-20f">
         <name>.debug_info</name>
         <load_address>0x2075b</load_address>
         <run_address>0x2075b</run_address>
         <size>0x181</size>
         <input_file_ref idref="fl-111"/>
      </object_component>
      <object_component id="oc-36b">
         <name>.debug_info</name>
         <load_address>0x208dc</load_address>
         <run_address>0x208dc</run_address>
         <size>0x39</size>
         <input_file_ref idref="fl-111"/>
      </object_component>
      <object_component id="oc-2dd">
         <name>.debug_info</name>
         <load_address>0x20915</load_address>
         <run_address>0x20915</run_address>
         <size>0x39</size>
[...]
      </symbol>
      <symbol id="sm-84a">
         <name>SysCtlPeripheralDisable</name>
         <value>0x555</value>
         <object_component_ref idref="oc-ed"/>
      </symbol>
      <symbol id="sm-84b">
         <name>SysCtlPWMClockSet</name>
         <value>0x1007</value>
         <object_component_ref idref="oc-ed"/>
      </symbol>
      <symbol id="sm-84c">
         <name>SysCtlUSBPLLEnable</name>
         <value>0x106f</value>
         <object_component_ref idref="oc-ed"/>
      </symbol>
      <symbol id="sm-84d">
         <name>SysCtlPeripheralSleepEnable</name>
         <value>0x59d</value>
         <object_component_ref idref="oc-ed"/>
      </symbol>
      <symbol id="sm-84e">
         <name>SysCtlIntUnregister</name>
         <value>0x731</value>
         <object_component_ref idref="oc-ed"/>
      </symbol>
      <symbol id="sm-84f">
         <name>SysCtlUSBPLLDisable</name>
         <value>0x107b</value>
         <object_component_ref idref="oc-ed"/>
      </symbol>
      <symbol id="sm-850">
         <name>SysCtlPeripheralReady</name>
         <value>0x3c9</value>
         <object_component_ref idref="oc-ed"/>
      </symbol>
      <symbol id="sm-851">
         <name>SysCtlPIOSCCalibrate</name>
         <value>0x845</value>
         <object_component_ref idref="oc-ed"/>
      </symbol>
      <symbol id="sm-852">
         <name>SysCtlResetCauseClear</name>
         <value>0x81b</value>
         <object_component_ref idref="oc-ed"/>
      </symbol>
      <symbol id="sm-853">
         <name>SysCtlLDOSleepGet</name>
         <value>0x7a9</value>
         <object_component_ref idref="oc-ed"/>
      </symbol>
      <symbol id="sm-854">
         <name>SysCtlClockFreqSet</name>
         <value>0x8f5</value>
         <object_component_ref idref="oc-ed"/>
      </symbol>
      <symbol id="sm-855">
         <name>SysCtlPeripheralReset</name>
         <value>0x489</value>
         <object_component_ref idref="oc-ed"/>
      </symbol>
      <symbol id="sm-86f">
         <name>SysTickIntDisable</name>
         <value>0x61a9</value>
         <object_component_ref idref="oc-1b5"/>
      </symbol>
      <symbol id="sm-870">
         <name>SysTickEnable</name>
         <value>0x6159</value>
         <object_component_ref idref="oc-1b5"/>
      </symbol>
      <symbol id="sm-871">
         <name>SysTickPeriodGet</name>
         <value>0x61c7</value>
         <object_component_ref idref="oc-1b5"/>
      </symbol>
      <symbol id="sm-872">
         <name>SysTickIntRegister</name>
         <value>0x6171</value>
         <object_component_ref idref="oc-1b5"/>
      </symbol>
      <symbol id="sm-873">
         <name>SysTickIntEnable</name>
         <value>0x619d</value>
         <object_component_ref idref="oc-1b5"/>
      </symbol>
      <symbol id="sm-874">
         <name>SysTickValueGet</name>
         <value>0x61cf</value>
         <object_component_ref idref="oc-1b5"/>
      </symbol>
      <symbol id="sm-875">
         <name>SysTickIntUnregister</name>
         <value>0x6189</value>
         <object_component_ref idref="oc-1b5"/>
      </symbol>
      <symbol id="sm-876">
         <name>SysTickPeriodSet</name>
         <value>0x61b5</value>
         <object_component_ref idref="oc-1b5"/>
      </symbol>
      <symbol id="sm-877">
         <name>SysTickDisable</name>
         <value>0x6165</value>
         <object_component_ref idref="oc-1b5"/>
      </symbol>
      <symbol id="sm-8eb">
         <name>UARTClockSourceGet</name>
         <value>0x41c3</value>
         <object_component_ref idref="oc-181"/>
      </symbol>
      <symbol id="sm-8ec">
         <name>UARTCharPutNonBlocking</name>
         <value>0x4035</value>
         <object_component_ref idref="oc-181"/>
      </symbol>
      <symbol id="sm-8ed">
         <name>UARTDMAEnable</name>
         <value>0x415d</value>
         <object_component_ref idref="oc-181"/>
      </symbol>
      <symbol id="sm-8ee">
         <name>UARTTxIntModeSet</name>
         <value>0x3f99</value>
         <object_component_ref idref="oc-181"/>
      </symbol>
      <symbol id="sm-8ef">
         <name>UARTFIFODisable</name>
         <value>0x3e47</value>
         <object_component_ref idref="oc-181"/>
      </symbol>
      <symbol id="sm-8f0">
         <name>UARTIntUnregister</name>
         <value>0x40dd</value>
         <object_component_ref idref="oc-181"/>
      </symbol>
      <symbol id="sm-8f1">
         <name>UARTRxErrorClear</name>
         <value>0x419f</value>
         <object_component_ref idref="oc-181"/>
      </symbol>
      <symbol id="sm-8f2">
         <name>UARTModemControlSet</name>
         <value>0x3ee9</value>
         <object_component_ref idref="oc-181"/>
      </symbol>
      <symbol id="sm-8f3">
         <name>UARTFlowControlSet</name>
         <value>0x3f6b</value>
         <object_component_ref idref="oc-181"/>
      </symbol>
      <symbol id="sm-8f4">
         <name>UARTConfigSetExpClk</name>
         <value>0x3d21</value>
         <object_component_ref idref="oc-181"/>
      </symbol>
      <symbol id="sm-8f5">
         <name>UARTSmartCardDisable</name>
         <value>0x3ed3</value>
         <object_component_ref idref="oc-181"/>
      </symbol>
      <symbol id="sm-8f6">
         <name>UARTDisable</name>
         <value>0x3e07</value>
         <object_component_ref idref="oc-181"/>
      </symbol>
      <symbol id="sm-8f7">
         <name>UART9BitDisable</name>
         <value>0x41e9</value>
         <object_component_ref idref="oc-181"/>
      </symbol>
      <symbol id="sm-8f8">
         <name>UARTFIFOLevelGet</name>
         <value>0x3cf9</value>
         <object_component_ref idref="oc-181"/>
      </symbol>
      <symbol id="sm-8f9">
         <name>UARTBusy</name>
         <value>0x40a1</value>
         <object_component_ref idref="oc-181"/>
      </symbol>
      <symbol id="sm-8fa">
         <name>UARTDisableSIR</name>
         <value>0x3e8b</value>
         <object_component_ref idref="oc-181"/>
      </symbol>
      <symbol id="sm-8fb">
         <name>UARTLoopbackEnable</name>
         <value>0x426d</value>
         <object_component_ref idref="oc-181"/>
      </symbol>
      <symbol id="sm-8fc">
         <name>UARTIntEnable</name>
         <value>0x40fd</value>
         <object_component_ref idref="oc-181"/>
      </symbol>
      <symbol id="sm-8fd">
         <name>UARTCharsAvail</name>
         <value>0x3fc7</value>
         <object_component_ref idref="oc-181"/>
      </symbol>
      <symbol id="sm-8fe">
         <name>UARTCharGetNonBlocking</name>
         <value>0x4003</value>
         <object_component_ref idref="oc-181"/>
      </symbol>
      <symbol id="sm-8ff">
         <name>UARTClockSourceSet</name>
         <value>0x41af</value>
         <object_component_ref idref="oc-181"/>
      </symbol>
      <symbol id="sm-900">
         <name>UARTTxIntModeGet</name>
         <value>0x3fb5</value>
         <object_component_ref idref="oc-181"/>
      </symbol>
      <symbol id="sm-901">
         <name>UARTModemStatusGet</name>
         <value>0x3f57</value>
         <object_component_ref idref="oc-181"/>
      </symbol>
      <symbol id="sm-902">
         <name>UARTIntDisable</name>
         <value>0x4115</value>
         <object_component_ref idref="oc-181"/>
      </symbol>
      <symbol id="sm-903">
         <name>UARTCharPut</name>
         <value>0x4059</value>
         <object_component_ref idref="oc-181"/>
      </symbol>
      <symbol id="sm-904">
         <name>UARTParityModeSet</name>
         <value>0x3cb3</value>
         <object_component_ref idref="oc-181"/>
      </symbol>
      <symbol id="sm-905">
         <name>UARTRxErrorGet</name>
         <value>0x418d</value>
         <object_component_ref idref="oc-181"/>
      </symbol>
      <symbol id="sm-906">
         <name>UARTConfigGetExpClk</name>
         <value>0x3d97</value>
         <object_component_ref idref="oc-181"/>
      </symbol>
      <symbol id="sm-907">
         <name>UARTEnableSIR</name>
         <value>0x3e5d</value>
         <object_component_ref idref="oc-181"/>
      </symbol>
      <symbol id="sm-908">
         <name>UARTEnable</name>
         <value>0x3de3</value>
         <object_component_ref idref="oc-181"/>
      </symbol>
      <symbol id="sm-909">
         <name>UART9BitAddrSend</name>
         <value>0x4225</value>
         <object_component_ref idref="oc-181"/>
      </symbol>
      <symbol id="sm-90a">
         <name>UARTModemControlGet</name>
         <value>0x3f45</value>
         <object_component_ref idref="oc-181"/>
      </symbol>
      <symbol id="sm-90b">
         <name>UARTSmartCardEnable</name>
         <value>0x3ea1</value>
         <object_component_ref idref="oc-181"/>
      </symbol>
      <symbol id="sm-90c">
         <name>UARTFlowControlGet</name>
         <value>0x3f87</value>
         <object_component_ref idref="oc-181"/>
      </symbol>
      <symbol id="sm-90d">
         <name>UARTFIFOEnable</name>
         <value>0x3e31</value>
         <object_component_ref idref="oc-181"/>
      </symbol>
      <symbol id="sm-90e">
         <name>UARTIntClear</name>
         <value>0x414b</value>
         <object_component_ref idref="oc-181"/>
      </symbol>
      <symbol id="sm-90f">
         <name>UARTIntStatus</name>
         <value>0x412d</value>
         <object_component_ref idref="oc-181"/>
      </symbol>
      <symbol id="sm-910">
         <name>UARTDMADisable</name>
         <value>0x4175</value>
         <object_component_ref idref="oc-181"/>
      </symbol>
      <symbol id="sm-911">
         <name>UART9BitEnable</name>
         <value>0x41d3</value>
         <object_component_ref idref="oc-181"/>
      </symbol>
      <symbol id="sm-912">
         <name>UARTSpaceAvail</name>
         <value>0x3fe5</value>
         <object_component_ref idref="oc-181"/>
      </symbol>
      <symbol id="sm-913">
         <name>UARTCharGet</name>
         <value>0x401f</value>
         <object_component_ref idref="oc-181"/>
      </symbol>
      <symbol id="sm-914">
         <name>UARTFIFOLevelSet</name>
         <value>0x3ce1</value>
         <object_component_ref idref="oc-181"/>
      </symbol>
      <symbol id="sm-915">
         <name>UARTModemControlClear</name>
         <value>0x3f21</value>
         <object_component_ref idref="oc-181"/>
      </symbol>
      <symbol id="sm-916">
         <name>UARTParityModeGet</name>
         <value>0x3ccf</value>
         <object_component_ref idref="oc-181"/>
      </symbol>
      <symbol id="sm-917">
         <name>UARTIntRegister</name>
         <value>0x40bf</value>
         <object_component_ref idref="oc-181"/>
      </symbol>
      <symbol id="sm-918">
         <name>UARTBreakCtl</name>
         <value>0x4077</value>
         <object_component_ref idref="oc-181"/>
      </symbol>
      <symbol id="sm-919">
         <name>UART9BitAddrSet</name>
         <value>0x41ff</value>
         <object_component_ref idref="oc-181"/>
      </symbol>
      <symbol id="sm-989">
         <name>UARTgetc</name>
         <value>0x48ad</value>
         <object_component_ref idref="oc-187"/>
      </symbol>
      <symbol id="sm-98a">
         <name>UARTgets</name>
         <value>0x47f3</value>
         <object_component_ref idref="oc-187"/>
      </symbol>
      <symbol id="sm-98b">
         <name>UARTStdioConfig</name>
         <value>0x475d</value>
         <object_component_ref idref="oc-187"/>
      </symbol>
      <symbol id="sm-98c">
         <name>UARTwrite</name>
         <value>0x47a3</value>
         <object_component_ref idref="oc-187"/>
      </symbol>
      <symbol id="sm-98d">
         <name>UARTprintf</name>
         <value>0x4bcf</value>
         <object_component_ref idref="oc-187"/>
      </symbol>
      <symbol id="sm-98e">
         <name>UARTvprintf</name>
         <value>0x48d5</value>
         <object_component_ref idref="oc-187"/>
      </symbol>
      <symbol id="sm-9b7">
         <name>__aeabi_cdcmpeq</name>
         <value>0x61e1</value>
         <object_component_ref idref="oc-1f5"/>
      </symbol>
      <symbol id="sm-9b8">
         <name>__aeabi_cdcmple</name>
         <value>0x61e1</value>
         <object_component_ref idref="oc-1f5"/>
      </symbol>
      <symbol id="sm-9b9">
         <name>__aeabi_cdrcmple</name>
         <value>0x6267</value>
         <object_component_ref idref="oc-1fa"/>
      </symbol>
      <symbol id="sm-9cc">
         <name>__aeabi_fadd</name>
         <value>0x5e7d</value>
         <object_component_ref idref="oc-1e6"/>
      </symbol>
      <symbol id="sm-9cd">
         <name>__aeabi_fsub</name>
         <value>0x5e79</value>
         <object_component_ref idref="oc-1e6"/>
      </symbol>
      <symbol id="sm-9e7">
         <name>__aeabi_cfrcmple</name>
         <value>0x64a9</value>
         <object_component_ref idref="oc-204"/>
      </symbol>
      <symbol id="sm-9e8">
         <name>__aeabi_cfcmpeq</name>
         <value>0x6449</value>
         <object_component_ref idref="oc-209"/>
      </symbol>
      <symbol id="sm-9e9">
         <name>__aeabi_cfcmple</name>
         <value>0x6449</value>
         <object_component_ref idref="oc-209"/>
      </symbol>
      <symbol id="sm-9f6">
         <name>__aeabi_fdiv</name>
         <value>0x60c5</value>
         <object_component_ref idref="oc-1eb"/>
      </symbol>
      <symbol id="sm-a00">
         <name>__aeabi_fmul</name>
         <value>0x62ed</value>
         <object_component_ref idref="oc-1ff"/>
      </symbol>
      <symbol id="sm-a0b">
         <name>__aeabi_f2d</name>
         <value>0x6749</value>
         <object_component_ref idref="oc-1f0"/>
      </symbol>
      <symbol id="sm-a15">
         <name>__aeabi_f2iz</name>
         <value>0x6781</value>
         <object_component_ref idref="oc-21a"/>
      </symbol>
      <symbol id="sm-a23">
         <name>__aeabi_ui2f</name>
         <value>0x6811</value>
         <object_component_ref idref="oc-1e1"/>
      </symbol>
      <symbol id="sm-a32">
         <name>__aeabi_memset</name>
         <value>0x6369</value>
         <object_component_ref idref="oc-8f"/>
      </symbol>
      <symbol id="sm-a33">
         <name>memset</name>
         <value>0x636f</value>
         <object_component_ref idref="oc-8f"/>
      </symbol>
      <symbol id="sm-a34">
         <name>__aeabi_memset8</name>
         <value>0x6369</value>
         <object_component_ref idref="oc-8f"/>
      </symbol>
      <symbol id="sm-a35">
         <name>__aeabi_memset4</name>
         <value>0x6369</value>
         <object_component_ref idref="oc-8f"/>
      </symbol>
      <symbol id="sm-a36">
         <name>__aeabi_memclr8</name>
         <value>0x6367</value>
         <object_component_ref idref="oc-8f"/>
      </symbol>
      <symbol id="sm-a37">
         <name>__aeabi_memclr4</name>
         <value>0x6367</value>
         <object_component_ref idref="oc-8f"/>
      </symbol>
      <symbol id="sm-a38">
         <name>__aeabi_memclr</name>
         <value>0x6367</value>
         <object_component_ref idref="oc-8f"/>
      </symbol>
      <symbol id="sm-a47">
         <name>__aeabi_uidivmod</name>
         <value>0x6691</value>
         <object_component_ref idref="oc-27e"/>
      </symbol>
      <symbol id="sm-a48">
         <name>__aeabi_uidiv</name>
         <value>0x6691</value>
         <object_component_ref idref="oc-27e"/>
      </symbol>
      <symbol id="sm-a5f">
         <name>__TI_zero_init</name>
         <value>0x6883</value>
         <object_component_ref idref="oc-4d"/>
      </symbol>
      <symbol id="sm-a76">
         <name>__TI_decompress_none</name>
         <value>0x6875</value>
         <object_component_ref idref="oc-1b"/>
      </symbol>
      <symbol id="sm-a99">
         <name>__TI_decompress_lzss</name>
         <value>0x63e1</value>
         <object_component_ref idref="oc-15"/>
      </symbol>
      <symbol id="sm-ab1">
         <name>srand</name>
         <value>0x6835</value>
         <object_component_ref idref="oc-214"/>
      </symbol>
      <symbol id="sm-ac3">
         <name>__stack</name>
         <value>0x20007478</value>
         <object_component_ref idref="oc-24"/>
      </symbol>
      <symbol id="sm-ac4">
         <name>_c_int00_noargs</name>
         <value>0x67ed</value>
         <object_component_ref idref="oc-59"/>
      </symbol>
      <symbol id="sm-adc">
         <name>__time32</name>
         <value>0x6867</value>
         <object_component_ref idref="oc-20e"/>
      </symbol>
      <symbol id="sm-add">
         <name>time</name>
         <value>0x6867</value>
         <object_component_ref idref="oc-20e"/>
      </symbol>
      <symbol id="sm-ae8">
         <name>__aeabi_idiv0</name>
         <value>0x5327</value>
         <object_component_ref idref="oc-32e"/>
      </symbol>
      <symbol id="sm-ae9">
         <name>__aeabi_ldiv0</name>
         <value>0x5327</value>
         <object_component_ref idref="oc-32e"/>
      </symbol>
      <symbol id="sm-b04">
         <name>memcpy</name>
         <value>0x6029</value>
         <object_component_ref idref="oc-3b"/>
      </symbol>
      <symbol id="sm-b05">
         <name>__aeabi_memcpy</name>
         <value>0x6029</value>
         <object_component_ref idref="oc-3b"/>
      </symbol>
      <symbol id="sm-b06">
         <name>__aeabi_memcpy8</name>
         <value>0x6029</value>
         <object_component_ref idref="oc-3b"/>
      </symbol>
      <symbol id="sm-b07">
         <name>__aeabi_memcpy4</name>
         <value>0x6029</value>
         <object_component_ref idref="oc-3b"/>
      </symbol>
      <symbol id="sm-b2f">
         <name>__TI_auto_init_nobinit_nopinit</name>
         <value>0x664d</value>
         <object_component_ref idref="oc-125"/>
      </symbol>
      <symbol id="sm-b39">
         <name>_system_pre_init</name>
         <value>0x68a1</value>
         <object_component_ref idref="oc-95"/>
      </symbol>
      <symbol id="sm-b45">
         <name>C$$EXIT</name>
         <value>0x68a5</value>
         <object_component_ref idref="oc-119"/>
      </symbol>
      <symbol id="sm-b46">
         <name>abort</name>
         <value>0x68a5</value>
         <object_component_ref idref="oc-119"/>
      </symbol>
      <symbol id="sm-b5b">
         <name>_nop</name>
         <value>0x4283</value>
         <object_component_ref idref="oc-2eb"/>
      </symbol>
      <symbol id="sm-b5c">
         <name>_lock</name>
         <value>0x200076a8</value>
         <object_component_ref idref="oc-232"/>
      </symbol>
      <symbol id="sm-b5d">
         <name>_unlock</name>
         <value>0x200076ac</value>
         <object_component_ref idref="oc-232"/>
      </symbol>
      <symbol id="sm-b76">
         <name>HOSTtime</name>
         <value>0x6605</value>
         <object_component_ref idref="oc-2d6"/>
      </symbol>
      <symbol id="sm-b9a">
         <name>__TI_readmsg</name>
         <value>0x67b9</value>
         <object_component_ref idref="oc-35c"/>
      </symbol>
      <symbol id="sm-b9b">
         <name>C$$IO$$</name>
         <value>0x673f</value>
         <object_component_ref idref="oc-356"/>
      </symbol>
      <symbol id="sm-b9c">
         <name>__CIOBUF_</name>
         <value>0x200072d4</value>
         <object_component_ref idref="oc-38c"/>
      </symbol>
      <symbol id="sm-b9d">
         <name>__TI_writemsg</name>
         <value>0x6711</value>
         <object_component_ref idref="oc-356"/>
      </symbol>
      <symbol id="sm-ba3">
         <name>parmbuf</name>
         <value>0x2000744c</value>
      </symbol>
      <symbol id="sm-ba5">
         <name>__TI_static_base__</name>
         <value>0x0</value>
      </symbol>
      <symbol id="sm-ba8">
         <name>__mpu_init</name>
         <value>0x0</value>
      </symbol>
      <symbol id="sm-ba9">
         <name>_system_post_cinit</name>
         <value>0x0</value>
      </symbol>
   </symbol_table>
   <title>Link successful</title>
</link_info>
