<?xml version="1.0" encoding="ISO-8859-1" ?>
<link_info>
   <banner>TI ARM Linker Unix v20.2.7.LTS</banner>
   <copyright>Copyright (c) 1996-2018 Texas Instruments Incorporated</copyright>
   <link_time>0x6572d791</link_time>
   <link_errors>0x0</link_errors>
   <output_file>RTOS.out</output_file>
   <entry_point>
      <name>_c_int00_noargs</name>
      <address>0x697d</address>
   </entry_point>
   <input_file_list>
      <input_file id="fl-2">
         <path>./</path>
         <kind>object</kind>
         <file>main.obj</file>
         <name>main.obj</name>
      </input_file>
      <input_file id="fl-3">
         <path>./</path>
         <kind>object</kind>
         <file>threads.obj</file>
         <name>threads.obj</name>
      </input_file>
      <input_file id="fl-4">
         <path>./</path>
         <kind>object</kind>
         <file>tm4c123gh6pm_startup_ccs.obj</file>
         <name>tm4c123gh6pm_startup_ccs.obj</name>
      </input_file>
      <input_file id="fl-5">
         <path>./G8RTOS/src/</path>
         <kind>object</kind>
         <file>G8RTOS_CriticalSection.obj</file>
         <name>G8RTOS_CriticalSection.obj</name>
      </input_file>
      <input_file id="fl-6">
         <path>./G8RTOS/src/</path>
         <kind>object</kind>
         <file>G8RTOS_IPC.obj</file>
         <name>G8RTOS_IPC.obj</name>
      </input_file>
      <input_file id="fl-7">
         <path>./G8RTOS/src/</path>
         <kind>object</kind>
         <file>G8RTOS_Scheduler.obj</file>
         <name>G8RTOS_Scheduler.obj</name>
      </input_file>
      <input_file id="fl-8">
         <path>./G8RTOS/src/</path>
         <kind>object</kind>
         <file>G8RTOS_SchedulerASM.obj</file>
         <name>G8RTOS_SchedulerASM.obj</name>
      </input_file>
      <input_file id="fl-9">
         <path>./G8RTOS/src/</path>
         <kind>object</kind>
         <file>G8RTOS_Semaphores.obj</file>
         <name>G8RTOS_Semaphores.obj</name>
      </input_file>
      <input_file id="fl-a">
         <path>./MiscFunctions/LinAlg/src/</path>
         <kind>object</kind>
         <file>linalg.obj</file>
         <name>linalg.obj</name>
      </input_file>
      <input_file id="fl-b">
         <path>./MiscFunctions/LinAlg/src/</path>
         <kind>object</kind>
         <file>quaternions.obj</file>
         <name>quaternions.obj</name>
      </input_file>
      <input_file id="fl-c">
         <path>./MiscFunctions/LinAlg/src/</path>
         <kind>object</kind>
         <file>vect3d.obj</file>
         <name>vect3d.obj</name>
      </input_file>
      <input_file id="fl-d">
         <path>./MiscFunctions/Shapes/src/</path>
         <kind>object</kind>
         <file>cube.obj</file>
         <name>cube.obj</name>
      </input_file>
      <input_file id="fl-e">
         <path>./MiscFunctions/Shapes/src/</path>
         <kind>object</kind>
         <file>square.obj</file>
         <name>square.obj</name>
      </input_file>
      <input_file id="fl-f">
         <path>./MultimodDrivers/src/</path>
         <kind>object</kind>
         <file>multimod_BMI160.obj</file>
         <name>multimod_BMI160.obj</name>
      </input_file>
      <input_file id="fl-10">
         <path>./MultimodDrivers/src/</path>
         <kind>object</kind>
         <file>multimod_LaunchpadButtons.obj</file>
         <name>multimod_LaunchpadButtons.obj</name>
      </input_file>
      <input_file id="fl-11">
         <path>./MultimodDrivers/src/</path>
         <kind>object</kind>
         <file>multimod_LaunchpadLED.obj</file>
         <name>multimod_LaunchpadLED.obj</name>
      </input_file>
      <input_file id="fl-12">
         <path>./MultimodDrivers/src/</path>
         <kind>object</kind>
         <file>multimod_OPT3001.obj</file>
         <name>multimod_OPT3001.obj</name>
      </input_file>
      <input_file id="fl-13">
         <path>./MultimodDrivers/src/</path>
         <kind>object</kind>
         <file>multimod_PCA9956b.obj</file>
         <name>multimod_PCA9956b.obj</name>
      </input_file>
      <input_file id="fl-14">
         <path>./MultimodDrivers/src/</path>
         <kind>object</kind>
         <file>multimod_ST7789.obj</file>
         <name>multimod_ST7789.obj</name>
      </input_file>
      <input_file id="fl-15">
         <path>./MultimodDrivers/src/</path>
         <kind>object</kind>
         <file>multimod_buttons.obj</file>
         <name>multimod_buttons.obj</name>
      </input_file>
      <input_file id="fl-16">
         <path>./MultimodDrivers/src/</path>
         <kind>object</kind>
         <file>multimod_i2c.obj</file>
         <name>multimod_i2c.obj</name>
      </input_file>
      <input_file id="fl-17">
         <path>./MultimodDrivers/src/</path>
         <kind>object</kind>
         <file>multimod_joystick.obj</file>
         <name>multimod_joystick.obj</name>
      </input_file>
      <input_file id="fl-18">
         <path>./MultimodDrivers/src/</path>
         <kind>object</kind>
         <file>multimod_spi.obj</file>
         <name>multimod_spi.obj</name>
      </input_file>
      <input_file id="fl-19">
         <path>./MultimodDrivers/src/</path>
         <kind>object</kind>
         <file>multimod_uart.obj</file>
         <name>multimod_uart.obj</name>
      </input_file>
      <input_file id="fl-1a">
         <path>./driverlib/</path>
         <kind>object</kind>
         <file>adc.obj</file>
         <name>adc.obj</name>
      </input_file>
      <input_file id="fl-1b">
         <path>./driverlib/</path>
         <kind>object</kind>
         <file>aes.obj</file>
         <name>aes.obj</name>
      </input_file>
      <input_file id="fl-1c">
         <path>./driverlib/</path>
         <kind>object</kind>
         <file>can.obj</file>
         <name>can.obj</name>
      </input_file>
      <input_file id="fl-1d">
         <path>./driverlib/</path>
         <kind>object</kind>
         <file>comp.obj</file>
         <name>comp.obj</name>
      </input_file>
      <input_file id="fl-1e">
         <path>./driverlib/</path>
         <kind>object</kind>
         <file>cpu.obj</file>
         <name>cpu.obj</name>
      </input_file>
      <input_file id="fl-1f">
         <path>./driverlib/</path>
         <kind>object</kind>
         <file>crc.obj</file>
         <name>crc.obj</name>
      </input_file>
      <input_file id="fl-20">
         <path>./driverlib/</path>
         <kind>object</kind>
         <file>des.obj</file>
         <name>des.obj</name>
      </input_file>
      <input_file id="fl-21">
         <path>./driverlib/</path>
         <kind>object</kind>
         <file>eeprom.obj</file>
         <name>eeprom.obj</name>
      </input_file>
      <input_file id="fl-22">
         <path>./driverlib/</path>
         <kind>object</kind>
         <file>emac.obj</file>
         <name>emac.obj</name>
      </input_file>
      <input_file id="fl-23">
         <path>./driverlib/</path>
         <kind>object</kind>
         <file>epi.obj</file>
         <name>epi.obj</name>
      </input_file>
      <input_file id="fl-24">
         <path>./driverlib/</path>
         <kind>object</kind>
         <file>epi_workaround_ccs.obj</file>
         <name>epi_workaround_ccs.obj</name>
      </input_file>
      <input_file id="fl-25">
         <path>./driverlib/</path>
         <kind>object</kind>
         <file>flash.obj</file>
         <name>flash.obj</name>
      </input_file>
      <input_file id="fl-26">
         <path>./driverlib/</path>
         <kind>object</kind>
         <file>fpu.obj</file>
         <name>fpu.obj</name>
      </input_file>
      <input_file id="fl-27">
         <path>./driverlib/</path>
         <kind>object</kind>
         <file>gpio.obj</file>
         <name>gpio.obj</name>
      </input_file>
      <input_file id="fl-28">
         <path>./driverlib/</path>
         <kind>object</kind>
         <file>hibernate.obj</file>
         <name>hibernate.obj</name>
      </input_file>
      <input_file id="fl-29">
         <path>./driverlib/</path>
         <kind>object</kind>
         <file>i2c.obj</file>
         <name>i2c.obj</name>
      </input_file>
      <input_file id="fl-2a">
         <path>./driverlib/</path>
         <kind>object</kind>
         <file>interrupt.obj</file>
         <name>interrupt.obj</name>
      </input_file>
      <input_file id="fl-2b">
         <path>./driverlib/</path>
         <kind>object</kind>
         <file>lcd.obj</file>
         <name>lcd.obj</name>
      </input_file>
      <input_file id="fl-2c">
         <path>./driverlib/</path>
         <kind>object</kind>
         <file>mpu.obj</file>
         <name>mpu.obj</name>
      </input_file>
      <input_file id="fl-2d">
         <path>./driverlib/</path>
         <kind>object</kind>
         <file>onewire.obj</file>
         <name>onewire.obj</name>
      </input_file>
      <input_file id="fl-2e">
         <path>./driverlib/</path>
         <kind>object</kind>
         <file>pwm.obj</file>
         <name>pwm.obj</name>
      </input_file>
      <input_file id="fl-2f">
         <path>./driverlib/</path>
         <kind>object</kind>
         <file>qei.obj</file>
         <name>qei.obj</name>
      </input_file>
      <input_file id="fl-30">
         <path>./driverlib/</path>
         <kind>object</kind>
         <file>shamd5.obj</file>
         <name>shamd5.obj</name>
      </input_file>
      <input_file id="fl-31">
         <path>./driverlib/</path>
         <kind>object</kind>
         <file>ssi.obj</file>
         <name>ssi.obj</name>
      </input_file>
      <input_file id="fl-32">
         <path>./driverlib/</path>
         <kind>object</kind>
         <file>sw_crc.obj</file>
         <name>sw_crc.obj</name>
      </input_file>
      <input_file id="fl-33">
         <path>./driverlib/</path>
         <kind>object</kind>
         <file>sysctl.obj</file>
         <name>sysctl.obj</name>
      </input_file>
      <input_file id="fl-34">
         <path>./driverlib/</path>
         <kind>object</kind>
         <file>sysexc.obj</file>
         <name>sysexc.obj</name>
      </input_file>
      <input_file id="fl-35">
         <path>./driverlib/</path>
         <kind>object</kind>
         <file>systick.obj</file>
         <name>systick.obj</name>
      </input_file>
      <input_file id="fl-36">
         <path>./driverlib/</path>
         <kind>object</kind>
         <file>timer.obj</file>
         <name>timer.obj</name>
      </input_file>
      <input_file id="fl-37">
         <path>./driverlib/</path>
         <kind>object</kind>
         <file>uart.obj</file>
         <name>uart.obj</name>
      </input_file>
      <input_file id="fl-38">
         <path>./driverlib/</path>
         <kind>object</kind>
         <file>uartstdio.obj</file>
         <name>uartstdio.obj</name>
      </input_file>
      <input_file id="fl-39">
         <path>./driverlib/</path>
         <kind>object</kind>
         <file>udma.obj</file>
         <name>udma.obj</name>
      </input_file>
      <input_file id="fl-3a">
         <path>./driverlib/</path>
         <kind>object</kind>
         <file>usb.obj</file>
         <name>usb.obj</name>
      </input_file>
      <input_file id="fl-3b">
         <path>./driverlib/</path>
         <kind>object</kind>
         <file>watchdog.obj</file>
         <name>watchdog.obj</name>
      </input_file>
      <input_file id="fl-43">
         <kind>object</kind>
         <file>&lt;internal&gt;</file>
         <name>&lt;internal&gt;</name>
      </input_file>
      <input_file id="fl-f9">
         <path>/home/diamond/ti/ccs1240/ccs/tools/compiler/ti-cgt-arm_20.2.7.LTS/lib/</path>
         <kind>archive</kind>
         <file>rtsv7M4_T_le_eabi.lib</file>
         <name>e_powf.c.obj</name>
      </input_file>
      <input_file id="fl-fa">
         <path>/home/diamond/ti/ccs1240/ccs/tools/compiler/ti-cgt-arm_20.2.7.LTS/lib/</path>
         <kind>archive</kind>
         <file>rtsv7M4_T_le_eabi.lib</file>
         <name>e_sqrtf.c.obj</name>
      </input_file>
      <input_file id="fl-fb">
         <path>/home/diamond/ti/ccs1240/ccs/tools/compiler/ti-cgt-arm_20.2.7.LTS/lib/</path>
         <kind>archive</kind>
         <file>rtsv7M4_T_le_eabi.lib</file>
         <name>s_scalbnf.c.obj</name>
      </input_file>
      <input_file id="fl-fc">
         <path>/home/diamond/ti/ccs1240/ccs/tools/compiler/ti-cgt-arm_20.2.7.LTS/lib/</path>
         <kind>archive</kind>
         <file>rtsv7M4_T_le_eabi.lib</file>
         <name>s_copysignf.c.obj</name>
      </input_file>
      <input_file id="fl-fd">
         <path>/home/diamond/ti/ccs1240/ccs/tools/compiler/ti-cgt-arm_20.2.7.LTS/lib/</path>
         <kind>archive</kind>
         <file>rtsv7M4_T_le_eabi.lib</file>
         <name>fd_cmp_t2.asm.obj</name>
      </input_file>
      <input_file id="fl-fe">
         <path>/home/diamond/ti/ccs1240/ccs/tools/compiler/ti-cgt-arm_20.2.7.LTS/lib/</path>
         <kind>archive</kind>
         <file>rtsv7M4_T_le_eabi.lib</file>
         <name>fd_mul_t2.asm.obj</name>
      </input_file>
      <input_file id="fl-ff">
         <path>/home/diamond/ti/ccs1240/ccs/tools/compiler/ti-cgt-arm_20.2.7.LTS/lib/</path>
         <kind>archive</kind>
         <file>rtsv7M4_T_le_eabi.lib</file>
         <name>fd_toi_t2.asm.obj</name>
      </input_file>
      <input_file id="fl-100">
         <path>/home/diamond/ti/ccs1240/ccs/tools/compiler/ti-cgt-arm_20.2.7.LTS/lib/</path>
         <kind>archive</kind>
         <file>rtsv7M4_T_le_eabi.lib</file>
         <name>fs_add_t2.asm.obj</name>
      </input_file>
      <input_file id="fl-101">
         <path>/home/diamond/ti/ccs1240/ccs/tools/compiler/ti-cgt-arm_20.2.7.LTS/lib/</path>
         <kind>archive</kind>
         <file>rtsv7M4_T_le_eabi.lib</file>
         <name>fs_cmp_t2.asm.obj</name>
      </input_file>
      <input_file id="fl-102">
         <path>/home/diamond/ti/ccs1240/ccs/tools/compiler/ti-cgt-arm_20.2.7.LTS/lib/</path>
         <kind>archive</kind>
         <file>rtsv7M4_T_le_eabi.lib</file>
         <name>fs_div_t2.asm.obj</name>
      </input_file>
      <input_file id="fl-103">
         <path>/home/diamond/ti/ccs1240/ccs/tools/compiler/ti-cgt-arm_20.2.7.LTS/lib/</path>
         <kind>archive</kind>
         <file>rtsv7M4_T_le_eabi.lib</file>
         <name>fs_mul_t2.asm.obj</name>
      </input_file>
      <input_file id="fl-104">
         <path>/home/diamond/ti/ccs1240/ccs/tools/compiler/ti-cgt-arm_20.2.7.LTS/lib/</path>
         <kind>archive</kind>
         <file>rtsv7M4_T_le_eabi.lib</file>
         <name>fs_tod_t2.asm.obj</name>
      </input_file>
      <input_file id="fl-105">
         <path>/home/diamond/ti/ccs1240/ccs/tools/compiler/ti-cgt-arm_20.2.7.LTS/lib/</path>
         <kind>archive</kind>
         <file>rtsv7M4_T_le_eabi.lib</file>
         <name>fs_toi_t2.asm.obj</name>
      </input_file>
      <input_file id="fl-106">
         <path>/home/diamond/ti/ccs1240/ccs/tools/compiler/ti-cgt-arm_20.2.7.LTS/lib/</path>
         <kind>archive</kind>
         <file>rtsv7M4_T_le_eabi.lib</file>
         <name>fs_tou_t2.asm.obj</name>
      </input_file>
      <input_file id="fl-107">
         <path>/home/diamond/ti/ccs1240/ccs/tools/compiler/ti-cgt-arm_20.2.7.LTS/lib/</path>
         <kind>archive</kind>
         <file>rtsv7M4_T_le_eabi.lib</file>
         <name>i_tofd_t2.asm.obj</name>
      </input_file>
      <input_file id="fl-108">
         <path>/home/diamond/ti/ccs1240/ccs/tools/compiler/ti-cgt-arm_20.2.7.LTS/lib/</path>
         <kind>archive</kind>
         <file>rtsv7M4_T_le_eabi.lib</file>
         <name>i_tofs_t2.asm.obj</name>
      </input_file>
      <input_file id="fl-109">
         <path>/home/diamond/ti/ccs1240/ccs/tools/compiler/ti-cgt-arm_20.2.7.LTS/lib/</path>
         <kind>archive</kind>
         <file>rtsv7M4_T_le_eabi.lib</file>
         <name>u_tofs_t2.asm.obj</name>
      </input_file>
      <input_file id="fl-10a">
         <path>/home/diamond/ti/ccs1240/ccs/tools/compiler/ti-cgt-arm_20.2.7.LTS/lib/</path>
         <kind>archive</kind>
         <file>rtsv7M4_T_le_eabi.lib</file>
         <name>memset_t2.asm.obj</name>
      </input_file>
      <input_file id="fl-10b">
         <path>/home/diamond/ti/ccs1240/ccs/tools/compiler/ti-cgt-arm_20.2.7.LTS/lib/</path>
         <kind>archive</kind>
         <file>rtsv7M4_T_le_eabi.lib</file>
         <name>u_divt2.asm.obj</name>
      </input_file>
      <input_file id="fl-10c">
         <path>/home/diamond/ti/ccs1240/ccs/tools/compiler/ti-cgt-arm_20.2.7.LTS/lib/</path>
         <kind>archive</kind>
         <file>rtsv7M4_T_le_eabi.lib</file>
         <name>copy_zero_init.c.obj</name>
      </input_file>
      <input_file id="fl-10d">
         <path>/home/diamond/ti/ccs1240/ccs/tools/compiler/ti-cgt-arm_20.2.7.LTS/lib/</path>
         <kind>archive</kind>
         <file>rtsv7M4_T_le_eabi.lib</file>
         <name>copy_decompress_none.c.obj</name>
      </input_file>
      <input_file id="fl-10e">
         <path>/home/diamond/ti/ccs1240/ccs/tools/compiler/ti-cgt-arm_20.2.7.LTS/lib/</path>
         <kind>archive</kind>
         <file>rtsv7M4_T_le_eabi.lib</file>
         <name>copy_decompress_lzss.c.obj</name>
      </input_file>
      <input_file id="fl-10f">
         <path>/home/diamond/ti/ccs1240/ccs/tools/compiler/ti-cgt-arm_20.2.7.LTS/lib/</path>
         <kind>archive</kind>
         <file>rtsv7M4_T_le_eabi.lib</file>
         <name>rand.c.obj</name>
      </input_file>
      <input_file id="fl-110">
         <path>/home/diamond/ti/ccs1240/ccs/tools/compiler/ti-cgt-arm_20.2.7.LTS/lib/</path>
         <kind>archive</kind>
         <file>rtsv7M4_T_le_eabi.lib</file>
         <name>boot_cortex_m.c.obj</name>
      </input_file>
      <input_file id="fl-111">
         <path>/home/diamond/ti/ccs1240/ccs/tools/compiler/ti-cgt-arm_20.2.7.LTS/lib/</path>
         <kind>archive</kind>
         <file>rtsv7M4_T_le_eabi.lib</file>
         <name>time.c.obj</name>
      </input_file>
      <input_file id="fl-112">
         <path>/home/diamond/ti/ccs1240/ccs/tools/compiler/ti-cgt-arm_20.2.7.LTS/lib/</path>
         <kind>archive</kind>
         <file>rtsv7M4_T_le_eabi.lib</file>
         <name>errno.c.obj</name>
      </input_file>
      <input_file id="fl-113">
         <path>/home/diamond/ti/ccs1240/ccs/tools/compiler/ti-cgt-arm_20.2.7.LTS/lib/</path>
         <kind>archive</kind>
         <file>rtsv7M4_T_le_eabi.lib</file>
         <name>div0.asm.obj</name>
      </input_file>
      <input_file id="fl-114">
         <path>/home/diamond/ti/ccs1240/ccs/tools/compiler/ti-cgt-arm_20.2.7.LTS/lib/</path>
         <kind>archive</kind>
         <file>rtsv7M4_T_le_eabi.lib</file>
         <name>memcpy_t2.asm.obj</name>
      </input_file>
      <input_file id="fl-115">
         <path>/home/diamond/ti/ccs1240/ccs/tools/compiler/ti-cgt-arm_20.2.7.LTS/lib/</path>
         <kind>archive</kind>
         <file>rtsv7M4_T_le_eabi.lib</file>
         <name>autoinit.c.obj</name>
      </input_file>
      <input_file id="fl-116">
         <path>/home/diamond/ti/ccs1240/ccs/tools/compiler/ti-cgt-arm_20.2.7.LTS/lib/</path>
         <kind>archive</kind>
         <file>rtsv7M4_T_le_eabi.lib</file>
         <name>pre_init.c.obj</name>
      </input_file>
      <input_file id="fl-117">
         <path>/home/diamond/ti/ccs1240/ccs/tools/compiler/ti-cgt-arm_20.2.7.LTS/lib/</path>
         <kind>archive</kind>
         <file>rtsv7M4_T_le_eabi.lib</file>
         <name>cpy_tbl.c.obj</name>
      </input_file>
      <input_file id="fl-118">
         <path>/home/diamond/ti/ccs1240/ccs/tools/compiler/ti-cgt-arm_20.2.7.LTS/lib/</path>
         <kind>archive</kind>
         <file>rtsv7M4_T_le_eabi.lib</file>
         <name>exit.c.obj</name>
      </input_file>
      <input_file id="fl-119">
         <path>/home/diamond/ti/ccs1240/ccs/tools/compiler/ti-cgt-arm_20.2.7.LTS/lib/</path>
         <kind>archive</kind>
         <file>rtsv7M4_T_le_eabi.lib</file>
         <name>_lock.c.obj</name>
      </input_file>
      <input_file id="fl-11a">
         <path>/home/diamond/ti/ccs1240/ccs/tools/compiler/ti-cgt-arm_20.2.7.LTS/lib/</path>
         <kind>archive</kind>
         <file>rtsv7M4_T_le_eabi.lib</file>
         <name>args_main.c.obj</name>
      </input_file>
      <input_file id="fl-11b">
         <path>/home/diamond/ti/ccs1240/ccs/tools/compiler/ti-cgt-arm_20.2.7.LTS/lib/</path>
         <kind>archive</kind>
         <file>rtsv7M4_T_le_eabi.lib</file>
         <name>hosttime.c.obj</name>
      </input_file>
      <input_file id="fl-11c">
         <path>/home/diamond/ti/ccs1240/ccs/tools/compiler/ti-cgt-arm_20.2.7.LTS/lib/</path>
         <kind>archive</kind>
         <file>rtsv7M4_T_le_eabi.lib</file>
         <name>trgmsg.c.obj</name>
      </input_file>
      <input_file id="fl-11d">
         <path>/home/diamond/ti/ccs1240/ccs/tools/compiler/ti-cgt-arm_20.2.7.LTS/lib/</path>
         <kind>archive</kind>
         <file>rtsv7M4_T_le_eabi.lib</file>
         <name>hostopen.c.obj</name>
      </input_file>
      <input_file id="fl-11e">
         <path>/home/diamond/ti/ccs1240/ccs/tools/compiler/ti-cgt-arm_20.2.7.LTS/lib/</path>
         <kind>archive</kind>
         <file>rtsv7M4_T_le_eabi.lib</file>
         <name>strlen.c.obj</name>
      </input_file>
   </input_file_list>
   <object_component_list>
      <object_component id="oc-12">
         <name>.intvecs</name>
         <load_address>0x0</load_address>
         <run_address>0x0</run_address>
         <size>0x26c</size>
         <input_file_ref idref="fl-4"/>
      </object_component>
      <object_component id="oc-ed">
         <name>.text</name>
         <load_address>0x26c</load_address>
         <run_address>0x26c</run_address>
         <size>0xfa0</size>
         <input_file_ref idref="fl-33"/>
      </object_component>
      <object_component id="oc-16c">
         <name>.text</name>
         <load_address>0x120c</load_address>
         <run_address>0x120c</run_address>
         <size>0xc18</size>
         <input_file_ref idref="fl-27"/>
      </object_component>
      <object_component id="oc-cf">
         <name>.text</name>
         <load_address>0x1e24</load_address>
         <run_address>0x1e24</run_address>
         <size>0x91c</size>
         <input_file_ref idref="fl-14"/>
      </object_component>
      <object_component id="oc-192">
         <name>.text</name>
         <load_address>0x2740</load_address>
         <run_address>0x2740</run_address>
         <size>0x840</size>
         <input_file_ref idref="fl-1a"/>
      </object_component>
      <object_component id="oc-f3">
         <name>.text</name>
         <load_address>0x2f80</load_address>
         <run_address>0x2f80</run_address>
         <size>0x808</size>
         <input_file_ref idref="fl-7"/>
      </object_component>
      <object_component id="oc-266">
         <name>.text</name>
         <load_address>0x3788</load_address>
         <run_address>0x3788</run_address>
         <size>0x700</size>
         <input_file_ref idref="fl-29"/>
      </object_component>
      <object_component id="oc-185">
         <name>.text</name>
         <load_address>0x3e88</load_address>
         <run_address>0x3e88</run_address>
         <size>0x62e</size>
         <input_file_ref idref="fl-37"/>
      </object_component>
      <object_component id="oc-2ee">
         <name>.text:_nop</name>
         <load_address>0x44b6</load_address>
         <run_address>0x44b6</run_address>
         <size>0x2</size>
         <input_file_ref idref="fl-119"/>
      </object_component>
      <object_component id="oc-18b">
         <name>.text</name>
         <load_address>0x44b8</load_address>
         <run_address>0x44b8</run_address>
         <size>0x4a8</size>
         <input_file_ref idref="fl-38"/>
      </object_component>
      <object_component id="oc-f9">
         <name>.text</name>
         <load_address>0x4960</load_address>
         <run_address>0x4960</run_address>
         <size>0x480</size>
         <input_file_ref idref="fl-3"/>
      </object_component>
      <object_component id="oc-19d">
         <name>.text</name>
         <load_address>0x4de0</load_address>
         <run_address>0x4de0</run_address>
         <size>0x3c0</size>
         <input_file_ref idref="fl-2a"/>
      </object_component>
      <object_component id="oc-172">
         <name>.text</name>
         <load_address>0x51a0</load_address>
         <run_address>0x51a0</run_address>
         <size>0x362</size>
         <input_file_ref idref="fl-31"/>
      </object_component>
      <object_component id="oc-331">
         <name>.text</name>
         <load_address>0x5502</load_address>
         <run_address>0x5502</run_address>
         <size>0x2</size>
         <input_file_ref idref="fl-113"/>
      </object_component>
      <object_component id="oc-d5">
         <name>.text</name>
         <load_address>0x5504</load_address>
         <run_address>0x5504</run_address>
         <size>0x30c</size>
         <input_file_ref idref="fl-f"/>
      </object_component>
      <object_component id="oc-17c">
         <name>.text</name>
         <load_address>0x5810</load_address>
         <run_address>0x5810</run_address>
         <size>0x2b0</size>
         <input_file_ref idref="fl-16"/>
      </object_component>
      <object_component id="oc-105">
         <name>.text</name>
         <load_address>0x5ac0</load_address>
         <run_address>0x5ac0</run_address>
         <size>0x1a0</size>
         <input_file_ref idref="fl-6"/>
      </object_component>
      <object_component id="oc-c9">
         <name>.text</name>
         <load_address>0x5c60</load_address>
         <run_address>0x5c60</run_address>
         <size>0x18c</size>
         <input_file_ref idref="fl-18"/>
      </object_component>
      <object_component id="oc-e7">
         <name>.text</name>
         <load_address>0x5dec</load_address>
         <run_address>0x5dec</run_address>
         <size>0x114</size>
         <input_file_ref idref="fl-17"/>
      </object_component>
      <object_component id="oc-9b">
         <name>.text</name>
         <load_address>0x5f00</load_address>
         <run_address>0x5f00</run_address>
         <size>0x108</size>
         <input_file_ref idref="fl-2"/>
      </object_component>
      <object_component id="oc-1e3">
         <name>.text</name>
         <load_address>0x6008</load_address>
         <run_address>0x6008</run_address>
         <size>0xfa</size>
         <input_file_ref idref="fl-100"/>
      </object_component>
      <object_component id="oc-ff">
         <name>.text</name>
         <load_address>0x6104</load_address>
         <run_address>0x6104</run_address>
         <size>0xb4</size>
         <input_file_ref idref="fl-9"/>
      </object_component>
      <object_component id="oc-3b">
         <name>.text</name>
         <load_address>0x61b8</load_address>
         <run_address>0x61b8</run_address>
         <size>0x9c</size>
         <input_file_ref idref="fl-114"/>
      </object_component>
      <object_component id="oc-1e8">
         <name>.text</name>
         <load_address>0x6254</load_address>
         <run_address>0x6254</run_address>
         <size>0x92</size>
         <input_file_ref idref="fl-102"/>
      </object_component>
      <object_component id="oc-1b9">
         <name>.text</name>
         <load_address>0x62e8</load_address>
         <run_address>0x62e8</run_address>
         <size>0x88</size>
         <input_file_ref idref="fl-35"/>
      </object_component>
      <object_component id="oc-1f2">
         <name>.text:__aeabi_cdcmple</name>
         <load_address>0x6370</load_address>
         <run_address>0x6370</run_address>
         <size>0x86</size>
         <input_file_ref idref="fl-fd"/>
      </object_component>
      <object_component id="oc-1f7">
         <name>.text:__aeabi_cdrcmple</name>
         <load_address>0x63f6</load_address>
         <run_address>0x63f6</run_address>
         <size>0x86</size>
         <input_file_ref idref="fl-fd"/>
      </object_component>
      <object_component id="oc-1fc">
         <name>.text</name>
         <load_address>0x647c</load_address>
         <run_address>0x647c</run_address>
         <size>0x7a</size>
         <input_file_ref idref="fl-103"/>
      </object_component>
      <object_component id="oc-8f">
         <name>.text</name>
         <load_address>0x64f6</load_address>
         <run_address>0x64f6</run_address>
         <size>0x7a</size>
         <input_file_ref idref="fl-10a"/>
      </object_component>
      <object_component id="oc-15">
         <name>.text:decompress:lzss:__TI_decompress_lzss</name>
         <load_address>0x6570</load_address>
         <run_address>0x6570</run_address>
         <size>0x68</size>
         <input_file_ref idref="fl-10e"/>
      </object_component>
      <object_component id="oc-206">
         <name>.text:__aeabi_cfcmple</name>
         <load_address>0x65d8</load_address>
         <run_address>0x65d8</run_address>
         <size>0x60</size>
         <input_file_ref idref="fl-101"/>
      </object_component>
      <object_component id="oc-201">
         <name>.text:__aeabi_cfrcmple</name>
         <load_address>0x6638</load_address>
         <run_address>0x6638</run_address>
         <size>0x60</size>
         <input_file_ref idref="fl-101"/>
      </object_component>
      <object_component id="oc-db">
         <name>.text</name>
         <load_address>0x6698</load_address>
         <run_address>0x6698</run_address>
         <size>0x58</size>
         <input_file_ref idref="fl-15"/>
      </object_component>
      <object_component id="oc-e1">
         <name>.text</name>
         <load_address>0x66f0</load_address>
         <run_address>0x66f0</run_address>
         <size>0x58</size>
         <input_file_ref idref="fl-19"/>
      </object_component>
      <object_component id="oc-1bf">
         <name>.text</name>
         <load_address>0x6748</load_address>
         <run_address>0x6748</run_address>
         <size>0x4c</size>
         <input_file_ref idref="fl-8"/>
      </object_component>
      <object_component id="oc-2d6">
         <name>.text:HOSTtime</name>
         <load_address>0x6794</load_address>
         <run_address>0x6794</run_address>
         <size>0x48</size>
         <input_file_ref idref="fl-11b"/>
      </object_component>
      <object_component id="oc-124">
         <name>.text:__TI_auto_init_nobinit_nopinit:__TI_auto_init_nobinit_nopinit</name>
         <load_address>0x67dc</load_address>
         <run_address>0x67dc</run_address>
         <size>0x44</size>
         <input_file_ref idref="fl-115"/>
      </object_component>
      <object_component id="oc-281">
         <name>.text</name>
         <load_address>0x6820</load_address>
         <run_address>0x6820</run_address>
         <size>0x40</size>
         <input_file_ref idref="fl-10b"/>
      </object_component>
      <object_component id="oc-1a3">
         <name>.text</name>
         <load_address>0x6860</load_address>
         <run_address>0x6860</run_address>
         <size>0x3e</size>
         <input_file_ref idref="fl-1e"/>
      </object_component>
      <object_component id="oc-352">
         <name>.text:__TI_writemsg</name>
         <load_address>0x68a0</load_address>
         <run_address>0x68a0</run_address>
         <size>0x38</size>
         <input_file_ref idref="fl-11c"/>
      </object_component>
      <object_component id="oc-1ed">
         <name>.text</name>
         <load_address>0x68d8</load_address>
         <run_address>0x68d8</run_address>
         <size>0x38</size>
         <input_file_ref idref="fl-104"/>
      </object_component>
      <object_component id="oc-217">
         <name>.text</name>
         <load_address>0x6910</load_address>
         <run_address>0x6910</run_address>
         <size>0x38</size>
         <input_file_ref idref="fl-105"/>
      </object_component>
      <object_component id="oc-358">
         <name>.text:__TI_readmsg</name>
         <load_address>0x6948</load_address>
         <run_address>0x6948</run_address>
         <size>0x34</size>
         <input_file_ref idref="fl-11c"/>
      </object_component>
      <object_component id="oc-59">
         <name>.text:_c_int00_noargs:_c_int00_noargs</name>
         <load_address>0x697c</load_address>
         <run_address>0x697c</run_address>
         <size>0x24</size>
         <input_file_ref idref="fl-110"/>
      </object_component>
      <object_component id="oc-1de">
         <name>.text</name>
         <load_address>0x69a0</load_address>
         <run_address>0x69a0</run_address>
         <size>0x24</size>
         <input_file_ref idref="fl-109"/>
      </object_component>
      <object_component id="oc-211">
         <name>.text:srand</name>
         <load_address>0x69c4</load_address>
         <run_address>0x69c4</run_address>
         <size>0x24</size>
         <input_file_ref idref="fl-10f"/>
      </object_component>
      <object_component id="oc-1c8">
         <name>.text</name>
         <load_address>0x69e8</load_address>
         <run_address>0x69e8</run_address>
         <size>0xe</size>
         <input_file_ref idref="fl-5"/>
      </object_component>
      <object_component id="oc-20b">
         <name>.text:__time32</name>
         <load_address>0x69f6</load_address>
         <run_address>0x69f6</run_address>
         <size>0xe</size>
         <input_file_ref idref="fl-111"/>
      </object_component>
      <object_component id="oc-1b">
         <name>.text:decompress:none:__TI_decompress_none</name>
         <load_address>0x6a04</load_address>
         <run_address>0x6a04</run_address>
         <size>0xe</size>
         <input_file_ref idref="fl-10d"/>
      </object_component>
      <object_component id="oc-4d">
         <name>.text:decompress:ZI:__TI_zero_init</name>
         <load_address>0x6a12</load_address>
         <run_address>0x6a12</run_address>
         <size>0xc</size>
         <input_file_ref idref="fl-10c"/>
      </object_component>
      <object_component id="oc-27">
         <name>.text</name>
         <load_address>0x6a1e</load_address>
         <run_address>0x6a1e</run_address>
         <size>0xc</size>
         <input_file_ref idref="fl-4"/>
      </object_component>
      <object_component id="oc-17a">
         <name>.text:SysCtlDelay</name>
         <load_address>0x6a2a</load_address>
         <run_address>0x6a2a</run_address>
         <size>0x6</size>
         <input_file_ref idref="fl-33"/>
      </object_component>
      <object_component id="oc-95">
         <name>.text:_system_pre_init</name>
         <load_address>0x6a30</load_address>
         <run_address>0x6a30</run_address>
         <size>0x4</size>
         <input_file_ref idref="fl-116"/>
      </object_component>
      <object_component id="oc-118">
         <name>.text:abort:abort</name>
         <load_address>0x6a34</load_address>
         <run_address>0x6a34</run_address>
         <size>0x4</size>
         <input_file_ref idref="fl-118"/>
      </object_component>
      <object_component id="oc-1af">
         <name>.const:g_pppui32XTALtoVCO</name>
         <load_address>0x6a38</load_address>
         <run_address>0x6a38</run_address>
         <size>0x1b0</size>
         <input_file_ref idref="fl-33"/>
      </object_component>
      <object_component id="oc-254">
         <name>.const:g_ppui32GPIOIntMapSnowflake</name>
         <load_address>0x6be8</load_address>
         <run_address>0x6be8</run_address>
         <size>0xd8</size>
         <input_file_ref idref="fl-27"/>
      </object_component>
      <object_component id="oc-251">
         <name>.const:g_ppui32GPIOIntMapBlizzard</name>
         <load_address>0x6cc0</load_address>
         <run_address>0x6cc0</run_address>
         <size>0xc0</size>
         <input_file_ref idref="fl-27"/>
      </object_component>
      <object_component id="oc-29f">
         <name>.const:g_pui32Regs</name>
         <load_address>0x6d80</load_address>
         <run_address>0x6d80</run_address>
         <size>0x9c</size>
         <input_file_ref idref="fl-2a"/>
      </object_component>
      <object_component id="oc-257">
         <name>.const:g_pui32GPIOBaseAddrs</name>
         <load_address>0x6e1c</load_address>
         <run_address>0x6e1c</run_address>
         <size>0x90</size>
         <input_file_ref idref="fl-27"/>
      </object_component>
      <object_component id="oc-1a9">
         <name>.const:g_pui32Xtals</name>
         <load_address>0x6eac</load_address>
         <run_address>0x6eac</run_address>
         <size>0x6c</size>
         <input_file_ref idref="fl-33"/>
      </object_component>
      <object_component id="oc-31e">
         <name>.const:g_ppui32I2CIntMapSnowflake</name>
         <load_address>0x6f18</load_address>
         <run_address>0x6f18</run_address>
         <size>0x50</size>
         <input_file_ref idref="fl-29"/>
      </object_component>
      <object_component id="oc-270">
         <name>.const:g_ppui32UARTIntMap</name>
         <load_address>0x6f68</load_address>
         <run_address>0x6f68</run_address>
         <size>0x40</size>
         <input_file_ref idref="fl-37"/>
      </object_component>
      <object_component id="oc-273">
         <name>.const:g_ppui32UARTIntMapSnowflake</name>
         <load_address>0x6fa8</load_address>
         <run_address>0x6fa8</run_address>
         <size>0x40</size>
         <input_file_ref idref="fl-37"/>
      </object_component>
      <object_component id="oc-31b">
         <name>.const:g_ppui32I2CIntMap</name>
         <load_address>0x6fe8</load_address>
         <run_address>0x6fe8</run_address>
         <size>0x30</size>
         <input_file_ref idref="fl-29"/>
      </object_component>
      <object_component id="oc-19a">
         <name>.const:g_sXTALtoMEMTIM</name>
         <load_address>0x7018</load_address>
         <run_address>0x7018</run_address>
         <size>0x30</size>
         <input_file_ref idref="fl-33"/>
      </object_component>
      <object_component id="oc-25c">
         <name>.const:g_ppui32SSIIntMap</name>
         <load_address>0x7048</load_address>
         <run_address>0x7048</run_address>
         <size>0x20</size>
         <input_file_ref idref="fl-31"/>
      </object_component>
      <object_component id="oc-25f">
         <name>.const:g_ppui32SSIIntMapSnowflake</name>
         <load_address>0x7068</load_address>
         <run_address>0x7068</run_address>
         <size>0x20</size>
         <input_file_ref idref="fl-31"/>
      </object_component>
      <object_component id="oc-29c">
         <name>.const:g_pui32Priority</name>
         <load_address>0x7088</load_address>
         <run_address>0x7088</run_address>
         <size>0x20</size>
         <input_file_ref idref="fl-2a"/>
      </object_component>
      <object_component id="oc-2a5">
         <name>.const:g_pui32Dii16Regs</name>
         <load_address>0x70a8</load_address>
         <run_address>0x70a8</run_address>
         <size>0x14</size>
         <input_file_ref idref="fl-2a"/>
      </object_component>
      <object_component id="oc-2a2">
         <name>.const:g_pui32EnRegs</name>
         <load_address>0x70bc</load_address>
         <run_address>0x70bc</run_address>
         <size>0x14</size>
         <input_file_ref idref="fl-2a"/>
      </object_component>
      <object_component id="oc-2a8">
         <name>.const:g_pui32PendRegs</name>
         <load_address>0x70d0</load_address>
         <run_address>0x70d0</run_address>
         <size>0x14</size>
         <input_file_ref idref="fl-2a"/>
      </object_component>
      <object_component id="oc-2ab">
         <name>.const:g_pui32UnpendRegs</name>
         <load_address>0x70e4</load_address>
         <run_address>0x70e4</run_address>
         <size>0x14</size>
         <input_file_ref idref="fl-2a"/>
      </object_component>
      <object_component id="oc-337">
         <name>.const:.string</name>
         <load_address>0x70f8</load_address>
         <run_address>0x70f8</run_address>
         <size>0x12</size>
         <input_file_ref idref="fl-38"/>
      </object_component>
      <object_component id="oc-27e">
         <name>.const:g_ui32UARTBase</name>
         <load_address>0x710c</load_address>
         <run_address>0x710c</run_address>
         <size>0xc</size>
         <input_file_ref idref="fl-38"/>
      </object_component>
      <object_component id="oc-278">
         <name>.const:g_ui32UARTPeriph</name>
         <load_address>0x7118</load_address>
         <run_address>0x7118</run_address>
         <size>0xc</size>
         <input_file_ref idref="fl-38"/>
      </object_component>
      <object_component id="oc-1ac">
         <name>.const:g_pui32VCOFrequencies</name>
         <load_address>0x7124</load_address>
         <run_address>0x7124</run_address>
         <size>0x8</size>
         <input_file_ref idref="fl-33"/>
      </object_component>
      <object_component id="oc-286">
         <name>.const</name>
         <load_address>0x712c</load_address>
         <run_address>0x712c</run_address>
         <size>0x4</size>
         <input_file_ref idref="fl-38"/>
      </object_component>
      <object_component id="oc-3cc">
         <name>.cinit..data.load</name>
         <load_address>0x7130</load_address>
         <run_address>0x7130</run_address>
         <size>0x24</size>
      </object_component>
      <object_component id="oc-3c9">
         <name>__TI_handler_table</name>
         <load_address>0x7154</load_address>
         <run_address>0x7154</run_address>
         <size>0xc</size>
      </object_component>
      <object_component id="oc-3cd">
         <name>.cinit..bss.load</name>
         <load_address>0x7160</load_address>
         <run_address>0x7160</run_address>
         <size>0x8</size>
      </object_component>
      <object_component id="oc-3cb">
         <name>.cinit..vtable.load</name>
         <load_address>0x7168</load_address>
         <run_address>0x7168</run_address>
         <size>0x8</size>
      </object_component>
      <object_component id="oc-3ca">
         <name>__TI_cinit_table</name>
         <load_address>0x7170</load_address>
         <run_address>0x7170</run_address>
         <size>0x18</size>
      </object_component>
      <object_component id="oc-299">
         <name>.vtable</name>
         <uninitialized>true</uninitialized>
         <run_address>0x20000000</run_address>
         <size>0x26c</size>
         <input_file_ref idref="fl-2a"/>
      </object_component>
      <object_component id="oc-10b">
         <name>.data</name>
         <load_address>0x200076e0</load_address>
         <run_address>0x200076e0</run_address>
         <size>0xc</size>
         <input_file_ref idref="fl-2"/>
      </object_component>
      <object_component id="oc-1db">
         <name>.data</name>
         <load_address>0x200076c8</load_address>
         <run_address>0x200076c8</run_address>
         <size>0x17</size>
         <input_file_ref idref="fl-3"/>
      </object_component>
      <object_component id="oc-27b">
         <name>.data</name>
         <load_address>0x200076f4</load_address>
         <run_address>0x200076f4</run_address>
         <size>0x5</size>
         <input_file_ref idref="fl-38"/>
      </object_component>
      <object_component id="oc-2e3">
         <name>.data</name>
         <load_address>0x200076fc</load_address>
         <run_address>0x200076fc</run_address>
         <size>0x4</size>
         <input_file_ref idref="fl-10f"/>
      </object_component>
      <object_component id="oc-235">
         <name>.data:$O1$$</name>
         <load_address>0x200076ec</load_address>
         <run_address>0x200076ec</run_address>
         <size>0x8</size>
         <input_file_ref idref="fl-119"/>
      </object_component>
      <object_component id="oc-227">
         <name>.bss:FIFOs</name>
         <uninitialized>true</uninitialized>
         <run_address>0x20007184</run_address>
         <size>0x150</size>
         <input_file_ref idref="fl-6"/>
      </object_component>
      <object_component id="oc-1cd">
         <name>.bss:threadControlBlocks</name>
         <uninitialized>true</uninitialized>
         <run_address>0x20006fcc</run_address>
         <size>0x1b8</size>
         <input_file_ref idref="fl-7"/>
      </object_component>
      <object_component id="oc-1d7">
         <name>.bss:threadStacks</name>
         <uninitialized>true</uninitialized>
         <run_address>0x2000026c</run_address>
         <size>0x6d60</size>
         <input_file_ref idref="fl-7"/>
      </object_component>
      <object_component id="oc-1c5">
         <name>.bss:pthreadControlBlocks</name>
         <uninitialized>true</uninitialized>
         <run_address>0x200073f4</run_address>
         <size>0x48</size>
         <input_file_ref idref="fl-7"/>
      </object_component>
      <object_component id="oc-1d0">
         <name>.bss</name>
         <uninitialized>true</uninitialized>
         <run_address>0x20007484</run_address>
         <size>0x8</size>
         <input_file_ref idref="fl-7"/>
      </object_component>
      <object_component id="oc-290">
         <name>.bss:g_pui8OversampleFactor</name>
         <uninitialized>true</uninitialized>
         <run_address>0x2000748c</run_address>
         <size>0x8</size>
         <input_file_ref idref="fl-1a"/>
      </object_component>
      <object_component id="oc-38f">
         <name>.bss:_CIOBUF_</name>
         <uninitialized>true</uninitialized>
         <run_address>0x200072d4</run_address>
         <size>0x120</size>
         <input_file_ref idref="fl-11c"/>
      </object_component>
      <object_component id="oc-1d4">
         <name>.common:IBit_State</name>
         <uninitialized>true</uninitialized>
         <run_address>0x200074a0</run_address>
         <size>0x4</size>
      </object_component>
      <object_component id="oc-114">
         <name>.common:sem_I2CA</name>
         <uninitialized>true</uninitialized>
         <run_address>0x200074a8</run_address>
         <size>0x4</size>
      </object_component>
      <object_component id="oc-116">
         <name>.common:sem_UART</name>
         <uninitialized>true</uninitialized>
         <run_address>0x200074c0</run_address>
         <size>0x4</size>
      </object_component>
      <object_component id="oc-113">
         <name>.common:sem_Render</name>
         <uninitialized>true</uninitialized>
         <run_address>0x200074b8</run_address>
         <size>0x4</size>
      </object_component>
      <object_component id="oc-10e">
         <name>.common:sem_SPIA</name>
         <uninitialized>true</uninitialized>
         <run_address>0x200074bc</run_address>
         <size>0x4</size>
      </object_component>
      <object_component id="oc-21e">
         <name>.common:sem_PCA9555_Debounce</name>
         <uninitialized>true</uninitialized>
         <run_address>0x200074b4</run_address>
         <size>0x4</size>
      </object_component>
      <object_component id="oc-21f">
         <name>.common:sem_Joystick_Debounce</name>
         <uninitialized>true</uninitialized>
         <run_address>0x200074b0</run_address>
         <size>0x4</size>
      </object_component>
      <object_component id="oc-115">
         <name>.common:sem_Joystick</name>
         <uninitialized>true</uninitialized>
         <run_address>0x200074ac</run_address>
         <size>0x4</size>
      </object_component>
      <object_component id="oc-21c">
         <name>.common:gameNew</name>
         <uninitialized>true</uninitialized>
         <run_address>0x2000743c</run_address>
         <size>0x24</size>
      </object_component>
      <object_component id="oc-21d">
         <name>.common:gamePrev</name>
         <uninitialized>true</uninitialized>
         <run_address>0x20007460</run_address>
         <size>0x24</size>
      </object_component>
      <object_component id="oc-1c4">
         <name>.common:SystemTime</name>
         <uninitialized>true</uninitialized>
         <run_address>0x200074a4</run_address>
         <size>0x4</size>
      </object_component>
      <object_component id="oc-1d3">
         <name>.common:CurrentlyRunningThread</name>
         <uninitialized>true</uninitialized>
         <run_address>0x2000749c</run_address>
         <size>0x4</size>
      </object_component>
      <object_component id="oc-35e">
         <name>.common:parmbuf</name>
         <uninitialized>true</uninitialized>
         <run_address>0x20007494</run_address>
         <size>0x8</size>
      </object_component>
      <object_component id="oc-24">
         <name>.stack</name>
         <uninitialized>true</uninitialized>
         <run_address>0x200074c8</run_address>
         <size>0x4</size>
         <input_file_ref idref="fl-110"/>
      </object_component>
      <object_component id="oc-3cf">
         <name>.stack</name>
         <uninitialized>true</uninitialized>
         <run_address>0x200074c8</run_address>
         <size>0x0</size>
      </object_component>
      <object_component id="oc-b7">
         <name>.debug_info</name>
         <load_address>0x0</load_address>
         <run_address>0x0</run_address>
         <size>0x6d7</size>
         <input_file_ref idref="fl-2"/>
      </object_component>
      <object_component id="oc-10c">
         <name>.debug_info</name>
         <load_address>0x6d7</load_address>
         <run_address>0x6d7</run_address>
         <size>0xfc</size>
         <input_file_ref idref="fl-2"/>
      </object_component>
      <object_component id="oc-9c">
         <name>.debug_info</name>
         <load_address>0x7d3</load_address>
         <run_address>0x7d3</run_address>
         <size>0x39a</size>
         <input_file_ref idref="fl-2"/>
      </object_component>
      <object_component id="oc-15d">
         <name>.debug_info</name>
         <load_address>0xb6d</load_address>
         <run_address>0xb6d</run_address>
         <size>0x7e</size>
         <input_file_ref idref="fl-2"/>
      </object_component>
      <object_component id="oc-70">
         <name>.debug_info</name>
         <load_address>0xbeb</load_address>
         <run_address>0xbeb</run_address>
         <size>0x26b</size>
         <input_file_ref idref="fl-2"/>
      </object_component>
      <object_component id="oc-b2">
         <name>.debug_info</name>
         <load_address>0xe56</load_address>
         <run_address>0xe56</run_address>
         <size>0x8b</size>
         <input_file_ref idref="fl-2"/>
      </object_component>
      <object_component id="oc-ad">
         <name>.debug_info</name>
         <load_address>0xee1</load_address>
         <run_address>0xee1</run_address>
         <size>0x2a4</size>
         <input_file_ref idref="fl-2"/>
      </object_component>
      <object_component id="oc-1b3">
         <name>.debug_info</name>
         <load_address>0x1185</load_address>
         <run_address>0x1185</run_address>
         <size>0xef</size>
         <input_file_ref idref="fl-2"/>
      </object_component>
      <object_component id="oc-75">
         <name>.debug_info</name>
         <load_address>0x1274</load_address>
         <run_address>0x1274</run_address>
         <size>0xbb</size>
         <input_file_ref idref="fl-2"/>
      </object_component>
      <object_component id="oc-158">
         <name>.debug_info</name>
         <load_address>0x132f</load_address>
         <run_address>0x132f</run_address>
         <size>0x2c</size>
         <input_file_ref idref="fl-2"/>
      </object_component>
      <object_component id="oc-162">
         <name>.debug_info</name>
         <load_address>0x135b</load_address>
         <run_address>0x135b</run_address>
         <size>0x2b4</size>
         <input_file_ref idref="fl-2"/>
      </object_component>
      <object_component id="oc-28b">
         <name>.debug_info</name>
         <load_address>0x160f</load_address>
         <run_address>0x160f</run_address>
         <size>0x2c</size>
         <input_file_ref idref="fl-2"/>
      </object_component>
      <object_component id="oc-167">
         <name>.debug_info</name>
         <load_address>0x163b</load_address>
         <run_address>0x163b</run_address>
         <size>0x35</size>
         <input_file_ref idref="fl-2"/>
      </object_component>
      <object_component id="oc-10f">
         <name>.debug_info</name>
         <load_address>0x1670</load_address>
         <run_address>0x1670</run_address>
         <size>0x654</size>
         <input_file_ref idref="fl-3"/>
      </object_component>
      <object_component id="oc-1dc">
         <name>.debug_info</name>
         <load_address>0x1cc4</load_address>
         <run_address>0x1cc4</run_address>
         <size>0x326</size>
         <input_file_ref idref="fl-3"/>
      </object_component>
      <object_component id="oc-fa">
         <name>.debug_info</name>
         <load_address>0x1fea</load_address>
         <run_address>0x1fea</run_address>
         <size>0x865</size>
         <input_file_ref idref="fl-3"/>
      </object_component>
      <object_component id="oc-221">
         <name>.debug_info</name>
         <load_address>0x284f</load_address>
         <run_address>0x284f</run_address>
         <size>0x189</size>
         <input_file_ref idref="fl-3"/>
      </object_component>
      <object_component id="oc-2f">
         <name>.debug_info</name>
         <load_address>0x29d8</load_address>
         <run_address>0x29d8</run_address>
         <size>0x16d</size>
         <input_file_ref idref="fl-4"/>
      </object_component>
      <object_component id="oc-13">
         <name>.debug_info</name>
         <load_address>0x2b45</load_address>
         <run_address>0x2b45</run_address>
         <size>0xda</size>
         <input_file_ref idref="fl-4"/>
      </object_component>
      <object_component id="oc-28">
         <name>.debug_info</name>
         <load_address>0x2c1f</load_address>
         <run_address>0x2c1f</run_address>
         <size>0x256</size>
         <input_file_ref idref="fl-4"/>
      </object_component>
      <object_component id="oc-36">
         <name>.debug_info</name>
         <load_address>0x2e75</load_address>
         <run_address>0x2e75</run_address>
         <size>0x84</size>
         <input_file_ref idref="fl-4"/>
      </object_component>
      <object_component id="oc-1c9">
         <name>.debug_info</name>
         <load_address>0x2ef9</load_address>
         <run_address>0x2ef9</run_address>
         <size>0x13a</size>
         <input_file_ref idref="fl-5"/>
      </object_component>
      <object_component id="oc-2eb">
         <name>.debug_info</name>
         <load_address>0x3033</load_address>
         <run_address>0x3033</run_address>
         <size>0x20c</size>
         <input_file_ref idref="fl-6"/>
      </object_component>
      <object_component id="oc-228">
         <name>.debug_info</name>
         <load_address>0x323f</load_address>
         <run_address>0x323f</run_address>
         <size>0xc8</size>
         <input_file_ref idref="fl-6"/>
      </object_component>
      <object_component id="oc-106">
         <name>.debug_info</name>
         <load_address>0x3307</load_address>
         <run_address>0x3307</run_address>
         <size>0x3a7</size>
         <input_file_ref idref="fl-6"/>
      </object_component>
      <object_component id="oc-374">
         <name>.debug_info</name>
         <load_address>0x36ae</load_address>
         <run_address>0x36ae</run_address>
         <size>0xb2</size>
         <input_file_ref idref="fl-6"/>
      </object_component>
      <object_component id="oc-111">
         <name>.debug_info</name>
         <load_address>0x3760</load_address>
         <run_address>0x3760</run_address>
         <size>0x5d1</size>
         <input_file_ref idref="fl-7"/>
      </object_component>
      <object_component id="oc-1ce">
         <name>.debug_info</name>
         <load_address>0x3d31</load_address>
         <run_address>0x3d31</run_address>
         <size>0xea</size>
         <input_file_ref idref="fl-7"/>
      </object_component>
      <object_component id="oc-1d8">
         <name>.debug_info</name>
         <load_address>0x3e1b</load_address>
         <run_address>0x3e1b</run_address>
         <size>0xdc</size>
         <input_file_ref idref="fl-7"/>
      </object_component>
      <object_component id="oc-1c6">
         <name>.debug_info</name>
         <load_address>0x3ef7</load_address>
         <run_address>0x3ef7</run_address>
         <size>0xec</size>
         <input_file_ref idref="fl-7"/>
      </object_component>
      <object_component id="oc-1d1">
         <name>.debug_info</name>
         <load_address>0x3fe3</load_address>
         <run_address>0x3fe3</run_address>
         <size>0x112</size>
         <input_file_ref idref="fl-7"/>
      </object_component>
      <object_component id="oc-f4">
         <name>.debug_info</name>
         <load_address>0x40f5</load_address>
         <run_address>0x40f5</run_address>
         <size>0xf23</size>
         <input_file_ref idref="fl-7"/>
      </object_component>
      <object_component id="oc-1c0">
         <name>.debug_info</name>
         <load_address>0x5018</load_address>
         <run_address>0x5018</run_address>
         <size>0x136</size>
         <input_file_ref idref="fl-8"/>
      </object_component>
      <object_component id="oc-1d5">
         <name>.debug_info</name>
         <load_address>0x514e</load_address>
         <run_address>0x514e</run_address>
         <size>0x22e</size>
         <input_file_ref idref="fl-9"/>
      </object_component>
      <object_component id="oc-100">
         <name>.debug_info</name>
         <load_address>0x537c</load_address>
         <run_address>0x537c</run_address>
         <size>0x391</size>
         <input_file_ref idref="fl-9"/>
      </object_component>
      <object_component id="oc-183">
         <name>.debug_info</name>
         <load_address>0x570d</load_address>
         <run_address>0x570d</run_address>
         <size>0x2cd</size>
         <input_file_ref idref="fl-f"/>
      </object_component>
      <object_component id="oc-d6">
         <name>.debug_info</name>
         <load_address>0x59da</load_address>
         <run_address>0x59da</run_address>
         <size>0x119a</size>
         <input_file_ref idref="fl-f"/>
      </object_component>
      <object_component id="oc-d0">
         <name>.debug_info</name>
         <load_address>0x6b74</load_address>
         <run_address>0x6b74</run_address>
         <size>0x1daf</size>
         <input_file_ref idref="fl-14"/>
      </object_component>
      <object_component id="oc-dc">
         <name>.debug_info</name>
         <load_address>0x8923</load_address>
         <run_address>0x8923</run_address>
         <size>0x2b3</size>
         <input_file_ref idref="fl-15"/>
      </object_component>
      <object_component id="oc-26d">
         <name>.debug_info</name>
         <load_address>0x8bd6</load_address>
         <run_address>0x8bd6</run_address>
         <size>0x42c</size>
         <input_file_ref idref="fl-16"/>
      </object_component>
      <object_component id="oc-17d">
         <name>.debug_info</name>
         <load_address>0x9002</load_address>
         <run_address>0x9002</run_address>
         <size>0xaf6</size>
         <input_file_ref idref="fl-16"/>
      </object_component>
      <object_component id="oc-199">
         <name>.debug_info</name>
         <load_address>0x9af8</load_address>
         <run_address>0x9af8</run_address>
         <size>0x517</size>
         <input_file_ref idref="fl-17"/>
      </object_component>
      <object_component id="oc-e8">
         <name>.debug_info</name>
         <load_address>0xa00f</load_address>
         <run_address>0xa00f</run_address>
         <size>0x6c3</size>
         <input_file_ref idref="fl-17"/>
      </object_component>
      <object_component id="oc-179">
         <name>.debug_info</name>
         <load_address>0xa6d2</load_address>
         <run_address>0xa6d2</run_address>
         <size>0x356</size>
         <input_file_ref idref="fl-18"/>
      </object_component>
      <object_component id="oc-ca">
         <name>.debug_info</name>
         <load_address>0xaa28</load_address>
         <run_address>0xaa28</run_address>
         <size>0x6d8</size>
         <input_file_ref idref="fl-18"/>
      </object_component>
      <object_component id="oc-e2">
         <name>.debug_info</name>
         <load_address>0xb100</load_address>
         <run_address>0xb100</run_address>
         <size>0x21b</size>
         <input_file_ref idref="fl-19"/>
      </object_component>
      <object_component id="oc-294">
         <name>.debug_info</name>
         <load_address>0xb31b</load_address>
         <run_address>0xb31b</run_address>
         <size>0x1f3</size>
         <input_file_ref idref="fl-1a"/>
      </object_component>
      <object_component id="oc-291">
         <name>.debug_info</name>
         <load_address>0xb50e</load_address>
         <run_address>0xb50e</run_address>
         <size>0xe2</size>
         <input_file_ref idref="fl-1a"/>
      </object_component>
      <object_component id="oc-193">
         <name>.debug_info</name>
         <load_address>0xb5f0</load_address>
         <run_address>0xb5f0</run_address>
         <size>0x2b36</size>
         <input_file_ref idref="fl-1a"/>
      </object_component>
      <object_component id="oc-1a4">
         <name>.debug_info</name>
         <load_address>0xe126</load_address>
         <run_address>0xe126</run_address>
         <size>0x327</size>
         <input_file_ref idref="fl-1e"/>
      </object_component>
      <object_component id="oc-25b">
         <name>.debug_info</name>
         <load_address>0xe44d</load_address>
         <run_address>0xe44d</run_address>
         <size>0x21d</size>
         <input_file_ref idref="fl-27"/>
      </object_component>
      <object_component id="oc-252">
         <name>.debug_info</name>
         <load_address>0xe66a</load_address>
         <run_address>0xe66a</run_address>
         <size>0xeb</size>
         <input_file_ref idref="fl-27"/>
      </object_component>
      <object_component id="oc-255">
         <name>.debug_info</name>
         <load_address>0xe755</load_address>
         <run_address>0xe755</run_address>
         <size>0xed</size>
         <input_file_ref idref="fl-27"/>
      </object_component>
      <object_component id="oc-258">
         <name>.debug_info</name>
         <load_address>0xe842</load_address>
         <run_address>0xe842</run_address>
         <size>0xdf</size>
         <input_file_ref idref="fl-27"/>
      </object_component>
      <object_component id="oc-16d">
         <name>.debug_info</name>
         <load_address>0xe921</load_address>
         <run_address>0xe921</run_address>
         <size>0x31d4</size>
         <input_file_ref idref="fl-27"/>
      </object_component>
      <object_component id="oc-322">
         <name>.debug_info</name>
         <load_address>0x11af5</load_address>
         <run_address>0x11af5</run_address>
         <size>0x20e</size>
         <input_file_ref idref="fl-29"/>
      </object_component>
      <object_component id="oc-31c">
         <name>.debug_info</name>
         <load_address>0x11d03</load_address>
         <run_address>0x11d03</run_address>
         <size>0xd8</size>
         <input_file_ref idref="fl-29"/>
      </object_component>
      <object_component id="oc-31f">
         <name>.debug_info</name>
         <load_address>0x11ddb</load_address>
         <run_address>0x11ddb</run_address>
         <size>0xea</size>
         <input_file_ref idref="fl-29"/>
      </object_component>
      <object_component id="oc-267">
         <name>.debug_info</name>
         <load_address>0x11ec5</load_address>
         <run_address>0x11ec5</run_address>
         <size>0x2b44</size>
         <input_file_ref idref="fl-29"/>
      </object_component>
      <object_component id="oc-2af">
         <name>.debug_info</name>
         <load_address>0x14a09</load_address>
         <run_address>0x14a09</run_address>
         <size>0x1fa</size>
         <input_file_ref idref="fl-2a"/>
      </object_component>
      <object_component id="oc-29d">
         <name>.debug_info</name>
         <load_address>0x14c03</load_address>
         <run_address>0x14c03</run_address>
         <size>0xda</size>
         <input_file_ref idref="fl-2a"/>
      </object_component>
      <object_component id="oc-2a0">
         <name>.debug_info</name>
         <load_address>0x14cdd</load_address>
         <run_address>0x14cdd</run_address>
         <size>0xd2</size>
         <input_file_ref idref="fl-2a"/>
      </object_component>
      <object_component id="oc-2a3">
         <name>.debug_info</name>
         <load_address>0x14daf</load_address>
         <run_address>0x14daf</run_address>
         <size>0xd6</size>
         <input_file_ref idref="fl-2a"/>
      </object_component>
      <object_component id="oc-2a6">
         <name>.debug_info</name>
         <load_address>0x14e85</load_address>
         <run_address>0x14e85</run_address>
         <size>0xdc</size>
         <input_file_ref idref="fl-2a"/>
      </object_component>
      <object_component id="oc-2a9">
         <name>.debug_info</name>
         <load_address>0x14f61</load_address>
         <run_address>0x14f61</run_address>
         <size>0xda</size>
         <input_file_ref idref="fl-2a"/>
      </object_component>
      <object_component id="oc-2ac">
         <name>.debug_info</name>
         <load_address>0x1503b</load_address>
         <run_address>0x1503b</run_address>
         <size>0xde</size>
         <input_file_ref idref="fl-2a"/>
      </object_component>
      <object_component id="oc-29a">
         <name>.debug_info</name>
         <load_address>0x15119</load_address>
         <run_address>0x15119</run_address>
         <size>0xdb</size>
         <input_file_ref idref="fl-2a"/>
      </object_component>
      <object_component id="oc-19e">
         <name>.debug_info</name>
         <load_address>0x151f4</load_address>
         <run_address>0x151f4</run_address>
         <size>0xcdb</size>
         <input_file_ref idref="fl-2a"/>
      </object_component>
      <object_component id="oc-263">
         <name>.debug_info</name>
         <load_address>0x15ecf</load_address>
         <run_address>0x15ecf</run_address>
         <size>0x1fe</size>
         <input_file_ref idref="fl-31"/>
      </object_component>
      <object_component id="oc-25d">
         <name>.debug_info</name>
         <load_address>0x160cd</load_address>
         <run_address>0x160cd</run_address>
         <size>0xd8</size>
         <input_file_ref idref="fl-31"/>
      </object_component>
      <object_component id="oc-260">
         <name>.debug_info</name>
         <load_address>0x161a5</load_address>
         <run_address>0x161a5</run_address>
         <size>0xea</size>
         <input_file_ref idref="fl-31"/>
      </object_component>
      <object_component id="oc-173">
         <name>.debug_info</name>
         <load_address>0x1628f</load_address>
         <run_address>0x1628f</run_address>
         <size>0x1653</size>
         <input_file_ref idref="fl-31"/>
      </object_component>
      <object_component id="oc-1b8">
         <name>.debug_info</name>
         <load_address>0x178e2</load_address>
         <run_address>0x178e2</run_address>
         <size>0x27f</size>
         <input_file_ref idref="fl-33"/>
      </object_component>
      <object_component id="oc-1aa">
         <name>.debug_info</name>
         <load_address>0x17b61</load_address>
         <run_address>0x17b61</run_address>
         <size>0xd1</size>
         <input_file_ref idref="fl-33"/>
      </object_component>
      <object_component id="oc-1b0">
         <name>.debug_info</name>
         <load_address>0x17c32</load_address>
         <run_address>0x17c32</run_address>
         <size>0xdd</size>
         <input_file_ref idref="fl-33"/>
      </object_component>
      <object_component id="oc-19b">
         <name>.debug_info</name>
         <load_address>0x17d0f</load_address>
         <run_address>0x17d0f</run_address>
         <size>0xd7</size>
         <input_file_ref idref="fl-33"/>
      </object_component>
      <object_component id="oc-1ad">
         <name>.debug_info</name>
         <load_address>0x17de6</load_address>
         <run_address>0x17de6</run_address>
         <size>0xe4</size>
         <input_file_ref idref="fl-33"/>
      </object_component>
      <object_component id="oc-ee">
         <name>.debug_info</name>
         <load_address>0x17eca</load_address>
         <run_address>0x17eca</run_address>
         <size>0x2b21</size>
         <input_file_ref idref="fl-33"/>
      </object_component>
      <object_component id="oc-2b9">
         <name>.debug_info</name>
         <load_address>0x1a9eb</load_address>
         <run_address>0x1a9eb</run_address>
         <size>0x51</size>
         <input_file_ref idref="fl-33"/>
      </object_component>
      <object_component id="oc-2be">
         <name>.debug_info</name>
         <load_address>0x1aa3c</load_address>
         <run_address>0x1aa3c</run_address>
         <size>0x189</size>
         <input_file_ref idref="fl-35"/>
      </object_component>
      <object_component id="oc-1ba">
         <name>.debug_info</name>
         <load_address>0x1abc5</load_address>
         <run_address>0x1abc5</run_address>
         <size>0x530</size>
         <input_file_ref idref="fl-35"/>
      </object_component>
      <object_component id="oc-277">
         <name>.debug_info</name>
         <load_address>0x1b0f5</load_address>
         <run_address>0x1b0f5</run_address>
         <size>0x1ff</size>
         <input_file_ref idref="fl-37"/>
      </object_component>
      <object_component id="oc-271">
         <name>.debug_info</name>
         <load_address>0x1b2f4</load_address>
         <run_address>0x1b2f4</run_address>
         <size>0xdb</size>
         <input_file_ref idref="fl-37"/>
      </object_component>
      <object_component id="oc-274">
         <name>.debug_info</name>
         <load_address>0x1b3cf</load_address>
         <run_address>0x1b3cf</run_address>
         <size>0xed</size>
         <input_file_ref idref="fl-37"/>
      </object_component>
      <object_component id="oc-186">
         <name>.debug_info</name>
         <load_address>0x1b4bc</load_address>
         <run_address>0x1b4bc</run_address>
         <size>0x26ed</size>
         <input_file_ref idref="fl-37"/>
      </object_component>
      <object_component id="oc-28a">
         <name>.debug_info</name>
         <load_address>0x1dba9</load_address>
         <run_address>0x1dba9</run_address>
         <size>0x2ab</size>
         <input_file_ref idref="fl-38"/>
      </object_component>
      <object_component id="oc-27c">
         <name>.debug_info</name>
         <load_address>0x1de54</load_address>
         <run_address>0x1de54</run_address>
         <size>0xd0</size>
         <input_file_ref idref="fl-38"/>
      </object_component>
      <object_component id="oc-287">
         <name>.debug_info</name>
         <load_address>0x1df24</load_address>
         <run_address>0x1df24</run_address>
         <size>0xca</size>
         <input_file_ref idref="fl-38"/>
      </object_component>
      <object_component id="oc-27f">
         <name>.debug_info</name>
         <load_address>0x1dfee</load_address>
         <run_address>0x1dfee</run_address>
         <size>0xd8</size>
         <input_file_ref idref="fl-38"/>
      </object_component>
      <object_component id="oc-279">
         <name>.debug_info</name>
         <load_address>0x1e0c6</load_address>
         <run_address>0x1e0c6</run_address>
         <size>0xdc</size>
         <input_file_ref idref="fl-38"/>
      </object_component>
      <object_component id="oc-18c">
         <name>.debug_info</name>
         <load_address>0x1e1a2</load_address>
         <run_address>0x1e1a2</run_address>
         <size>0x7f1</size>
         <input_file_ref idref="fl-38"/>
      </object_component>
      <object_component id="oc-1f4">
         <name>.debug_info</name>
         <load_address>0x1e993</load_address>
         <run_address>0x1e993</run_address>
         <size>0x128</size>
         <input_file_ref idref="fl-fd"/>
      </object_component>
      <object_component id="oc-1fa">
         <name>.debug_info</name>
         <load_address>0x1eabb</load_address>
         <run_address>0x1eabb</run_address>
         <size>0x12a</size>
         <input_file_ref idref="fl-fd"/>
      </object_component>
      <object_component id="oc-1e4">
         <name>.debug_info</name>
         <load_address>0x1ebe5</load_address>
         <run_address>0x1ebe5</run_address>
         <size>0x140</size>
         <input_file_ref idref="fl-100"/>
      </object_component>
      <object_component id="oc-207">
         <name>.debug_info</name>
         <load_address>0x1ed25</load_address>
         <run_address>0x1ed25</run_address>
         <size>0x14c</size>
         <input_file_ref idref="fl-101"/>
      </object_component>
      <object_component id="oc-202">
         <name>.debug_info</name>
         <load_address>0x1ee71</load_address>
         <run_address>0x1ee71</run_address>
         <size>0x14e</size>
         <input_file_ref idref="fl-101"/>
      </object_component>
      <object_component id="oc-1e9">
         <name>.debug_info</name>
         <load_address>0x1efbf</load_address>
         <run_address>0x1efbf</run_address>
         <size>0x13a</size>
         <input_file_ref idref="fl-102"/>
      </object_component>
      <object_component id="oc-1fd">
         <name>.debug_info</name>
         <load_address>0x1f0f9</load_address>
         <run_address>0x1f0f9</run_address>
         <size>0x13a</size>
         <input_file_ref idref="fl-103"/>
      </object_component>
      <object_component id="oc-1ee">
         <name>.debug_info</name>
         <load_address>0x1f233</load_address>
         <run_address>0x1f233</run_address>
         <size>0x12c</size>
         <input_file_ref idref="fl-104"/>
      </object_component>
      <object_component id="oc-218">
         <name>.debug_info</name>
         <load_address>0x1f35f</load_address>
         <run_address>0x1f35f</run_address>
         <size>0x12e</size>
         <input_file_ref idref="fl-105"/>
      </object_component>
      <object_component id="oc-1df">
         <name>.debug_info</name>
         <load_address>0x1f48d</load_address>
         <run_address>0x1f48d</run_address>
         <size>0x12b</size>
         <input_file_ref idref="fl-109"/>
      </object_component>
      <object_component id="oc-90">
         <name>.debug_info</name>
         <load_address>0x1f5b8</load_address>
         <run_address>0x1f5b8</run_address>
         <size>0x147</size>
         <input_file_ref idref="fl-10a"/>
      </object_component>
      <object_component id="oc-282">
         <name>.debug_info</name>
         <load_address>0x1f6ff</load_address>
         <run_address>0x1f6ff</run_address>
         <size>0x142</size>
         <input_file_ref idref="fl-10b"/>
      </object_component>
      <object_component id="oc-8e">
         <name>.debug_info</name>
         <load_address>0x1f841</load_address>
         <run_address>0x1f841</run_address>
         <size>0x1a6</size>
         <input_file_ref idref="fl-10c"/>
      </object_component>
      <object_component id="oc-4e">
         <name>.debug_info</name>
         <load_address>0x1f9e7</load_address>
         <run_address>0x1f9e7</run_address>
         <size>0x1b5</size>
         <input_file_ref idref="fl-10c"/>
      </object_component>
      <object_component id="oc-89">
         <name>.debug_info</name>
         <load_address>0x1fb9c</load_address>
         <run_address>0x1fb9c</run_address>
         <size>0x46</size>
         <input_file_ref idref="fl-10c"/>
      </object_component>
      <object_component id="oc-c0">
         <name>.debug_info</name>
         <load_address>0x1fbe2</load_address>
         <run_address>0x1fbe2</run_address>
         <size>0x2c</size>
         <input_file_ref idref="fl-10c"/>
      </object_component>
      <object_component id="oc-46">
         <name>.debug_info</name>
         <load_address>0x1fc0e</load_address>
         <run_address>0x1fc0e</run_address>
         <size>0x17a</size>
         <input_file_ref idref="fl-10d"/>
      </object_component>
      <object_component id="oc-1c">
         <name>.debug_info</name>
         <load_address>0x1fd88</load_address>
         <run_address>0x1fd88</run_address>
         <size>0x1ea</size>
         <input_file_ref idref="fl-10d"/>
      </object_component>
      <object_component id="oc-41">
         <name>.debug_info</name>
         <load_address>0x1ff72</load_address>
         <run_address>0x1ff72</run_address>
         <size>0x46</size>
         <input_file_ref idref="fl-10d"/>
      </object_component>
      <object_component id="oc-81">
         <name>.debug_info</name>
         <load_address>0x1ffb8</load_address>
         <run_address>0x1ffb8</run_address>
         <size>0x2c</size>
         <input_file_ref idref="fl-10d"/>
      </object_component>
      <object_component id="oc-7f">
         <name>.debug_info</name>
         <load_address>0x1ffe4</load_address>
         <run_address>0x1ffe4</run_address>
         <size>0x170</size>
         <input_file_ref idref="fl-10e"/>
      </object_component>
      <object_component id="oc-16">
         <name>.debug_info</name>
         <load_address>0x20154</load_address>
         <run_address>0x20154</run_address>
         <size>0x250</size>
         <input_file_ref idref="fl-10e"/>
      </object_component>
      <object_component id="oc-31">
         <name>.debug_info</name>
         <load_address>0x203a4</load_address>
         <run_address>0x203a4</run_address>
         <size>0x60</size>
         <input_file_ref idref="fl-10e"/>
      </object_component>
      <object_component id="oc-b9">
         <name>.debug_info</name>
         <load_address>0x20404</load_address>
         <run_address>0x20404</run_address>
         <size>0x46</size>
         <input_file_ref idref="fl-10e"/>
      </object_component>
      <object_component id="oc-7a">
         <name>.debug_info</name>
         <load_address>0x2044a</load_address>
         <run_address>0x2044a</run_address>
         <size>0x39</size>
         <input_file_ref idref="fl-10e"/>
      </object_component>
      <object_component id="oc-2e7">
         <name>.debug_info</name>
         <load_address>0x20483</load_address>
         <run_address>0x20483</run_address>
         <size>0x18c</size>
         <input_file_ref idref="fl-10f"/>
      </object_component>
      <object_component id="oc-2e4">
         <name>.debug_info</name>
         <load_address>0x2060f</load_address>
         <run_address>0x2060f</run_address>
         <size>0xfb</size>
         <input_file_ref idref="fl-10f"/>
      </object_component>
      <object_component id="oc-212">
         <name>.debug_info</name>
         <load_address>0x2070a</load_address>
         <run_address>0x2070a</run_address>
         <size>0x15d</size>
         <input_file_ref idref="fl-10f"/>
      </object_component>
      <object_component id="oc-25">
         <name>.debug_info</name>
         <load_address>0x20867</load_address>
         <run_address>0x20867</run_address>
         <size>0x10b</size>
         <input_file_ref idref="fl-110"/>
      </object_component>
      <object_component id="oc-5a">
         <name>.debug_info</name>
         <load_address>0x20972</load_address>
         <run_address>0x20972</run_address>
         <size>0x1a9</size>
         <input_file_ref idref="fl-110"/>
      </object_component>
      <object_component id="oc-2e2">
         <name>.debug_info</name>
         <load_address>0x20b1b</load_address>
         <run_address>0x20b1b</run_address>
         <size>0x176</size>
         <input_file_ref idref="fl-111"/>
      </object_component>
      <object_component id="oc-20c">
         <name>.debug_info</name>
[...]
      </symbol>
      <symbol id="sm-854">
         <name>SysCtlPeripheralDisable</name>
         <value>0x555</value>
         <object_component_ref idref="oc-ed"/>
      </symbol>
      <symbol id="sm-855">
         <name>SysCtlPWMClockSet</name>
         <value>0x1007</value>
         <object_component_ref idref="oc-ed"/>
      </symbol>
      <symbol id="sm-856">
         <name>SysCtlUSBPLLEnable</name>
         <value>0x106f</value>
         <object_component_ref idref="oc-ed"/>
      </symbol>
      <symbol id="sm-857">
         <name>SysCtlPeripheralSleepEnable</name>
         <value>0x59d</value>
         <object_component_ref idref="oc-ed"/>
      </symbol>
      <symbol id="sm-858">
         <name>SysCtlIntUnregister</name>
         <value>0x731</value>
         <object_component_ref idref="oc-ed"/>
      </symbol>
      <symbol id="sm-859">
         <name>SysCtlUSBPLLDisable</name>
         <value>0x107b</value>
         <object_component_ref idref="oc-ed"/>
      </symbol>
      <symbol id="sm-85a">
         <name>SysCtlPeripheralReady</name>
         <value>0x3c9</value>
         <object_component_ref idref="oc-ed"/>
      </symbol>
      <symbol id="sm-85b">
         <name>SysCtlPIOSCCalibrate</name>
         <value>0x845</value>
         <object_component_ref idref="oc-ed"/>
      </symbol>
      <symbol id="sm-85c">
         <name>SysCtlResetCauseClear</name>
         <value>0x81b</value>
         <object_component_ref idref="oc-ed"/>
      </symbol>
      <symbol id="sm-85d">
         <name>SysCtlLDOSleepGet</name>
         <value>0x7a9</value>
         <object_component_ref idref="oc-ed"/>
      </symbol>
      <symbol id="sm-85e">
         <name>SysCtlClockFreqSet</name>
         <value>0x8f5</value>
         <object_component_ref idref="oc-ed"/>
      </symbol>
      <symbol id="sm-85f">
         <name>SysCtlPeripheralReset</name>
         <value>0x489</value>
         <object_component_ref idref="oc-ed"/>
      </symbol>
      <symbol id="sm-879">
         <name>SysTickIntDisable</name>
         <value>0x6339</value>
         <object_component_ref idref="oc-1b9"/>
      </symbol>
      <symbol id="sm-87a">
         <name>SysTickEnable</name>
         <value>0x62e9</value>
         <object_component_ref idref="oc-1b9"/>
      </symbol>
      <symbol id="sm-87b">
         <name>SysTickPeriodGet</name>
         <value>0x6357</value>
         <object_component_ref idref="oc-1b9"/>
      </symbol>
      <symbol id="sm-87c">
         <name>SysTickIntRegister</name>
         <value>0x6301</value>
         <object_component_ref idref="oc-1b9"/>
      </symbol>
      <symbol id="sm-87d">
         <name>SysTickIntEnable</name>
         <value>0x632d</value>
         <object_component_ref idref="oc-1b9"/>
      </symbol>
      <symbol id="sm-87e">
         <name>SysTickValueGet</name>
         <value>0x635f</value>
         <object_component_ref idref="oc-1b9"/>
      </symbol>
      <symbol id="sm-87f">
         <name>SysTickIntUnregister</name>
         <value>0x6319</value>
         <object_component_ref idref="oc-1b9"/>
      </symbol>
      <symbol id="sm-880">
         <name>SysTickPeriodSet</name>
         <value>0x6345</value>
         <object_component_ref idref="oc-1b9"/>
      </symbol>
      <symbol id="sm-881">
         <name>SysTickDisable</name>
         <value>0x62f5</value>
         <object_component_ref idref="oc-1b9"/>
      </symbol>
      <symbol id="sm-8f5">
         <name>UARTClockSourceGet</name>
         <value>0x43f7</value>
         <object_component_ref idref="oc-185"/>
      </symbol>
      <symbol id="sm-8f6">
         <name>UARTCharPutNonBlocking</name>
         <value>0x4269</value>
         <object_component_ref idref="oc-185"/>
      </symbol>
      <symbol id="sm-8f7">
         <name>UARTDMAEnable</name>
         <value>0x4391</value>
         <object_component_ref idref="oc-185"/>
      </symbol>
      <symbol id="sm-8f8">
         <name>UARTTxIntModeSet</name>
         <value>0x41cd</value>
         <object_component_ref idref="oc-185"/>
      </symbol>
      <symbol id="sm-8f9">
         <name>UARTFIFODisable</name>
         <value>0x407b</value>
         <object_component_ref idref="oc-185"/>
      </symbol>
      <symbol id="sm-8fa">
         <name>UARTIntUnregister</name>
         <value>0x4311</value>
         <object_component_ref idref="oc-185"/>
      </symbol>
      <symbol id="sm-8fb">
         <name>UARTRxErrorClear</name>
         <value>0x43d3</value>
         <object_component_ref idref="oc-185"/>
      </symbol>
      <symbol id="sm-8fc">
         <name>UARTModemControlSet</name>
         <value>0x411d</value>
         <object_component_ref idref="oc-185"/>
      </symbol>
      <symbol id="sm-8fd">
         <name>UARTFlowControlSet</name>
         <value>0x419f</value>
         <object_component_ref idref="oc-185"/>
      </symbol>
      <symbol id="sm-8fe">
         <name>UARTConfigSetExpClk</name>
         <value>0x3f55</value>
         <object_component_ref idref="oc-185"/>
      </symbol>
      <symbol id="sm-8ff">
         <name>UARTSmartCardDisable</name>
         <value>0x4107</value>
         <object_component_ref idref="oc-185"/>
      </symbol>
      <symbol id="sm-900">
         <name>UARTDisable</name>
         <value>0x403b</value>
         <object_component_ref idref="oc-185"/>
      </symbol>
      <symbol id="sm-901">
         <name>UART9BitDisable</name>
         <value>0x441d</value>
         <object_component_ref idref="oc-185"/>
      </symbol>
      <symbol id="sm-902">
         <name>UARTFIFOLevelGet</name>
         <value>0x3f2d</value>
         <object_component_ref idref="oc-185"/>
      </symbol>
      <symbol id="sm-903">
         <name>UARTBusy</name>
         <value>0x42d5</value>
         <object_component_ref idref="oc-185"/>
      </symbol>
      <symbol id="sm-904">
         <name>UARTDisableSIR</name>
         <value>0x40bf</value>
         <object_component_ref idref="oc-185"/>
      </symbol>
      <symbol id="sm-905">
         <name>UARTLoopbackEnable</name>
         <value>0x44a1</value>
         <object_component_ref idref="oc-185"/>
      </symbol>
      <symbol id="sm-906">
         <name>UARTIntEnable</name>
         <value>0x4331</value>
         <object_component_ref idref="oc-185"/>
      </symbol>
      <symbol id="sm-907">
         <name>UARTCharsAvail</name>
         <value>0x41fb</value>
         <object_component_ref idref="oc-185"/>
      </symbol>
      <symbol id="sm-908">
         <name>UARTCharGetNonBlocking</name>
         <value>0x4237</value>
         <object_component_ref idref="oc-185"/>
      </symbol>
      <symbol id="sm-909">
         <name>UARTClockSourceSet</name>
         <value>0x43e3</value>
         <object_component_ref idref="oc-185"/>
      </symbol>
      <symbol id="sm-90a">
         <name>UARTTxIntModeGet</name>
         <value>0x41e9</value>
         <object_component_ref idref="oc-185"/>
      </symbol>
      <symbol id="sm-90b">
         <name>UARTModemStatusGet</name>
         <value>0x418b</value>
         <object_component_ref idref="oc-185"/>
      </symbol>
      <symbol id="sm-90c">
         <name>UARTIntDisable</name>
         <value>0x4349</value>
         <object_component_ref idref="oc-185"/>
      </symbol>
      <symbol id="sm-90d">
         <name>UARTCharPut</name>
         <value>0x428d</value>
         <object_component_ref idref="oc-185"/>
      </symbol>
      <symbol id="sm-90e">
         <name>UARTParityModeSet</name>
         <value>0x3ee7</value>
         <object_component_ref idref="oc-185"/>
      </symbol>
      <symbol id="sm-90f">
         <name>UARTRxErrorGet</name>
         <value>0x43c1</value>
         <object_component_ref idref="oc-185"/>
      </symbol>
      <symbol id="sm-910">
         <name>UARTConfigGetExpClk</name>
         <value>0x3fcb</value>
         <object_component_ref idref="oc-185"/>
      </symbol>
      <symbol id="sm-911">
         <name>UARTEnableSIR</name>
         <value>0x4091</value>
         <object_component_ref idref="oc-185"/>
      </symbol>
      <symbol id="sm-912">
         <name>UARTEnable</name>
         <value>0x4017</value>
         <object_component_ref idref="oc-185"/>
      </symbol>
      <symbol id="sm-913">
         <name>UART9BitAddrSend</name>
         <value>0x4459</value>
         <object_component_ref idref="oc-185"/>
      </symbol>
      <symbol id="sm-914">
         <name>UARTModemControlGet</name>
         <value>0x4179</value>
         <object_component_ref idref="oc-185"/>
      </symbol>
      <symbol id="sm-915">
         <name>UARTSmartCardEnable</name>
         <value>0x40d5</value>
         <object_component_ref idref="oc-185"/>
      </symbol>
      <symbol id="sm-916">
         <name>UARTFlowControlGet</name>
         <value>0x41bb</value>
         <object_component_ref idref="oc-185"/>
      </symbol>
      <symbol id="sm-917">
         <name>UARTFIFOEnable</name>
         <value>0x4065</value>
         <object_component_ref idref="oc-185"/>
      </symbol>
      <symbol id="sm-918">
         <name>UARTIntClear</name>
         <value>0x437f</value>
         <object_component_ref idref="oc-185"/>
      </symbol>
      <symbol id="sm-919">
         <name>UARTIntStatus</name>
         <value>0x4361</value>
         <object_component_ref idref="oc-185"/>
      </symbol>
      <symbol id="sm-91a">
         <name>UARTDMADisable</name>
         <value>0x43a9</value>
         <object_component_ref idref="oc-185"/>
      </symbol>
      <symbol id="sm-91b">
         <name>UART9BitEnable</name>
         <value>0x4407</value>
         <object_component_ref idref="oc-185"/>
      </symbol>
      <symbol id="sm-91c">
         <name>UARTSpaceAvail</name>
         <value>0x4219</value>
         <object_component_ref idref="oc-185"/>
      </symbol>
      <symbol id="sm-91d">
         <name>UARTCharGet</name>
         <value>0x4253</value>
         <object_component_ref idref="oc-185"/>
      </symbol>
      <symbol id="sm-91e">
         <name>UARTFIFOLevelSet</name>
         <value>0x3f15</value>
         <object_component_ref idref="oc-185"/>
      </symbol>
      <symbol id="sm-91f">
         <name>UARTModemControlClear</name>
         <value>0x4155</value>
         <object_component_ref idref="oc-185"/>
      </symbol>
      <symbol id="sm-920">
         <name>UARTParityModeGet</name>
         <value>0x3f03</value>
         <object_component_ref idref="oc-185"/>
      </symbol>
      <symbol id="sm-921">
         <name>UARTIntRegister</name>
         <value>0x42f3</value>
         <object_component_ref idref="oc-185"/>
      </symbol>
      <symbol id="sm-922">
         <name>UARTBreakCtl</name>
         <value>0x42ab</value>
         <object_component_ref idref="oc-185"/>
      </symbol>
      <symbol id="sm-923">
         <name>UART9BitAddrSet</name>
         <value>0x4433</value>
         <object_component_ref idref="oc-185"/>
      </symbol>
      <symbol id="sm-993">
         <name>UARTgetc</name>
         <value>0x4609</value>
         <object_component_ref idref="oc-18b"/>
      </symbol>
      <symbol id="sm-994">
         <name>UARTgets</name>
         <value>0x454f</value>
         <object_component_ref idref="oc-18b"/>
      </symbol>
      <symbol id="sm-995">
         <name>UARTStdioConfig</name>
         <value>0x44b9</value>
         <object_component_ref idref="oc-18b"/>
      </symbol>
      <symbol id="sm-996">
         <name>UARTwrite</name>
         <value>0x44ff</value>
         <object_component_ref idref="oc-18b"/>
      </symbol>
      <symbol id="sm-997">
         <name>UARTprintf</name>
         <value>0x492b</value>
         <object_component_ref idref="oc-18b"/>
      </symbol>
      <symbol id="sm-998">
         <name>UARTvprintf</name>
         <value>0x4631</value>
         <object_component_ref idref="oc-18b"/>
      </symbol>
      <symbol id="sm-9c1">
         <name>__aeabi_cdcmpeq</name>
         <value>0x6371</value>
         <object_component_ref idref="oc-1f2"/>
      </symbol>
      <symbol id="sm-9c2">
         <name>__aeabi_cdcmple</name>
         <value>0x6371</value>
         <object_component_ref idref="oc-1f2"/>
      </symbol>
      <symbol id="sm-9c3">
         <name>__aeabi_cdrcmple</name>
         <value>0x63f7</value>
         <object_component_ref idref="oc-1f7"/>
      </symbol>
      <symbol id="sm-9d6">
         <name>__aeabi_fadd</name>
         <value>0x600d</value>
         <object_component_ref idref="oc-1e3"/>
      </symbol>
      <symbol id="sm-9d7">
         <name>__aeabi_fsub</name>
         <value>0x6009</value>
         <object_component_ref idref="oc-1e3"/>
      </symbol>
      <symbol id="sm-9f1">
         <name>__aeabi_cfrcmple</name>
         <value>0x6639</value>
         <object_component_ref idref="oc-201"/>
      </symbol>
      <symbol id="sm-9f2">
         <name>__aeabi_cfcmpeq</name>
         <value>0x65d9</value>
         <object_component_ref idref="oc-206"/>
      </symbol>
      <symbol id="sm-9f3">
         <name>__aeabi_cfcmple</name>
         <value>0x65d9</value>
         <object_component_ref idref="oc-206"/>
      </symbol>
      <symbol id="sm-a00">
         <name>__aeabi_fdiv</name>
         <value>0x6255</value>
         <object_component_ref idref="oc-1e8"/>
      </symbol>
      <symbol id="sm-a0a">
         <name>__aeabi_fmul</name>
         <value>0x647d</value>
         <object_component_ref idref="oc-1fc"/>
      </symbol>
      <symbol id="sm-a15">
         <name>__aeabi_f2d</name>
         <value>0x68d9</value>
         <object_component_ref idref="oc-1ed"/>
      </symbol>
      <symbol id="sm-a1f">
         <name>__aeabi_f2iz</name>
         <value>0x6911</value>
         <object_component_ref idref="oc-217"/>
      </symbol>
      <symbol id="sm-a2d">
         <name>__aeabi_ui2f</name>
         <value>0x69a1</value>
         <object_component_ref idref="oc-1de"/>
      </symbol>
      <symbol id="sm-a3c">
         <name>__aeabi_memset</name>
         <value>0x64f9</value>
         <object_component_ref idref="oc-8f"/>
      </symbol>
      <symbol id="sm-a3d">
         <name>memset</name>
         <value>0x64ff</value>
         <object_component_ref idref="oc-8f"/>
      </symbol>
      <symbol id="sm-a3e">
         <name>__aeabi_memset8</name>
         <value>0x64f9</value>
         <object_component_ref idref="oc-8f"/>
      </symbol>
      <symbol id="sm-a3f">
         <name>__aeabi_memset4</name>
         <value>0x64f9</value>
         <object_component_ref idref="oc-8f"/>
      </symbol>
      <symbol id="sm-a40">
         <name>__aeabi_memclr8</name>
         <value>0x64f7</value>
         <object_component_ref idref="oc-8f"/>
      </symbol>
      <symbol id="sm-a41">
         <name>__aeabi_memclr4</name>
         <value>0x64f7</value>
         <object_component_ref idref="oc-8f"/>
      </symbol>
      <symbol id="sm-a42">
         <name>__aeabi_memclr</name>
         <value>0x64f7</value>
         <object_component_ref idref="oc-8f"/>
      </symbol>
      <symbol id="sm-a51">
         <name>__aeabi_uidivmod</name>
         <value>0x6821</value>
         <object_component_ref idref="oc-281"/>
      </symbol>
      <symbol id="sm-a52">
         <name>__aeabi_uidiv</name>
         <value>0x6821</value>
         <object_component_ref idref="oc-281"/>
      </symbol>
      <symbol id="sm-a69">
         <name>__TI_zero_init</name>
         <value>0x6a13</value>
         <object_component_ref idref="oc-4d"/>
      </symbol>
      <symbol id="sm-a80">
         <name>__TI_decompress_none</name>
         <value>0x6a05</value>
         <object_component_ref idref="oc-1b"/>
      </symbol>
      <symbol id="sm-aa3">
         <name>__TI_decompress_lzss</name>
         <value>0x6571</value>
         <object_component_ref idref="oc-15"/>
      </symbol>
      <symbol id="sm-abb">
         <name>srand</name>
         <value>0x69c5</value>
         <object_component_ref idref="oc-211"/>
      </symbol>
      <symbol id="sm-acd">
         <name>__stack</name>
         <value>0x200074c8</value>
         <object_component_ref idref="oc-24"/>
      </symbol>
      <symbol id="sm-ace">
         <name>_c_int00_noargs</name>
         <value>0x697d</value>
         <object_component_ref idref="oc-59"/>
      </symbol>
      <symbol id="sm-ae6">
         <name>__time32</name>
         <value>0x69f7</value>
         <object_component_ref idref="oc-20b"/>
      </symbol>
      <symbol id="sm-ae7">
         <name>time</name>
         <value>0x69f7</value>
         <object_component_ref idref="oc-20b"/>
      </symbol>
      <symbol id="sm-af2">
         <name>__aeabi_idiv0</name>
         <value>0x5503</value>
         <object_component_ref idref="oc-331"/>
      </symbol>
      <symbol id="sm-af3">
         <name>__aeabi_ldiv0</name>
         <value>0x5503</value>
         <object_component_ref idref="oc-331"/>
      </symbol>
      <symbol id="sm-b0e">
         <name>memcpy</name>
         <value>0x61b9</value>
         <object_component_ref idref="oc-3b"/>
      </symbol>
      <symbol id="sm-b0f">
         <name>__aeabi_memcpy</name>
         <value>0x61b9</value>
         <object_component_ref idref="oc-3b"/>
      </symbol>
      <symbol id="sm-b10">
         <name>__aeabi_memcpy8</name>
         <value>0x61b9</value>
         <object_component_ref idref="oc-3b"/>
      </symbol>
      <symbol id="sm-b11">
         <name>__aeabi_memcpy4</name>
         <value>0x61b9</value>
         <object_component_ref idref="oc-3b"/>
      </symbol>
      <symbol id="sm-b39">
         <name>__TI_auto_init_nobinit_nopinit</name>
         <value>0x67dd</value>
         <object_component_ref idref="oc-124"/>
      </symbol>
      <symbol id="sm-b43">
         <name>_system_pre_init</name>
         <value>0x6a31</value>
         <object_component_ref idref="oc-95"/>
      </symbol>
      <symbol id="sm-b4f">
         <name>C$$EXIT</name>
         <value>0x6a35</value>
         <object_component_ref idref="oc-118"/>
      </symbol>
      <symbol id="sm-b50">
         <name>abort</name>
         <value>0x6a35</value>
         <object_component_ref idref="oc-118"/>
      </symbol>
      <symbol id="sm-b65">
         <name>_nop</name>
         <value>0x44b7</value>
         <object_component_ref idref="oc-2ee"/>
      </symbol>
      <symbol id="sm-b66">
         <name>_lock</name>
         <value>0x200076ec</value>
         <object_component_ref idref="oc-235"/>
      </symbol>
      <symbol id="sm-b67">
         <name>_unlock</name>
         <value>0x200076f0</value>
         <object_component_ref idref="oc-235"/>
      </symbol>
      <symbol id="sm-b80">
         <name>HOSTtime</name>
         <value>0x6795</value>
         <object_component_ref idref="oc-2d6"/>
      </symbol>
      <symbol id="sm-ba4">
         <name>__TI_readmsg</name>
         <value>0x6949</value>
         <object_component_ref idref="oc-358"/>
      </symbol>
      <symbol id="sm-ba5">
         <name>C$$IO$$</name>
         <value>0x68cf</value>
         <object_component_ref idref="oc-352"/>
      </symbol>
      <symbol id="sm-ba6">
         <name>__CIOBUF_</name>
         <value>0x200072d4</value>
         <object_component_ref idref="oc-38f"/>
      </symbol>
      <symbol id="sm-ba7">
         <name>__TI_writemsg</name>
         <value>0x68a1</value>
         <object_component_ref idref="oc-352"/>
      </symbol>
      <symbol id="sm-bad">
         <name>parmbuf</name>
         <value>0x20007494</value>
      </symbol>
      <symbol id="sm-baf">
         <name>__TI_static_base__</name>
         <value>0x0</value>
      </symbol>
      <symbol id="sm-bb2">
         <name>__mpu_init</name>
         <value>0x0</value>
      </symbol>
      <symbol id="sm-bb3">
         <name>_system_post_cinit</name>
         <value>0x0</value>
      </symbol>
   </symbol_table>
   <title>Link successful</title>
</link_info>
