<?xml version="1.0" encoding="ISO-8859-1" ?>
<link_info>
   <banner>TI ARM Linker Unix v20.2.7.LTS</banner>
   <copyright>Copyright (c) 1996-2018 Texas Instruments Incorporated</copyright>
   <link_time>0x65739cb8</link_time>
   <link_errors>0x0</link_errors>
   <output_file>RTOS.out</output_file>
   <entry_point>
      <name>_c_int00_noargs</name>
      <address>0x6b2d</address>
   </entry_point>
   <input_file_list>
      <input_file id="fl-2">
         <path>./</path>
         <kind>object</kind>
         <file>main.obj</file>
         <name>main.obj</name>
      </input_file>
      <input_file id="fl-3">
         <path>./</path>
         <kind>object</kind>
         <file>sprites.obj</file>
         <name>sprites.obj</name>
      </input_file>
      <input_file id="fl-4">
         <path>./</path>
         <kind>object</kind>
         <file>threads.obj</file>
         <name>threads.obj</name>
      </input_file>
      <input_file id="fl-5">
         <path>./</path>
         <kind>object</kind>
         <file>tm4c123gh6pm_startup_ccs.obj</file>
         <name>tm4c123gh6pm_startup_ccs.obj</name>
      </input_file>
      <input_file id="fl-6">
         <path>./G8RTOS/src/</path>
         <kind>object</kind>
         <file>G8RTOS_CriticalSection.obj</file>
         <name>G8RTOS_CriticalSection.obj</name>
      </input_file>
      <input_file id="fl-7">
         <path>./G8RTOS/src/</path>
         <kind>object</kind>
         <file>G8RTOS_IPC.obj</file>
         <name>G8RTOS_IPC.obj</name>
      </input_file>
      <input_file id="fl-8">
         <path>./G8RTOS/src/</path>
         <kind>object</kind>
         <file>G8RTOS_Scheduler.obj</file>
         <name>G8RTOS_Scheduler.obj</name>
      </input_file>
      <input_file id="fl-9">
         <path>./G8RTOS/src/</path>
         <kind>object</kind>
         <file>G8RTOS_SchedulerASM.obj</file>
         <name>G8RTOS_SchedulerASM.obj</name>
      </input_file>
      <input_file id="fl-a">
         <path>./G8RTOS/src/</path>
         <kind>object</kind>
         <file>G8RTOS_Semaphores.obj</file>
         <name>G8RTOS_Semaphores.obj</name>
      </input_file>
      <input_file id="fl-b">
         <path>./MiscFunctions/LinAlg/src/</path>
         <kind>object</kind>
         <file>linalg.obj</file>
         <name>linalg.obj</name>
      </input_file>
      <input_file id="fl-c">
         <path>./MiscFunctions/LinAlg/src/</path>
         <kind>object</kind>
         <file>quaternions.obj</file>
         <name>quaternions.obj</name>
      </input_file>
      <input_file id="fl-d">
         <path>./MiscFunctions/LinAlg/src/</path>
         <kind>object</kind>
         <file>vect3d.obj</file>
         <name>vect3d.obj</name>
      </input_file>
      <input_file id="fl-e">
         <path>./MiscFunctions/Shapes/src/</path>
         <kind>object</kind>
         <file>cube.obj</file>
         <name>cube.obj</name>
      </input_file>
      <input_file id="fl-f">
         <path>./MiscFunctions/Shapes/src/</path>
         <kind>object</kind>
         <file>square.obj</file>
         <name>square.obj</name>
      </input_file>
      <input_file id="fl-10">
         <path>./MultimodDrivers/src/</path>
         <kind>object</kind>
         <file>multimod_BMI160.obj</file>
         <name>multimod_BMI160.obj</name>
      </input_file>
      <input_file id="fl-11">
         <path>./MultimodDrivers/src/</path>
         <kind>object</kind>
         <file>multimod_LaunchpadButtons.obj</file>
         <name>multimod_LaunchpadButtons.obj</name>
      </input_file>
      <input_file id="fl-12">
         <path>./MultimodDrivers/src/</path>
         <kind>object</kind>
         <file>multimod_LaunchpadLED.obj</file>
         <name>multimod_LaunchpadLED.obj</name>
      </input_file>
      <input_file id="fl-13">
         <path>./MultimodDrivers/src/</path>
         <kind>object</kind>
         <file>multimod_OPT3001.obj</file>
         <name>multimod_OPT3001.obj</name>
      </input_file>
      <input_file id="fl-14">
         <path>./MultimodDrivers/src/</path>
         <kind>object</kind>
         <file>multimod_PCA9956b.obj</file>
         <name>multimod_PCA9956b.obj</name>
      </input_file>
      <input_file id="fl-15">
         <path>./MultimodDrivers/src/</path>
         <kind>object</kind>
         <file>multimod_ST7789.obj</file>
         <name>multimod_ST7789.obj</name>
      </input_file>
      <input_file id="fl-16">
         <path>./MultimodDrivers/src/</path>
         <kind>object</kind>
         <file>multimod_buttons.obj</file>
         <name>multimod_buttons.obj</name>
      </input_file>
      <input_file id="fl-17">
         <path>./MultimodDrivers/src/</path>
         <kind>object</kind>
         <file>multimod_i2c.obj</file>
         <name>multimod_i2c.obj</name>
      </input_file>
      <input_file id="fl-18">
         <path>./MultimodDrivers/src/</path>
         <kind>object</kind>
         <file>multimod_joystick.obj</file>
         <name>multimod_joystick.obj</name>
      </input_file>
      <input_file id="fl-19">
         <path>./MultimodDrivers/src/</path>
         <kind>object</kind>
         <file>multimod_spi.obj</file>
         <name>multimod_spi.obj</name>
      </input_file>
      <input_file id="fl-1a">
         <path>./MultimodDrivers/src/</path>
         <kind>object</kind>
         <file>multimod_uart.obj</file>
         <name>multimod_uart.obj</name>
      </input_file>
      <input_file id="fl-1b">
         <path>./driverlib/</path>
         <kind>object</kind>
         <file>adc.obj</file>
         <name>adc.obj</name>
      </input_file>
      <input_file id="fl-1c">
         <path>./driverlib/</path>
         <kind>object</kind>
         <file>aes.obj</file>
         <name>aes.obj</name>
      </input_file>
      <input_file id="fl-1d">
         <path>./driverlib/</path>
         <kind>object</kind>
         <file>can.obj</file>
         <name>can.obj</name>
      </input_file>
      <input_file id="fl-1e">
         <path>./driverlib/</path>
         <kind>object</kind>
         <file>comp.obj</file>
         <name>comp.obj</name>
      </input_file>
      <input_file id="fl-1f">
         <path>./driverlib/</path>
         <kind>object</kind>
         <file>cpu.obj</file>
         <name>cpu.obj</name>
      </input_file>
      <input_file id="fl-20">
         <path>./driverlib/</path>
         <kind>object</kind>
         <file>crc.obj</file>
         <name>crc.obj</name>
      </input_file>
      <input_file id="fl-21">
         <path>./driverlib/</path>
         <kind>object</kind>
         <file>des.obj</file>
         <name>des.obj</name>
      </input_file>
      <input_file id="fl-22">
         <path>./driverlib/</path>
         <kind>object</kind>
         <file>eeprom.obj</file>
         <name>eeprom.obj</name>
      </input_file>
      <input_file id="fl-23">
         <path>./driverlib/</path>
         <kind>object</kind>
         <file>emac.obj</file>
         <name>emac.obj</name>
      </input_file>
      <input_file id="fl-24">
         <path>./driverlib/</path>
         <kind>object</kind>
         <file>epi.obj</file>
         <name>epi.obj</name>
      </input_file>
      <input_file id="fl-25">
         <path>./driverlib/</path>
         <kind>object</kind>
         <file>epi_workaround_ccs.obj</file>
         <name>epi_workaround_ccs.obj</name>
      </input_file>
      <input_file id="fl-26">
         <path>./driverlib/</path>
         <kind>object</kind>
         <file>flash.obj</file>
         <name>flash.obj</name>
      </input_file>
      <input_file id="fl-27">
         <path>./driverlib/</path>
         <kind>object</kind>
         <file>fpu.obj</file>
         <name>fpu.obj</name>
      </input_file>
      <input_file id="fl-28">
         <path>./driverlib/</path>
         <kind>object</kind>
         <file>gpio.obj</file>
         <name>gpio.obj</name>
      </input_file>
      <input_file id="fl-29">
         <path>./driverlib/</path>
         <kind>object</kind>
         <file>hibernate.obj</file>
         <name>hibernate.obj</name>
      </input_file>
      <input_file id="fl-2a">
         <path>./driverlib/</path>
         <kind>object</kind>
         <file>i2c.obj</file>
         <name>i2c.obj</name>
      </input_file>
      <input_file id="fl-2b">
         <path>./driverlib/</path>
         <kind>object</kind>
         <file>interrupt.obj</file>
         <name>interrupt.obj</name>
      </input_file>
      <input_file id="fl-2c">
         <path>./driverlib/</path>
         <kind>object</kind>
         <file>lcd.obj</file>
         <name>lcd.obj</name>
      </input_file>
      <input_file id="fl-2d">
         <path>./driverlib/</path>
         <kind>object</kind>
         <file>mpu.obj</file>
         <name>mpu.obj</name>
      </input_file>
      <input_file id="fl-2e">
         <path>./driverlib/</path>
         <kind>object</kind>
         <file>onewire.obj</file>
         <name>onewire.obj</name>
      </input_file>
      <input_file id="fl-2f">
         <path>./driverlib/</path>
         <kind>object</kind>
         <file>pwm.obj</file>
         <name>pwm.obj</name>
      </input_file>
      <input_file id="fl-30">
         <path>./driverlib/</path>
         <kind>object</kind>
         <file>qei.obj</file>
         <name>qei.obj</name>
      </input_file>
      <input_file id="fl-31">
         <path>./driverlib/</path>
         <kind>object</kind>
         <file>shamd5.obj</file>
         <name>shamd5.obj</name>
      </input_file>
      <input_file id="fl-32">
         <path>./driverlib/</path>
         <kind>object</kind>
         <file>ssi.obj</file>
         <name>ssi.obj</name>
      </input_file>
      <input_file id="fl-33">
         <path>./driverlib/</path>
         <kind>object</kind>
         <file>sw_crc.obj</file>
         <name>sw_crc.obj</name>
      </input_file>
      <input_file id="fl-34">
         <path>./driverlib/</path>
         <kind>object</kind>
         <file>sysctl.obj</file>
         <name>sysctl.obj</name>
      </input_file>
      <input_file id="fl-35">
         <path>./driverlib/</path>
         <kind>object</kind>
         <file>sysexc.obj</file>
         <name>sysexc.obj</name>
      </input_file>
      <input_file id="fl-36">
         <path>./driverlib/</path>
         <kind>object</kind>
         <file>systick.obj</file>
         <name>systick.obj</name>
      </input_file>
      <input_file id="fl-37">
         <path>./driverlib/</path>
         <kind>object</kind>
         <file>timer.obj</file>
         <name>timer.obj</name>
      </input_file>
      <input_file id="fl-38">
         <path>./driverlib/</path>
         <kind>object</kind>
         <file>uart.obj</file>
         <name>uart.obj</name>
      </input_file>
      <input_file id="fl-39">
         <path>./driverlib/</path>
         <kind>object</kind>
         <file>uartstdio.obj</file>
         <name>uartstdio.obj</name>
      </input_file>
      <input_file id="fl-3a">
         <path>./driverlib/</path>
         <kind>object</kind>
         <file>udma.obj</file>
         <name>udma.obj</name>
      </input_file>
      <input_file id="fl-3b">
         <path>./driverlib/</path>
         <kind>object</kind>
         <file>usb.obj</file>
         <name>usb.obj</name>
      </input_file>
      <input_file id="fl-3c">
         <path>./driverlib/</path>
         <kind>object</kind>
         <file>watchdog.obj</file>
         <name>watchdog.obj</name>
      </input_file>
      <input_file id="fl-44">
         <kind>object</kind>
         <file>&lt;internal&gt;</file>
         <name>&lt;internal&gt;</name>
      </input_file>
      <input_file id="fl-fa">
         <path>/home/diamond/ti/ccs1240/ccs/tools/compiler/ti-cgt-arm_20.2.7.LTS/lib/</path>
         <kind>archive</kind>
         <file>rtsv7M4_T_le_eabi.lib</file>
         <name>e_powf.c.obj</name>
      </input_file>
      <input_file id="fl-fb">
         <path>/home/diamond/ti/ccs1240/ccs/tools/compiler/ti-cgt-arm_20.2.7.LTS/lib/</path>
         <kind>archive</kind>
         <file>rtsv7M4_T_le_eabi.lib</file>
         <name>e_sqrtf.c.obj</name>
      </input_file>
      <input_file id="fl-fc">
         <path>/home/diamond/ti/ccs1240/ccs/tools/compiler/ti-cgt-arm_20.2.7.LTS/lib/</path>
         <kind>archive</kind>
         <file>rtsv7M4_T_le_eabi.lib</file>
         <name>s_scalbnf.c.obj</name>
      </input_file>
      <input_file id="fl-fd">
         <path>/home/diamond/ti/ccs1240/ccs/tools/compiler/ti-cgt-arm_20.2.7.LTS/lib/</path>
         <kind>archive</kind>
         <file>rtsv7M4_T_le_eabi.lib</file>
         <name>s_copysignf.c.obj</name>
      </input_file>
      <input_file id="fl-fe">
         <path>/home/diamond/ti/ccs1240/ccs/tools/compiler/ti-cgt-arm_20.2.7.LTS/lib/</path>
         <kind>archive</kind>
         <file>rtsv7M4_T_le_eabi.lib</file>
         <name>fd_cmp_t2.asm.obj</name>
      </input_file>
      <input_file id="fl-ff">
         <path>/home/diamond/ti/ccs1240/ccs/tools/compiler/ti-cgt-arm_20.2.7.LTS/lib/</path>
         <kind>archive</kind>
         <file>rtsv7M4_T_le_eabi.lib</file>
         <name>fd_mul_t2.asm.obj</name>
      </input_file>
      <input_file id="fl-100">
         <path>/home/diamond/ti/ccs1240/ccs/tools/compiler/ti-cgt-arm_20.2.7.LTS/lib/</path>
         <kind>archive</kind>
         <file>rtsv7M4_T_le_eabi.lib</file>
         <name>fd_toi_t2.asm.obj</name>
      </input_file>
      <input_file id="fl-101">
         <path>/home/diamond/ti/ccs1240/ccs/tools/compiler/ti-cgt-arm_20.2.7.LTS/lib/</path>
         <kind>archive</kind>
         <file>rtsv7M4_T_le_eabi.lib</file>
         <name>fs_add_t2.asm.obj</name>
      </input_file>
      <input_file id="fl-102">
         <path>/home/diamond/ti/ccs1240/ccs/tools/compiler/ti-cgt-arm_20.2.7.LTS/lib/</path>
         <kind>archive</kind>
         <file>rtsv7M4_T_le_eabi.lib</file>
         <name>fs_cmp_t2.asm.obj</name>
      </input_file>
      <input_file id="fl-103">
         <path>/home/diamond/ti/ccs1240/ccs/tools/compiler/ti-cgt-arm_20.2.7.LTS/lib/</path>
         <kind>archive</kind>
         <file>rtsv7M4_T_le_eabi.lib</file>
         <name>fs_div_t2.asm.obj</name>
      </input_file>
      <input_file id="fl-104">
         <path>/home/diamond/ti/ccs1240/ccs/tools/compiler/ti-cgt-arm_20.2.7.LTS/lib/</path>
         <kind>archive</kind>
         <file>rtsv7M4_T_le_eabi.lib</file>
         <name>fs_mul_t2.asm.obj</name>
      </input_file>
      <input_file id="fl-105">
         <path>/home/diamond/ti/ccs1240/ccs/tools/compiler/ti-cgt-arm_20.2.7.LTS/lib/</path>
         <kind>archive</kind>
         <file>rtsv7M4_T_le_eabi.lib</file>
         <name>fs_tod_t2.asm.obj</name>
      </input_file>
      <input_file id="fl-106">
         <path>/home/diamond/ti/ccs1240/ccs/tools/compiler/ti-cgt-arm_20.2.7.LTS/lib/</path>
         <kind>archive</kind>
         <file>rtsv7M4_T_le_eabi.lib</file>
         <name>fs_toi_t2.asm.obj</name>
      </input_file>
      <input_file id="fl-107">
         <path>/home/diamond/ti/ccs1240/ccs/tools/compiler/ti-cgt-arm_20.2.7.LTS/lib/</path>
         <kind>archive</kind>
         <file>rtsv7M4_T_le_eabi.lib</file>
         <name>fs_tou_t2.asm.obj</name>
      </input_file>
      <input_file id="fl-108">
         <path>/home/diamond/ti/ccs1240/ccs/tools/compiler/ti-cgt-arm_20.2.7.LTS/lib/</path>
         <kind>archive</kind>
         <file>rtsv7M4_T_le_eabi.lib</file>
         <name>i_tofd_t2.asm.obj</name>
      </input_file>
      <input_file id="fl-109">
         <path>/home/diamond/ti/ccs1240/ccs/tools/compiler/ti-cgt-arm_20.2.7.LTS/lib/</path>
         <kind>archive</kind>
         <file>rtsv7M4_T_le_eabi.lib</file>
         <name>i_tofs_t2.asm.obj</name>
      </input_file>
      <input_file id="fl-10a">
         <path>/home/diamond/ti/ccs1240/ccs/tools/compiler/ti-cgt-arm_20.2.7.LTS/lib/</path>
         <kind>archive</kind>
         <file>rtsv7M4_T_le_eabi.lib</file>
         <name>memcpy_t2.asm.obj</name>
      </input_file>
      <input_file id="fl-10b">
         <path>/home/diamond/ti/ccs1240/ccs/tools/compiler/ti-cgt-arm_20.2.7.LTS/lib/</path>
         <kind>archive</kind>
         <file>rtsv7M4_T_le_eabi.lib</file>
         <name>u_tofs_t2.asm.obj</name>
      </input_file>
      <input_file id="fl-10c">
         <path>/home/diamond/ti/ccs1240/ccs/tools/compiler/ti-cgt-arm_20.2.7.LTS/lib/</path>
         <kind>archive</kind>
         <file>rtsv7M4_T_le_eabi.lib</file>
         <name>memset_t2.asm.obj</name>
      </input_file>
      <input_file id="fl-10d">
         <path>/home/diamond/ti/ccs1240/ccs/tools/compiler/ti-cgt-arm_20.2.7.LTS/lib/</path>
         <kind>archive</kind>
         <file>rtsv7M4_T_le_eabi.lib</file>
         <name>u_divt2.asm.obj</name>
      </input_file>
      <input_file id="fl-10e">
         <path>/home/diamond/ti/ccs1240/ccs/tools/compiler/ti-cgt-arm_20.2.7.LTS/lib/</path>
         <kind>archive</kind>
         <file>rtsv7M4_T_le_eabi.lib</file>
         <name>copy_zero_init.c.obj</name>
      </input_file>
      <input_file id="fl-10f">
         <path>/home/diamond/ti/ccs1240/ccs/tools/compiler/ti-cgt-arm_20.2.7.LTS/lib/</path>
         <kind>archive</kind>
         <file>rtsv7M4_T_le_eabi.lib</file>
         <name>copy_decompress_none.c.obj</name>
      </input_file>
      <input_file id="fl-110">
         <path>/home/diamond/ti/ccs1240/ccs/tools/compiler/ti-cgt-arm_20.2.7.LTS/lib/</path>
         <kind>archive</kind>
         <file>rtsv7M4_T_le_eabi.lib</file>
         <name>copy_decompress_lzss.c.obj</name>
      </input_file>
      <input_file id="fl-111">
         <path>/home/diamond/ti/ccs1240/ccs/tools/compiler/ti-cgt-arm_20.2.7.LTS/lib/</path>
         <kind>archive</kind>
         <file>rtsv7M4_T_le_eabi.lib</file>
         <name>rand.c.obj</name>
      </input_file>
      <input_file id="fl-112">
         <path>/home/diamond/ti/ccs1240/ccs/tools/compiler/ti-cgt-arm_20.2.7.LTS/lib/</path>
         <kind>archive</kind>
         <file>rtsv7M4_T_le_eabi.lib</file>
         <name>boot_cortex_m.c.obj</name>
      </input_file>
      <input_file id="fl-113">
         <path>/home/diamond/ti/ccs1240/ccs/tools/compiler/ti-cgt-arm_20.2.7.LTS/lib/</path>
         <kind>archive</kind>
         <file>rtsv7M4_T_le_eabi.lib</file>
         <name>time.c.obj</name>
      </input_file>
      <input_file id="fl-114">
         <path>/home/diamond/ti/ccs1240/ccs/tools/compiler/ti-cgt-arm_20.2.7.LTS/lib/</path>
         <kind>archive</kind>
         <file>rtsv7M4_T_le_eabi.lib</file>
         <name>errno.c.obj</name>
      </input_file>
      <input_file id="fl-115">
         <path>/home/diamond/ti/ccs1240/ccs/tools/compiler/ti-cgt-arm_20.2.7.LTS/lib/</path>
         <kind>archive</kind>
         <file>rtsv7M4_T_le_eabi.lib</file>
         <name>div0.asm.obj</name>
      </input_file>
      <input_file id="fl-116">
         <path>/home/diamond/ti/ccs1240/ccs/tools/compiler/ti-cgt-arm_20.2.7.LTS/lib/</path>
         <kind>archive</kind>
         <file>rtsv7M4_T_le_eabi.lib</file>
         <name>autoinit.c.obj</name>
      </input_file>
      <input_file id="fl-117">
         <path>/home/diamond/ti/ccs1240/ccs/tools/compiler/ti-cgt-arm_20.2.7.LTS/lib/</path>
         <kind>archive</kind>
         <file>rtsv7M4_T_le_eabi.lib</file>
         <name>pre_init.c.obj</name>
      </input_file>
      <input_file id="fl-118">
         <path>/home/diamond/ti/ccs1240/ccs/tools/compiler/ti-cgt-arm_20.2.7.LTS/lib/</path>
         <kind>archive</kind>
         <file>rtsv7M4_T_le_eabi.lib</file>
         <name>cpy_tbl.c.obj</name>
      </input_file>
      <input_file id="fl-119">
         <path>/home/diamond/ti/ccs1240/ccs/tools/compiler/ti-cgt-arm_20.2.7.LTS/lib/</path>
         <kind>archive</kind>
         <file>rtsv7M4_T_le_eabi.lib</file>
         <name>exit.c.obj</name>
      </input_file>
      <input_file id="fl-11a">
         <path>/home/diamond/ti/ccs1240/ccs/tools/compiler/ti-cgt-arm_20.2.7.LTS/lib/</path>
         <kind>archive</kind>
         <file>rtsv7M4_T_le_eabi.lib</file>
         <name>_lock.c.obj</name>
      </input_file>
      <input_file id="fl-11b">
         <path>/home/diamond/ti/ccs1240/ccs/tools/compiler/ti-cgt-arm_20.2.7.LTS/lib/</path>
         <kind>archive</kind>
         <file>rtsv7M4_T_le_eabi.lib</file>
         <name>args_main.c.obj</name>
      </input_file>
      <input_file id="fl-11c">
         <path>/home/diamond/ti/ccs1240/ccs/tools/compiler/ti-cgt-arm_20.2.7.LTS/lib/</path>
         <kind>archive</kind>
         <file>rtsv7M4_T_le_eabi.lib</file>
         <name>hosttime.c.obj</name>
      </input_file>
      <input_file id="fl-11d">
         <path>/home/diamond/ti/ccs1240/ccs/tools/compiler/ti-cgt-arm_20.2.7.LTS/lib/</path>
         <kind>archive</kind>
         <file>rtsv7M4_T_le_eabi.lib</file>
         <name>trgmsg.c.obj</name>
      </input_file>
      <input_file id="fl-11e">
         <path>/home/diamond/ti/ccs1240/ccs/tools/compiler/ti-cgt-arm_20.2.7.LTS/lib/</path>
         <kind>archive</kind>
         <file>rtsv7M4_T_le_eabi.lib</file>
         <name>hostopen.c.obj</name>
      </input_file>
      <input_file id="fl-11f">
         <path>/home/diamond/ti/ccs1240/ccs/tools/compiler/ti-cgt-arm_20.2.7.LTS/lib/</path>
         <kind>archive</kind>
         <file>rtsv7M4_T_le_eabi.lib</file>
         <name>strlen.c.obj</name>
      </input_file>
   </input_file_list>
   <object_component_list>
      <object_component id="oc-12">
         <name>.intvecs</name>
         <load_address>0x0</load_address>
         <run_address>0x0</run_address>
         <size>0x26c</size>
         <input_file_ref idref="fl-5"/>
      </object_component>
      <object_component id="oc-ed">
         <name>.text</name>
         <load_address>0x26c</load_address>
         <run_address>0x26c</run_address>
         <size>0xfa0</size>
         <input_file_ref idref="fl-34"/>
      </object_component>
      <object_component id="oc-16b">
         <name>.text</name>
         <load_address>0x120c</load_address>
         <run_address>0x120c</run_address>
         <size>0xc18</size>
         <input_file_ref idref="fl-28"/>
      </object_component>
      <object_component id="oc-cf">
         <name>.text</name>
         <load_address>0x1e24</load_address>
         <run_address>0x1e24</run_address>
         <size>0xa3c</size>
         <input_file_ref idref="fl-15"/>
      </object_component>
      <object_component id="oc-192">
         <name>.text</name>
         <load_address>0x2860</load_address>
         <run_address>0x2860</run_address>
         <size>0x840</size>
         <input_file_ref idref="fl-1b"/>
      </object_component>
      <object_component id="oc-f3">
         <name>.text</name>
         <load_address>0x30a0</load_address>
         <run_address>0x30a0</run_address>
         <size>0x808</size>
         <input_file_ref idref="fl-8"/>
      </object_component>
      <object_component id="oc-268">
         <name>.text</name>
         <load_address>0x38a8</load_address>
         <run_address>0x38a8</run_address>
         <size>0x700</size>
         <input_file_ref idref="fl-2a"/>
      </object_component>
      <object_component id="oc-185">
         <name>.text</name>
         <load_address>0x3fa8</load_address>
         <run_address>0x3fa8</run_address>
         <size>0x62e</size>
         <input_file_ref idref="fl-38"/>
      </object_component>
      <object_component id="oc-2f0">
         <name>.text:_nop</name>
         <load_address>0x45d6</load_address>
         <run_address>0x45d6</run_address>
         <size>0x2</size>
         <input_file_ref idref="fl-11a"/>
      </object_component>
      <object_component id="oc-f9">
         <name>.text</name>
         <load_address>0x45d8</load_address>
         <run_address>0x45d8</run_address>
         <size>0x510</size>
         <input_file_ref idref="fl-4"/>
      </object_component>
      <object_component id="oc-18b">
         <name>.text</name>
         <load_address>0x4ae8</load_address>
         <run_address>0x4ae8</run_address>
         <size>0x4a8</size>
         <input_file_ref idref="fl-39"/>
      </object_component>
      <object_component id="oc-19d">
         <name>.text</name>
         <load_address>0x4f90</load_address>
         <run_address>0x4f90</run_address>
         <size>0x3c0</size>
         <input_file_ref idref="fl-2b"/>
      </object_component>
      <object_component id="oc-171">
         <name>.text</name>
         <load_address>0x5350</load_address>
         <run_address>0x5350</run_address>
         <size>0x362</size>
         <input_file_ref idref="fl-32"/>
      </object_component>
      <object_component id="oc-333">
         <name>.text</name>
         <load_address>0x56b2</load_address>
         <run_address>0x56b2</run_address>
         <size>0x2</size>
         <input_file_ref idref="fl-115"/>
      </object_component>
      <object_component id="oc-d5">
         <name>.text</name>
         <load_address>0x56b4</load_address>
         <run_address>0x56b4</run_address>
         <size>0x30c</size>
         <input_file_ref idref="fl-10"/>
      </object_component>
      <object_component id="oc-17c">
         <name>.text</name>
         <load_address>0x59c0</load_address>
         <run_address>0x59c0</run_address>
         <size>0x2b0</size>
         <input_file_ref idref="fl-17"/>
      </object_component>
      <object_component id="oc-105">
         <name>.text</name>
         <load_address>0x5c70</load_address>
         <run_address>0x5c70</run_address>
         <size>0x1a0</size>
         <input_file_ref idref="fl-7"/>
      </object_component>
      <object_component id="oc-c9">
         <name>.text</name>
         <load_address>0x5e10</load_address>
         <run_address>0x5e10</run_address>
         <size>0x18c</size>
         <input_file_ref idref="fl-19"/>
      </object_component>
      <object_component id="oc-e7">
         <name>.text</name>
         <load_address>0x5f9c</load_address>
         <run_address>0x5f9c</run_address>
         <size>0x114</size>
         <input_file_ref idref="fl-18"/>
      </object_component>
      <object_component id="oc-9b">
         <name>.text</name>
         <load_address>0x60b0</load_address>
         <run_address>0x60b0</run_address>
         <size>0x108</size>
         <input_file_ref idref="fl-2"/>
      </object_component>
      <object_component id="oc-1e4">
         <name>.text</name>
         <load_address>0x61b8</load_address>
         <run_address>0x61b8</run_address>
         <size>0xfa</size>
         <input_file_ref idref="fl-101"/>
      </object_component>
      <object_component id="oc-ff">
         <name>.text</name>
         <load_address>0x62b4</load_address>
         <run_address>0x62b4</run_address>
         <size>0xb4</size>
         <input_file_ref idref="fl-a"/>
      </object_component>
      <object_component id="oc-3b">
         <name>.text</name>
         <load_address>0x6368</load_address>
         <run_address>0x6368</run_address>
         <size>0x9c</size>
         <input_file_ref idref="fl-10a"/>
      </object_component>
      <object_component id="oc-1e9">
         <name>.text</name>
         <load_address>0x6404</load_address>
         <run_address>0x6404</run_address>
         <size>0x92</size>
         <input_file_ref idref="fl-103"/>
      </object_component>
      <object_component id="oc-1b9">
         <name>.text</name>
         <load_address>0x6498</load_address>
         <run_address>0x6498</run_address>
         <size>0x88</size>
         <input_file_ref idref="fl-36"/>
      </object_component>
      <object_component id="oc-1f3">
         <name>.text:__aeabi_cdcmple</name>
         <load_address>0x6520</load_address>
         <run_address>0x6520</run_address>
         <size>0x86</size>
         <input_file_ref idref="fl-fe"/>
      </object_component>
      <object_component id="oc-1f8">
         <name>.text:__aeabi_cdrcmple</name>
         <load_address>0x65a6</load_address>
         <run_address>0x65a6</run_address>
         <size>0x86</size>
         <input_file_ref idref="fl-fe"/>
      </object_component>
      <object_component id="oc-1fd">
         <name>.text</name>
         <load_address>0x662c</load_address>
         <run_address>0x662c</run_address>
         <size>0x7a</size>
         <input_file_ref idref="fl-104"/>
      </object_component>
      <object_component id="oc-8f">
         <name>.text</name>
         <load_address>0x66a6</load_address>
         <run_address>0x66a6</run_address>
         <size>0x7a</size>
         <input_file_ref idref="fl-10c"/>
      </object_component>
      <object_component id="oc-15">
         <name>.text:decompress:lzss:__TI_decompress_lzss</name>
         <load_address>0x6720</load_address>
         <run_address>0x6720</run_address>
         <size>0x68</size>
         <input_file_ref idref="fl-110"/>
      </object_component>
      <object_component id="oc-207">
         <name>.text:__aeabi_cfcmple</name>
         <load_address>0x6788</load_address>
         <run_address>0x6788</run_address>
         <size>0x60</size>
         <input_file_ref idref="fl-102"/>
      </object_component>
      <object_component id="oc-202">
         <name>.text:__aeabi_cfrcmple</name>
         <load_address>0x67e8</load_address>
         <run_address>0x67e8</run_address>
         <size>0x60</size>
         <input_file_ref idref="fl-102"/>
      </object_component>
      <object_component id="oc-db">
         <name>.text</name>
         <load_address>0x6848</load_address>
         <run_address>0x6848</run_address>
         <size>0x58</size>
         <input_file_ref idref="fl-16"/>
      </object_component>
      <object_component id="oc-e1">
         <name>.text</name>
         <load_address>0x68a0</load_address>
         <run_address>0x68a0</run_address>
         <size>0x58</size>
         <input_file_ref idref="fl-1a"/>
      </object_component>
      <object_component id="oc-1bf">
         <name>.text</name>
         <load_address>0x68f8</load_address>
         <run_address>0x68f8</run_address>
         <size>0x4c</size>
         <input_file_ref idref="fl-9"/>
      </object_component>
      <object_component id="oc-2d8">
         <name>.text:HOSTtime</name>
         <load_address>0x6944</load_address>
         <run_address>0x6944</run_address>
         <size>0x48</size>
         <input_file_ref idref="fl-11c"/>
      </object_component>
      <object_component id="oc-123">
         <name>.text:__TI_auto_init_nobinit_nopinit:__TI_auto_init_nobinit_nopinit</name>
         <load_address>0x698c</load_address>
         <run_address>0x698c</run_address>
         <size>0x44</size>
         <input_file_ref idref="fl-116"/>
      </object_component>
      <object_component id="oc-283">
         <name>.text</name>
         <load_address>0x69d0</load_address>
         <run_address>0x69d0</run_address>
         <size>0x40</size>
         <input_file_ref idref="fl-10d"/>
      </object_component>
      <object_component id="oc-1a3">
         <name>.text</name>
         <load_address>0x6a10</load_address>
         <run_address>0x6a10</run_address>
         <size>0x3e</size>
         <input_file_ref idref="fl-1f"/>
      </object_component>
      <object_component id="oc-354">
         <name>.text:__TI_writemsg</name>
         <load_address>0x6a50</load_address>
         <run_address>0x6a50</run_address>
         <size>0x38</size>
         <input_file_ref idref="fl-11d"/>
      </object_component>
      <object_component id="oc-1ee">
         <name>.text</name>
         <load_address>0x6a88</load_address>
         <run_address>0x6a88</run_address>
         <size>0x38</size>
         <input_file_ref idref="fl-105"/>
      </object_component>
      <object_component id="oc-219">
         <name>.text</name>
         <load_address>0x6ac0</load_address>
         <run_address>0x6ac0</run_address>
         <size>0x38</size>
         <input_file_ref idref="fl-106"/>
      </object_component>
      <object_component id="oc-35a">
         <name>.text:__TI_readmsg</name>
         <load_address>0x6af8</load_address>
         <run_address>0x6af8</run_address>
         <size>0x34</size>
         <input_file_ref idref="fl-11d"/>
      </object_component>
      <object_component id="oc-59">
         <name>.text:_c_int00_noargs:_c_int00_noargs</name>
         <load_address>0x6b2c</load_address>
         <run_address>0x6b2c</run_address>
         <size>0x24</size>
         <input_file_ref idref="fl-112"/>
      </object_component>
      <object_component id="oc-1df">
         <name>.text</name>
         <load_address>0x6b50</load_address>
         <run_address>0x6b50</run_address>
         <size>0x24</size>
         <input_file_ref idref="fl-10b"/>
      </object_component>
      <object_component id="oc-213">
         <name>.text:srand</name>
         <load_address>0x6b74</load_address>
         <run_address>0x6b74</run_address>
         <size>0x24</size>
         <input_file_ref idref="fl-111"/>
      </object_component>
      <object_component id="oc-1c8">
         <name>.text</name>
         <load_address>0x6b98</load_address>
         <run_address>0x6b98</run_address>
         <size>0xe</size>
         <input_file_ref idref="fl-6"/>
      </object_component>
      <object_component id="oc-20d">
         <name>.text:__time32</name>
         <load_address>0x6ba6</load_address>
         <run_address>0x6ba6</run_address>
         <size>0xe</size>
         <input_file_ref idref="fl-113"/>
      </object_component>
      <object_component id="oc-1b">
         <name>.text:decompress:none:__TI_decompress_none</name>
         <load_address>0x6bb4</load_address>
         <run_address>0x6bb4</run_address>
         <size>0xe</size>
         <input_file_ref idref="fl-10f"/>
      </object_component>
      <object_component id="oc-4d">
         <name>.text:decompress:ZI:__TI_zero_init</name>
         <load_address>0x6bc2</load_address>
         <run_address>0x6bc2</run_address>
         <size>0xc</size>
         <input_file_ref idref="fl-10e"/>
      </object_component>
      <object_component id="oc-27">
         <name>.text</name>
         <load_address>0x6bce</load_address>
         <run_address>0x6bce</run_address>
         <size>0xc</size>
         <input_file_ref idref="fl-5"/>
      </object_component>
      <object_component id="oc-179">
         <name>.text:SysCtlDelay</name>
         <load_address>0x6bda</load_address>
         <run_address>0x6bda</run_address>
         <size>0x6</size>
         <input_file_ref idref="fl-34"/>
      </object_component>
      <object_component id="oc-95">
         <name>.text:_system_pre_init</name>
         <load_address>0x6be0</load_address>
         <run_address>0x6be0</run_address>
         <size>0x4</size>
         <input_file_ref idref="fl-117"/>
      </object_component>
      <object_component id="oc-117">
         <name>.text:abort:abort</name>
         <load_address>0x6be4</load_address>
         <run_address>0x6be4</run_address>
         <size>0x4</size>
         <input_file_ref idref="fl-119"/>
      </object_component>
      <object_component id="oc-1af">
         <name>.const:g_pppui32XTALtoVCO</name>
         <load_address>0x6be8</load_address>
         <run_address>0x6be8</run_address>
         <size>0x1b0</size>
         <input_file_ref idref="fl-34"/>
      </object_component>
      <object_component id="oc-254">
         <name>.const:g_ppui32GPIOIntMapSnowflake</name>
         <load_address>0x6d98</load_address>
         <run_address>0x6d98</run_address>
         <size>0xd8</size>
         <input_file_ref idref="fl-28"/>
      </object_component>
      <object_component id="oc-251">
         <name>.const:g_ppui32GPIOIntMapBlizzard</name>
         <load_address>0x6e70</load_address>
         <run_address>0x6e70</run_address>
         <size>0xc0</size>
         <input_file_ref idref="fl-28"/>
      </object_component>
      <object_component id="oc-2a1">
         <name>.const:g_pui32Regs</name>
         <load_address>0x6f30</load_address>
         <run_address>0x6f30</run_address>
         <size>0x9c</size>
         <input_file_ref idref="fl-2b"/>
      </object_component>
      <object_component id="oc-257">
         <name>.const:g_pui32GPIOBaseAddrs</name>
         <load_address>0x6fcc</load_address>
         <run_address>0x6fcc</run_address>
         <size>0x90</size>
         <input_file_ref idref="fl-28"/>
      </object_component>
      <object_component id="oc-1a9">
         <name>.const:g_pui32Xtals</name>
         <load_address>0x705c</load_address>
         <run_address>0x705c</run_address>
         <size>0x6c</size>
         <input_file_ref idref="fl-34"/>
      </object_component>
      <object_component id="oc-320">
         <name>.const:g_ppui32I2CIntMapSnowflake</name>
         <load_address>0x70c8</load_address>
         <run_address>0x70c8</run_address>
         <size>0x50</size>
         <input_file_ref idref="fl-2a"/>
      </object_component>
      <object_component id="oc-272">
         <name>.const:g_ppui32UARTIntMap</name>
         <load_address>0x7118</load_address>
         <run_address>0x7118</run_address>
         <size>0x40</size>
         <input_file_ref idref="fl-38"/>
      </object_component>
      <object_component id="oc-275">
         <name>.const:g_ppui32UARTIntMapSnowflake</name>
         <load_address>0x7158</load_address>
         <run_address>0x7158</run_address>
         <size>0x40</size>
         <input_file_ref idref="fl-38"/>
      </object_component>
      <object_component id="oc-31d">
         <name>.const:g_ppui32I2CIntMap</name>
         <load_address>0x7198</load_address>
         <run_address>0x7198</run_address>
         <size>0x30</size>
         <input_file_ref idref="fl-2a"/>
      </object_component>
      <object_component id="oc-19a">
         <name>.const:g_sXTALtoMEMTIM</name>
         <load_address>0x71c8</load_address>
         <run_address>0x71c8</run_address>
         <size>0x30</size>
         <input_file_ref idref="fl-34"/>
      </object_component>
      <object_component id="oc-25c">
         <name>.const:g_ppui32SSIIntMap</name>
         <load_address>0x71f8</load_address>
         <run_address>0x71f8</run_address>
         <size>0x20</size>
         <input_file_ref idref="fl-32"/>
      </object_component>
      <object_component id="oc-25f">
         <name>.const:g_ppui32SSIIntMapSnowflake</name>
         <load_address>0x7218</load_address>
         <run_address>0x7218</run_address>
         <size>0x20</size>
         <input_file_ref idref="fl-32"/>
      </object_component>
      <object_component id="oc-29e">
         <name>.const:g_pui32Priority</name>
         <load_address>0x7238</load_address>
         <run_address>0x7238</run_address>
         <size>0x20</size>
         <input_file_ref idref="fl-2b"/>
      </object_component>
      <object_component id="oc-2a7">
         <name>.const:g_pui32Dii16Regs</name>
         <load_address>0x7258</load_address>
         <run_address>0x7258</run_address>
         <size>0x14</size>
         <input_file_ref idref="fl-2b"/>
      </object_component>
      <object_component id="oc-2a4">
         <name>.const:g_pui32EnRegs</name>
         <load_address>0x726c</load_address>
         <run_address>0x726c</run_address>
         <size>0x14</size>
         <input_file_ref idref="fl-2b"/>
      </object_component>
      <object_component id="oc-2aa">
         <name>.const:g_pui32PendRegs</name>
         <load_address>0x7280</load_address>
         <run_address>0x7280</run_address>
         <size>0x14</size>
         <input_file_ref idref="fl-2b"/>
      </object_component>
      <object_component id="oc-2ad">
         <name>.const:g_pui32UnpendRegs</name>
         <load_address>0x7294</load_address>
         <run_address>0x7294</run_address>
         <size>0x14</size>
         <input_file_ref idref="fl-2b"/>
      </object_component>
      <object_component id="oc-339">
         <name>.const:.string</name>
         <load_address>0x72a8</load_address>
         <run_address>0x72a8</run_address>
         <size>0x12</size>
         <input_file_ref idref="fl-39"/>
      </object_component>
      <object_component id="oc-280">
         <name>.const:g_ui32UARTBase</name>
         <load_address>0x72bc</load_address>
         <run_address>0x72bc</run_address>
         <size>0xc</size>
         <input_file_ref idref="fl-39"/>
      </object_component>
      <object_component id="oc-27a">
         <name>.const:g_ui32UARTPeriph</name>
         <load_address>0x72c8</load_address>
         <run_address>0x72c8</run_address>
         <size>0xc</size>
         <input_file_ref idref="fl-39"/>
      </object_component>
      <object_component id="oc-1ac">
         <name>.const:g_pui32VCOFrequencies</name>
         <load_address>0x72d4</load_address>
         <run_address>0x72d4</run_address>
         <size>0x8</size>
         <input_file_ref idref="fl-34"/>
      </object_component>
      <object_component id="oc-288">
         <name>.const</name>
         <load_address>0x72dc</load_address>
         <run_address>0x72dc</run_address>
         <size>0x4</size>
         <input_file_ref idref="fl-39"/>
      </object_component>
      <object_component id="oc-3ce">
         <name>.cinit..data.load</name>
         <load_address>0x72e0</load_address>
         <run_address>0x72e0</run_address>
         <size>0x24</size>
      </object_component>
      <object_component id="oc-3cb">
         <name>__TI_handler_table</name>
         <load_address>0x7304</load_address>
         <run_address>0x7304</run_address>
         <size>0xc</size>
      </object_component>
      <object_component id="oc-3cf">
         <name>.cinit..bss.load</name>
         <load_address>0x7310</load_address>
         <run_address>0x7310</run_address>
         <size>0x8</size>
      </object_component>
      <object_component id="oc-3cd">
         <name>.cinit..vtable.load</name>
         <load_address>0x7318</load_address>
         <run_address>0x7318</run_address>
         <size>0x8</size>
      </object_component>
      <object_component id="oc-3cc">
         <name>__TI_cinit_table</name>
         <load_address>0x7320</load_address>
         <run_address>0x7320</run_address>
         <size>0x18</size>
      </object_component>
      <object_component id="oc-29b">
         <name>.vtable</name>
         <uninitialized>true</uninitialized>
         <run_address>0x20000000</run_address>
         <size>0x26c</size>
         <input_file_ref idref="fl-2b"/>
      </object_component>
      <object_component id="oc-10b">
         <name>.data</name>
         <load_address>0x200076f8</load_address>
         <run_address>0x200076f8</run_address>
         <size>0xc</size>
         <input_file_ref idref="fl-2"/>
      </object_component>
      <object_component id="oc-1db">
         <name>.data</name>
         <load_address>0x200076e0</load_address>
         <run_address>0x200076e0</run_address>
         <size>0x17</size>
         <input_file_ref idref="fl-4"/>
      </object_component>
      <object_component id="oc-27d">
         <name>.data</name>
         <load_address>0x2000770c</load_address>
         <run_address>0x2000770c</run_address>
         <size>0x5</size>
         <input_file_ref idref="fl-39"/>
      </object_component>
      <object_component id="oc-2e5">
         <name>.data</name>
         <load_address>0x20007714</load_address>
         <run_address>0x20007714</run_address>
         <size>0x4</size>
         <input_file_ref idref="fl-111"/>
      </object_component>
      <object_component id="oc-235">
         <name>.data:$O1$$</name>
         <load_address>0x20007704</load_address>
         <run_address>0x20007704</run_address>
         <size>0x8</size>
         <input_file_ref idref="fl-11a"/>
      </object_component>
      <object_component id="oc-227">
         <name>.bss:FIFOs</name>
         <uninitialized>true</uninitialized>
         <run_address>0x20007184</run_address>
         <size>0x150</size>
         <input_file_ref idref="fl-7"/>
      </object_component>
      <object_component id="oc-1cd">
         <name>.bss:threadControlBlocks</name>
         <uninitialized>true</uninitialized>
         <run_address>0x20006fcc</run_address>
         <size>0x1b8</size>
         <input_file_ref idref="fl-8"/>
      </object_component>
      <object_component id="oc-1d7">
         <name>.bss:threadStacks</name>
         <uninitialized>true</uninitialized>
         <run_address>0x2000026c</run_address>
         <size>0x6d60</size>
         <input_file_ref idref="fl-8"/>
      </object_component>
      <object_component id="oc-1c5">
         <name>.bss:pthreadControlBlocks</name>
         <uninitialized>true</uninitialized>
         <run_address>0x200073f4</run_address>
         <size>0x48</size>
         <input_file_ref idref="fl-8"/>
      </object_component>
      <object_component id="oc-1d0">
         <name>.bss</name>
         <uninitialized>true</uninitialized>
         <run_address>0x200074a4</run_address>
         <size>0x8</size>
         <input_file_ref idref="fl-8"/>
      </object_component>
      <object_component id="oc-292">
         <name>.bss:g_pui8OversampleFactor</name>
         <uninitialized>true</uninitialized>
         <run_address>0x200074ac</run_address>
         <size>0x8</size>
         <input_file_ref idref="fl-1b"/>
      </object_component>
      <object_component id="oc-391">
         <name>.bss:_CIOBUF_</name>
         <uninitialized>true</uninitialized>
         <run_address>0x200072d4</run_address>
         <size>0x120</size>
         <input_file_ref idref="fl-11d"/>
      </object_component>
      <object_component id="oc-1d4">
         <name>.common:IBit_State</name>
         <uninitialized>true</uninitialized>
         <run_address>0x200074c0</run_address>
         <size>0x4</size>
      </object_component>
      <object_component id="oc-114">
         <name>.common:sem_I2CA</name>
         <uninitialized>true</uninitialized>
         <run_address>0x200074c8</run_address>
         <size>0x4</size>
      </object_component>
      <object_component id="oc-113">
         <name>.common:sem_Render</name>
         <uninitialized>true</uninitialized>
         <run_address>0x200074d8</run_address>
         <size>0x4</size>
      </object_component>
      <object_component id="oc-10e">
         <name>.common:sem_SPIA</name>
         <uninitialized>true</uninitialized>
         <run_address>0x200074dc</run_address>
         <size>0x4</size>
      </object_component>
      <object_component id="oc-21e">
         <name>.common:sem_PCA9555_Debounce</name>
         <uninitialized>true</uninitialized>
         <run_address>0x200074d4</run_address>
         <size>0x4</size>
      </object_component>
      <object_component id="oc-21f">
         <name>.common:sem_Joystick_Debounce</name>
         <uninitialized>true</uninitialized>
         <run_address>0x200074d0</run_address>
         <size>0x4</size>
      </object_component>
      <object_component id="oc-115">
         <name>.common:sem_Joystick</name>
         <uninitialized>true</uninitialized>
         <run_address>0x200074cc</run_address>
         <size>0x4</size>
      </object_component>
      <object_component id="oc-1de">
         <name>.common:gameNew</name>
         <uninitialized>true</uninitialized>
         <run_address>0x2000743c</run_address>
         <size>0x34</size>
      </object_component>
      <object_component id="oc-20c">
         <name>.common:gamePrev</name>
         <uninitialized>true</uninitialized>
         <run_address>0x20007470</run_address>
         <size>0x34</size>
      </object_component>
      <object_component id="oc-1c4">
         <name>.common:SystemTime</name>
         <uninitialized>true</uninitialized>
         <run_address>0x200074c4</run_address>
         <size>0x4</size>
      </object_component>
      <object_component id="oc-1d3">
         <name>.common:CurrentlyRunningThread</name>
         <uninitialized>true</uninitialized>
         <run_address>0x200074bc</run_address>
         <size>0x4</size>
      </object_component>
      <object_component id="oc-360">
         <name>.common:parmbuf</name>
         <uninitialized>true</uninitialized>
         <run_address>0x200074b4</run_address>
         <size>0x8</size>
      </object_component>
      <object_component id="oc-24">
         <name>.stack</name>
         <uninitialized>true</uninitialized>
         <run_address>0x200074e0</run_address>
         <size>0x4</size>
         <input_file_ref idref="fl-112"/>
      </object_component>
      <object_component id="oc-3d1">
         <name>.stack</name>
         <uninitialized>true</uninitialized>
         <run_address>0x200074e0</run_address>
         <size>0x0</size>
      </object_component>
      <object_component id="oc-b7">
         <name>.debug_info</name>
         <load_address>0x0</load_address>
         <run_address>0x0</run_address>
         <size>0x6e5</size>
         <input_file_ref idref="fl-2"/>
      </object_component>
      <object_component id="oc-10c">
         <name>.debug_info</name>
         <load_address>0x6e5</load_address>
         <run_address>0x6e5</run_address>
         <size>0xfc</size>
         <input_file_ref idref="fl-2"/>
      </object_component>
      <object_component id="oc-9c">
         <name>.debug_info</name>
         <load_address>0x7e1</load_address>
         <run_address>0x7e1</run_address>
         <size>0x377</size>
         <input_file_ref idref="fl-2"/>
      </object_component>
      <object_component id="oc-15c">
         <name>.debug_info</name>
         <load_address>0xb58</load_address>
         <run_address>0xb58</run_address>
         <size>0x7e</size>
         <input_file_ref idref="fl-2"/>
      </object_component>
      <object_component id="oc-70">
         <name>.debug_info</name>
         <load_address>0xbd6</load_address>
         <run_address>0xbd6</run_address>
         <size>0x26b</size>
         <input_file_ref idref="fl-2"/>
      </object_component>
      <object_component id="oc-b2">
         <name>.debug_info</name>
         <load_address>0xe41</load_address>
         <run_address>0xe41</run_address>
         <size>0x8b</size>
         <input_file_ref idref="fl-2"/>
      </object_component>
      <object_component id="oc-ad">
         <name>.debug_info</name>
         <load_address>0xecc</load_address>
         <run_address>0xecc</run_address>
         <size>0x2a4</size>
         <input_file_ref idref="fl-2"/>
      </object_component>
      <object_component id="oc-1b3">
         <name>.debug_info</name>
         <load_address>0x1170</load_address>
         <run_address>0x1170</run_address>
         <size>0xef</size>
         <input_file_ref idref="fl-2"/>
      </object_component>
      <object_component id="oc-75">
         <name>.debug_info</name>
         <load_address>0x125f</load_address>
         <run_address>0x125f</run_address>
         <size>0xbb</size>
         <input_file_ref idref="fl-2"/>
      </object_component>
      <object_component id="oc-157">
         <name>.debug_info</name>
         <load_address>0x131a</load_address>
         <run_address>0x131a</run_address>
         <size>0x2c</size>
         <input_file_ref idref="fl-2"/>
      </object_component>
      <object_component id="oc-161">
         <name>.debug_info</name>
         <load_address>0x1346</load_address>
         <run_address>0x1346</run_address>
         <size>0x28c</size>
         <input_file_ref idref="fl-2"/>
      </object_component>
      <object_component id="oc-28d">
         <name>.debug_info</name>
         <load_address>0x15d2</load_address>
         <run_address>0x15d2</run_address>
         <size>0x2c</size>
         <input_file_ref idref="fl-2"/>
      </object_component>
      <object_component id="oc-166">
         <name>.debug_info</name>
         <load_address>0x15fe</load_address>
         <run_address>0x15fe</run_address>
         <size>0x35</size>
         <input_file_ref idref="fl-2"/>
      </object_component>
      <object_component id="oc-36">
         <name>.debug_info</name>
         <load_address>0x1633</load_address>
         <run_address>0x1633</run_address>
         <size>0x84</size>
         <input_file_ref idref="fl-3"/>
      </object_component>
      <object_component id="oc-10f">
         <name>.debug_info</name>
         <load_address>0x16b7</load_address>
         <run_address>0x16b7</run_address>
         <size>0x614</size>
         <input_file_ref idref="fl-4"/>
      </object_component>
      <object_component id="oc-1dc">
         <name>.debug_info</name>
         <load_address>0x1ccb</load_address>
         <run_address>0x1ccb</run_address>
         <size>0x326</size>
         <input_file_ref idref="fl-4"/>
      </object_component>
      <object_component id="oc-fa">
         <name>.debug_info</name>
         <load_address>0x1ff1</load_address>
         <run_address>0x1ff1</run_address>
         <size>0x82c</size>
         <input_file_ref idref="fl-4"/>
      </object_component>
      <object_component id="oc-221">
         <name>.debug_info</name>
         <load_address>0x281d</load_address>
         <run_address>0x281d</run_address>
         <size>0x189</size>
         <input_file_ref idref="fl-4"/>
      </object_component>
      <object_component id="oc-2f">
         <name>.debug_info</name>
         <load_address>0x29a6</load_address>
         <run_address>0x29a6</run_address>
         <size>0x16d</size>
         <input_file_ref idref="fl-5"/>
      </object_component>
      <object_component id="oc-13">
         <name>.debug_info</name>
         <load_address>0x2b13</load_address>
         <run_address>0x2b13</run_address>
         <size>0xda</size>
         <input_file_ref idref="fl-5"/>
      </object_component>
      <object_component id="oc-28">
         <name>.debug_info</name>
         <load_address>0x2bed</load_address>
         <run_address>0x2bed</run_address>
         <size>0x256</size>
         <input_file_ref idref="fl-5"/>
      </object_component>
      <object_component id="oc-1c9">
         <name>.debug_info</name>
         <load_address>0x2e43</load_address>
         <run_address>0x2e43</run_address>
         <size>0x13a</size>
         <input_file_ref idref="fl-6"/>
      </object_component>
      <object_component id="oc-2ed">
         <name>.debug_info</name>
         <load_address>0x2f7d</load_address>
         <run_address>0x2f7d</run_address>
         <size>0x20c</size>
         <input_file_ref idref="fl-7"/>
      </object_component>
      <object_component id="oc-228">
         <name>.debug_info</name>
         <load_address>0x3189</load_address>
         <run_address>0x3189</run_address>
         <size>0xc8</size>
         <input_file_ref idref="fl-7"/>
      </object_component>
      <object_component id="oc-106">
         <name>.debug_info</name>
         <load_address>0x3251</load_address>
         <run_address>0x3251</run_address>
         <size>0x3a7</size>
         <input_file_ref idref="fl-7"/>
      </object_component>
      <object_component id="oc-376">
         <name>.debug_info</name>
         <load_address>0x35f8</load_address>
         <run_address>0x35f8</run_address>
         <size>0xb2</size>
         <input_file_ref idref="fl-7"/>
      </object_component>
      <object_component id="oc-111">
         <name>.debug_info</name>
         <load_address>0x36aa</load_address>
         <run_address>0x36aa</run_address>
         <size>0x5df</size>
         <input_file_ref idref="fl-8"/>
      </object_component>
      <object_component id="oc-1ce">
         <name>.debug_info</name>
         <load_address>0x3c89</load_address>
         <run_address>0x3c89</run_address>
         <size>0xea</size>
         <input_file_ref idref="fl-8"/>
      </object_component>
      <object_component id="oc-1d8">
         <name>.debug_info</name>
         <load_address>0x3d73</load_address>
         <run_address>0x3d73</run_address>
         <size>0xdc</size>
         <input_file_ref idref="fl-8"/>
      </object_component>
      <object_component id="oc-1c6">
         <name>.debug_info</name>
         <load_address>0x3e4f</load_address>
         <run_address>0x3e4f</run_address>
         <size>0xec</size>
         <input_file_ref idref="fl-8"/>
      </object_component>
      <object_component id="oc-1d1">
         <name>.debug_info</name>
         <load_address>0x3f3b</load_address>
         <run_address>0x3f3b</run_address>
         <size>0x112</size>
         <input_file_ref idref="fl-8"/>
      </object_component>
      <object_component id="oc-f4">
         <name>.debug_info</name>
         <load_address>0x404d</load_address>
         <run_address>0x404d</run_address>
         <size>0xf23</size>
         <input_file_ref idref="fl-8"/>
      </object_component>
      <object_component id="oc-1c0">
         <name>.debug_info</name>
         <load_address>0x4f70</load_address>
         <run_address>0x4f70</run_address>
         <size>0x136</size>
         <input_file_ref idref="fl-9"/>
      </object_component>
      <object_component id="oc-1d5">
         <name>.debug_info</name>
         <load_address>0x50a6</load_address>
         <run_address>0x50a6</run_address>
         <size>0x23c</size>
         <input_file_ref idref="fl-a"/>
      </object_component>
      <object_component id="oc-100">
         <name>.debug_info</name>
         <load_address>0x52e2</load_address>
         <run_address>0x52e2</run_address>
         <size>0x391</size>
         <input_file_ref idref="fl-a"/>
      </object_component>
      <object_component id="oc-183">
         <name>.debug_info</name>
         <load_address>0x5673</load_address>
         <run_address>0x5673</run_address>
         <size>0x2cd</size>
         <input_file_ref idref="fl-10"/>
      </object_component>
      <object_component id="oc-d6">
         <name>.debug_info</name>
         <load_address>0x5940</load_address>
         <run_address>0x5940</run_address>
         <size>0x119a</size>
         <input_file_ref idref="fl-10"/>
      </object_component>
      <object_component id="oc-17b">
         <name>.debug_info</name>
         <load_address>0x6ada</load_address>
         <run_address>0x6ada</run_address>
         <size>0x310</size>
         <input_file_ref idref="fl-15"/>
      </object_component>
      <object_component id="oc-d0">
         <name>.debug_info</name>
         <load_address>0x6dea</load_address>
         <run_address>0x6dea</run_address>
         <size>0x1f02</size>
         <input_file_ref idref="fl-15"/>
      </object_component>
      <object_component id="oc-dc">
         <name>.debug_info</name>
         <load_address>0x8cec</load_address>
         <run_address>0x8cec</run_address>
         <size>0x2b3</size>
         <input_file_ref idref="fl-16"/>
      </object_component>
      <object_component id="oc-26f">
         <name>.debug_info</name>
         <load_address>0x8f9f</load_address>
         <run_address>0x8f9f</run_address>
         <size>0x42c</size>
         <input_file_ref idref="fl-17"/>
      </object_component>
      <object_component id="oc-17d">
         <name>.debug_info</name>
         <load_address>0x93cb</load_address>
         <run_address>0x93cb</run_address>
         <size>0xaf6</size>
         <input_file_ref idref="fl-17"/>
      </object_component>
      <object_component id="oc-199">
         <name>.debug_info</name>
         <load_address>0x9ec1</load_address>
         <run_address>0x9ec1</run_address>
         <size>0x517</size>
         <input_file_ref idref="fl-18"/>
      </object_component>
      <object_component id="oc-e8">
         <name>.debug_info</name>
         <load_address>0xa3d8</load_address>
         <run_address>0xa3d8</run_address>
         <size>0x6c3</size>
         <input_file_ref idref="fl-18"/>
      </object_component>
      <object_component id="oc-178">
         <name>.debug_info</name>
         <load_address>0xaa9b</load_address>
         <run_address>0xaa9b</run_address>
         <size>0x356</size>
         <input_file_ref idref="fl-19"/>
      </object_component>
      <object_component id="oc-ca">
         <name>.debug_info</name>
         <load_address>0xadf1</load_address>
         <run_address>0xadf1</run_address>
         <size>0x6d8</size>
         <input_file_ref idref="fl-19"/>
      </object_component>
      <object_component id="oc-e2">
         <name>.debug_info</name>
         <load_address>0xb4c9</load_address>
         <run_address>0xb4c9</run_address>
         <size>0x21b</size>
         <input_file_ref idref="fl-1a"/>
      </object_component>
      <object_component id="oc-296">
         <name>.debug_info</name>
         <load_address>0xb6e4</load_address>
         <run_address>0xb6e4</run_address>
         <size>0x1f3</size>
         <input_file_ref idref="fl-1b"/>
      </object_component>
      <object_component id="oc-293">
         <name>.debug_info</name>
         <load_address>0xb8d7</load_address>
         <run_address>0xb8d7</run_address>
         <size>0xe2</size>
         <input_file_ref idref="fl-1b"/>
      </object_component>
      <object_component id="oc-193">
         <name>.debug_info</name>
         <load_address>0xb9b9</load_address>
         <run_address>0xb9b9</run_address>
         <size>0x2b36</size>
         <input_file_ref idref="fl-1b"/>
      </object_component>
      <object_component id="oc-1a4">
         <name>.debug_info</name>
         <load_address>0xe4ef</load_address>
         <run_address>0xe4ef</run_address>
         <size>0x327</size>
         <input_file_ref idref="fl-1f"/>
      </object_component>
      <object_component id="oc-25b">
         <name>.debug_info</name>
         <load_address>0xe816</load_address>
         <run_address>0xe816</run_address>
         <size>0x21d</size>
         <input_file_ref idref="fl-28"/>
      </object_component>
      <object_component id="oc-252">
         <name>.debug_info</name>
         <load_address>0xea33</load_address>
         <run_address>0xea33</run_address>
         <size>0xeb</size>
         <input_file_ref idref="fl-28"/>
      </object_component>
      <object_component id="oc-255">
         <name>.debug_info</name>
         <load_address>0xeb1e</load_address>
         <run_address>0xeb1e</run_address>
         <size>0xed</size>
         <input_file_ref idref="fl-28"/>
      </object_component>
      <object_component id="oc-258">
         <name>.debug_info</name>
         <load_address>0xec0b</load_address>
         <run_address>0xec0b</run_address>
         <size>0xdf</size>
         <input_file_ref idref="fl-28"/>
      </object_component>
      <object_component id="oc-16c">
         <name>.debug_info</name>
         <load_address>0xecea</load_address>
         <run_address>0xecea</run_address>
         <size>0x31d4</size>
         <input_file_ref idref="fl-28"/>
      </object_component>
      <object_component id="oc-324">
         <name>.debug_info</name>
         <load_address>0x11ebe</load_address>
         <run_address>0x11ebe</run_address>
         <size>0x20e</size>
         <input_file_ref idref="fl-2a"/>
      </object_component>
      <object_component id="oc-31e">
         <name>.debug_info</name>
         <load_address>0x120cc</load_address>
         <run_address>0x120cc</run_address>
         <size>0xd8</size>
         <input_file_ref idref="fl-2a"/>
      </object_component>
      <object_component id="oc-321">
         <name>.debug_info</name>
         <load_address>0x121a4</load_address>
         <run_address>0x121a4</run_address>
         <size>0xea</size>
         <input_file_ref idref="fl-2a"/>
      </object_component>
      <object_component id="oc-269">
         <name>.debug_info</name>
         <load_address>0x1228e</load_address>
         <run_address>0x1228e</run_address>
         <size>0x2b44</size>
         <input_file_ref idref="fl-2a"/>
      </object_component>
      <object_component id="oc-2b1">
         <name>.debug_info</name>
         <load_address>0x14dd2</load_address>
         <run_address>0x14dd2</run_address>
         <size>0x1fa</size>
         <input_file_ref idref="fl-2b"/>
      </object_component>
      <object_component id="oc-29f">
         <name>.debug_info</name>
         <load_address>0x14fcc</load_address>
         <run_address>0x14fcc</run_address>
         <size>0xda</size>
         <input_file_ref idref="fl-2b"/>
      </object_component>
      <object_component id="oc-2a2">
         <name>.debug_info</name>
         <load_address>0x150a6</load_address>
         <run_address>0x150a6</run_address>
         <size>0xd2</size>
         <input_file_ref idref="fl-2b"/>
      </object_component>
      <object_component id="oc-2a5">
         <name>.debug_info</name>
         <load_address>0x15178</load_address>
         <run_address>0x15178</run_address>
         <size>0xd6</size>
         <input_file_ref idref="fl-2b"/>
      </object_component>
      <object_component id="oc-2a8">
         <name>.debug_info</name>
         <load_address>0x1524e</load_address>
         <run_address>0x1524e</run_address>
         <size>0xdc</size>
         <input_file_ref idref="fl-2b"/>
      </object_component>
      <object_component id="oc-2ab">
         <name>.debug_info</name>
         <load_address>0x1532a</load_address>
         <run_address>0x1532a</run_address>
         <size>0xda</size>
         <input_file_ref idref="fl-2b"/>
      </object_component>
      <object_component id="oc-2ae">
         <name>.debug_info</name>
         <load_address>0x15404</load_address>
         <run_address>0x15404</run_address>
         <size>0xde</size>
         <input_file_ref idref="fl-2b"/>
      </object_component>
      <object_component id="oc-29c">
         <name>.debug_info</name>
         <load_address>0x154e2</load_address>
         <run_address>0x154e2</run_address>
         <size>0xdb</size>
         <input_file_ref idref="fl-2b"/>
      </object_component>
      <object_component id="oc-19e">
         <name>.debug_info</name>
         <load_address>0x155bd</load_address>
         <run_address>0x155bd</run_address>
         <size>0xcdb</size>
         <input_file_ref idref="fl-2b"/>
      </object_component>
      <object_component id="oc-263">
         <name>.debug_info</name>
         <load_address>0x16298</load_address>
         <run_address>0x16298</run_address>
         <size>0x1fe</size>
         <input_file_ref idref="fl-32"/>
      </object_component>
      <object_component id="oc-25d">
         <name>.debug_info</name>
         <load_address>0x16496</load_address>
         <run_address>0x16496</run_address>
         <size>0xd8</size>
         <input_file_ref idref="fl-32"/>
      </object_component>
      <object_component id="oc-260">
         <name>.debug_info</name>
         <load_address>0x1656e</load_address>
         <run_address>0x1656e</run_address>
         <size>0xea</size>
         <input_file_ref idref="fl-32"/>
      </object_component>
      <object_component id="oc-172">
         <name>.debug_info</name>
         <load_address>0x16658</load_address>
         <run_address>0x16658</run_address>
         <size>0x1653</size>
         <input_file_ref idref="fl-32"/>
      </object_component>
      <object_component id="oc-1b8">
         <name>.debug_info</name>
         <load_address>0x17cab</load_address>
         <run_address>0x17cab</run_address>
         <size>0x27f</size>
         <input_file_ref idref="fl-34"/>
      </object_component>
      <object_component id="oc-1aa">
         <name>.debug_info</name>
         <load_address>0x17f2a</load_address>
         <run_address>0x17f2a</run_address>
         <size>0xd1</size>
         <input_file_ref idref="fl-34"/>
      </object_component>
      <object_component id="oc-1b0">
         <name>.debug_info</name>
         <load_address>0x17ffb</load_address>
         <run_address>0x17ffb</run_address>
         <size>0xdd</size>
         <input_file_ref idref="fl-34"/>
      </object_component>
      <object_component id="oc-19b">
         <name>.debug_info</name>
         <load_address>0x180d8</load_address>
         <run_address>0x180d8</run_address>
         <size>0xd7</size>
         <input_file_ref idref="fl-34"/>
      </object_component>
      <object_component id="oc-1ad">
         <name>.debug_info</name>
         <load_address>0x181af</load_address>
         <run_address>0x181af</run_address>
         <size>0xe4</size>
         <input_file_ref idref="fl-34"/>
      </object_component>
      <object_component id="oc-ee">
         <name>.debug_info</name>
         <load_address>0x18293</load_address>
         <run_address>0x18293</run_address>
         <size>0x2b21</size>
         <input_file_ref idref="fl-34"/>
      </object_component>
      <object_component id="oc-2bb">
         <name>.debug_info</name>
         <load_address>0x1adb4</load_address>
         <run_address>0x1adb4</run_address>
         <size>0x51</size>
         <input_file_ref idref="fl-34"/>
      </object_component>
      <object_component id="oc-2c0">
         <name>.debug_info</name>
         <load_address>0x1ae05</load_address>
         <run_address>0x1ae05</run_address>
         <size>0x189</size>
         <input_file_ref idref="fl-36"/>
      </object_component>
      <object_component id="oc-1ba">
         <name>.debug_info</name>
         <load_address>0x1af8e</load_address>
         <run_address>0x1af8e</run_address>
         <size>0x530</size>
         <input_file_ref idref="fl-36"/>
      </object_component>
      <object_component id="oc-279">
         <name>.debug_info</name>
         <load_address>0x1b4be</load_address>
         <run_address>0x1b4be</run_address>
         <size>0x1ff</size>
         <input_file_ref idref="fl-38"/>
      </object_component>
      <object_component id="oc-273">
         <name>.debug_info</name>
         <load_address>0x1b6bd</load_address>
         <run_address>0x1b6bd</run_address>
         <size>0xdb</size>
         <input_file_ref idref="fl-38"/>
      </object_component>
      <object_component id="oc-276">
         <name>.debug_info</name>
         <load_address>0x1b798</load_address>
         <run_address>0x1b798</run_address>
         <size>0xed</size>
         <input_file_ref idref="fl-38"/>
      </object_component>
      <object_component id="oc-186">
         <name>.debug_info</name>
         <load_address>0x1b885</load_address>
         <run_address>0x1b885</run_address>
         <size>0x26ed</size>
         <input_file_ref idref="fl-38"/>
      </object_component>
      <object_component id="oc-28c">
         <name>.debug_info</name>
         <load_address>0x1df72</load_address>
         <run_address>0x1df72</run_address>
         <size>0x2ab</size>
         <input_file_ref idref="fl-39"/>
      </object_component>
      <object_component id="oc-27e">
         <name>.debug_info</name>
         <load_address>0x1e21d</load_address>
         <run_address>0x1e21d</run_address>
         <size>0xd0</size>
         <input_file_ref idref="fl-39"/>
      </object_component>
      <object_component id="oc-289">
         <name>.debug_info</name>
         <load_address>0x1e2ed</load_address>
         <run_address>0x1e2ed</run_address>
         <size>0xca</size>
         <input_file_ref idref="fl-39"/>
      </object_component>
      <object_component id="oc-281">
         <name>.debug_info</name>
         <load_address>0x1e3b7</load_address>
         <run_address>0x1e3b7</run_address>
         <size>0xd8</size>
         <input_file_ref idref="fl-39"/>
      </object_component>
      <object_component id="oc-27b">
         <name>.debug_info</name>
         <load_address>0x1e48f</load_address>
         <run_address>0x1e48f</run_address>
         <size>0xdc</size>
         <input_file_ref idref="fl-39"/>
      </object_component>
      <object_component id="oc-18c">
         <name>.debug_info</name>
         <load_address>0x1e56b</load_address>
         <run_address>0x1e56b</run_address>
         <size>0x7f1</size>
         <input_file_ref idref="fl-39"/>
      </object_component>
      <object_component id="oc-1f6">
         <name>.debug_info</name>
         <load_address>0x1ed5c</load_address>
         <run_address>0x1ed5c</run_address>
         <size>0x128</size>
         <input_file_ref idref="fl-fe"/>
      </object_component>
      <object_component id="oc-1fa">
         <name>.debug_info</name>
         <load_address>0x1ee84</load_address>
         <run_address>0x1ee84</run_address>
         <size>0x12a</size>
         <input_file_ref idref="fl-fe"/>
      </object_component>
      <object_component id="oc-1e5">
         <name>.debug_info</name>
         <load_address>0x1efae</load_address>
         <run_address>0x1efae</run_address>
         <size>0x140</size>
         <input_file_ref idref="fl-101"/>
      </object_component>
      <object_component id="oc-208">
         <name>.debug_info</name>
         <load_address>0x1f0ee</load_address>
         <run_address>0x1f0ee</run_address>
         <size>0x14c</size>
         <input_file_ref idref="fl-102"/>
      </object_component>
      <object_component id="oc-203">
         <name>.debug_info</name>
         <load_address>0x1f23a</load_address>
         <run_address>0x1f23a</run_address>
         <size>0x14e</size>
         <input_file_ref idref="fl-102"/>
      </object_component>
      <object_component id="oc-1ea">
         <name>.debug_info</name>
         <load_address>0x1f388</load_address>
         <run_address>0x1f388</run_address>
         <size>0x13a</size>
         <input_file_ref idref="fl-103"/>
      </object_component>
      <object_component id="oc-1fe">
         <name>.debug_info</name>
         <load_address>0x1f4c2</load_address>
         <run_address>0x1f4c2</run_address>
         <size>0x13a</size>
         <input_file_ref idref="fl-104"/>
      </object_component>
      <object_component id="oc-1ef">
         <name>.debug_info</name>
         <load_address>0x1f5fc</load_address>
         <run_address>0x1f5fc</run_address>
         <size>0x12c</size>
         <input_file_ref idref="fl-105"/>
      </object_component>
      <object_component id="oc-21a">
         <name>.debug_info</name>
         <load_address>0x1f728</load_address>
         <run_address>0x1f728</run_address>
         <size>0x12e</size>
         <input_file_ref idref="fl-106"/>
      </object_component>
      <object_component id="oc-3c">
         <name>.debug_info</name>
         <load_address>0x1f856</load_address>
         <run_address>0x1f856</run_address>
         <size>0x119</size>
         <input_file_ref idref="fl-10a"/>
      </object_component>
      <object_component id="oc-1e0">
         <name>.debug_info</name>
         <load_address>0x1f96f</load_address>
         <run_address>0x1f96f</run_address>
         <size>0x12b</size>
         <input_file_ref idref="fl-10b"/>
      </object_component>
      <object_component id="oc-90">
         <name>.debug_info</name>
         <load_address>0x1fa9a</load_address>
         <run_address>0x1fa9a</run_address>
         <size>0x147</size>
         <input_file_ref idref="fl-10c"/>
      </object_component>
      <object_component id="oc-284">
         <name>.debug_info</name>
         <load_address>0x1fbe1</load_address>
         <run_address>0x1fbe1</run_address>
         <size>0x142</size>
         <input_file_ref idref="fl-10d"/>
      </object_component>
      <object_component id="oc-8e">
         <name>.debug_info</name>
         <load_address>0x1fd23</load_address>
         <run_address>0x1fd23</run_address>
         <size>0x1a6</size>
         <input_file_ref idref="fl-10e"/>
      </object_component>
      <object_component id="oc-4e">
         <name>.debug_info</name>
         <load_address>0x1fec9</load_address>
         <run_address>0x1fec9</run_address>
         <size>0x1b5</size>
         <input_file_ref idref="fl-10e"/>
      </object_component>
      <object_component id="oc-89">
         <name>.debug_info</name>
         <load_address>0x2007e</load_address>
         <run_address>0x2007e</run_address>
         <size>0x46</size>
         <input_file_ref idref="fl-10e"/>
      </object_component>
      <object_component id="oc-c0">
         <name>.debug_info</name>
         <load_address>0x200c4</load_address>
         <run_address>0x200c4</run_address>
         <size>0x2c</size>
         <input_file_ref idref="fl-10e"/>
      </object_component>
      <object_component id="oc-46">
         <name>.debug_info</name>
         <load_address>0x200f0</load_address>
         <run_address>0x200f0</run_address>
         <size>0x17a</size>
         <input_file_ref idref="fl-10f"/>
      </object_component>
      <object_component id="oc-1c">
         <name>.debug_info</name>
         <load_address>0x2026a</load_address>
         <run_address>0x2026a</run_address>
         <size>0x1ea</size>
         <input_file_ref idref="fl-10f"/>
      </object_component>
      <object_component id="oc-41">
         <name>.debug_info</name>
         <load_address>0x20454</load_address>
         <run_address>0x20454</run_address>
         <size>0x46</size>
         <input_file_ref idref="fl-10f"/>
      </object_component>
      <object_component id="oc-81">
         <name>.debug_info</name>
         <load_address>0x2049a</load_address>
         <run_address>0x2049a</run_address>
         <size>0x2c</size>
         <input_file_ref idref="fl-10f"/>
      </object_component>
      <object_component id="oc-7f">
         <name>.debug_info</name>
         <load_address>0x204c6</load_address>
         <run_address>0x204c6</run_address>
         <size>0x170</size>
         <input_file_ref idref="fl-110"/>
      </object_component>
      <object_component id="oc-16">
         <name>.debug_info</name>
         <load_address>0x20636</load_address>
         <run_address>0x20636</run_address>
         <size>0x250</size>
         <input_file_ref idref="fl-110"/>
      </object_component>
      <object_component id="oc-31">
         <name>.debug_info</name>
         <load_address>0x20886</load_address>
         <run_address>0x20886</run_address>
         <size>0x60</size>
         <input_file_ref idref="fl-110"/>
      </object_component>
      <object_component id="oc-b9">
         <name>.debug_info</name>
         <load_address>0x208e6</load_address>
         <run_address>0x208e6</run_address>
         <size>0x46</size>
         <input_file_ref idref="fl-110"/>
      </object_component>
      <object_component id="oc-7a">
         <name>.debug_info</name>
         <load_address>0x2092c</load_address>
         <run_address>0x2092c</run_address>
         <size>0x39</size>
         <input_file_ref idref="fl-110"/>
      </object_component>
      <object_component id="oc-2e9">
         <name>.debug_info</name>
         <load_address>0x20965</load_address>
         <run_address>0x20965</run_address>
         <size>0x18c</size>
         <input_file_ref idref="fl-111"/>
      </object_component>
      <object_component id="oc-2e6">
         <name>.debug_info</name>
         <load_address>0x20af1</load_address>
         <run_address>0x20af1</run_address>
         <size>0xfb</size>
         <input_file_ref idref="fl-111"/>
      </object_component>
      <object_component id="oc-214">
         <name>.debug_info</name>
         <load_address>0x20bec</load_address>
         <run_address>0x20bec</run_address>
         <size>0x15d</size>
         <input_file_ref idref="fl-111"/>
      </object_component>
      <object_component id="oc-25">
         <name>.debug_info</name>
         <load_address>0x20d49</load_address>
         <run_address>0x20d49</run_address>
         <size>0x10b</size>
         <input_file_ref idref="fl-112"/>
      </object_component>
      <object_component id="oc-5a">
         <name>.debug_info</name>
         <load_address>0x20e54</load_address>
[...]
      </symbol>
      <symbol id="sm-867">
         <name>SysCtlPeripheralDisable</name>
         <value>0x555</value>
         <object_component_ref idref="oc-ed"/>
      </symbol>
      <symbol id="sm-868">
         <name>SysCtlPWMClockSet</name>
         <value>0x1007</value>
         <object_component_ref idref="oc-ed"/>
      </symbol>
      <symbol id="sm-869">
         <name>SysCtlUSBPLLEnable</name>
         <value>0x106f</value>
         <object_component_ref idref="oc-ed"/>
      </symbol>
      <symbol id="sm-86a">
         <name>SysCtlPeripheralSleepEnable</name>
         <value>0x59d</value>
         <object_component_ref idref="oc-ed"/>
      </symbol>
      <symbol id="sm-86b">
         <name>SysCtlIntUnregister</name>
         <value>0x731</value>
         <object_component_ref idref="oc-ed"/>
      </symbol>
      <symbol id="sm-86c">
         <name>SysCtlUSBPLLDisable</name>
         <value>0x107b</value>
         <object_component_ref idref="oc-ed"/>
      </symbol>
      <symbol id="sm-86d">
         <name>SysCtlPeripheralReady</name>
         <value>0x3c9</value>
         <object_component_ref idref="oc-ed"/>
      </symbol>
      <symbol id="sm-86e">
         <name>SysCtlPIOSCCalibrate</name>
         <value>0x845</value>
         <object_component_ref idref="oc-ed"/>
      </symbol>
      <symbol id="sm-86f">
         <name>SysCtlResetCauseClear</name>
         <value>0x81b</value>
         <object_component_ref idref="oc-ed"/>
      </symbol>
      <symbol id="sm-870">
         <name>SysCtlLDOSleepGet</name>
         <value>0x7a9</value>
         <object_component_ref idref="oc-ed"/>
      </symbol>
      <symbol id="sm-871">
         <name>SysCtlClockFreqSet</name>
         <value>0x8f5</value>
         <object_component_ref idref="oc-ed"/>
      </symbol>
      <symbol id="sm-872">
         <name>SysCtlPeripheralReset</name>
         <value>0x489</value>
         <object_component_ref idref="oc-ed"/>
      </symbol>
      <symbol id="sm-88c">
         <name>SysTickIntDisable</name>
         <value>0x64e9</value>
         <object_component_ref idref="oc-1b9"/>
      </symbol>
      <symbol id="sm-88d">
         <name>SysTickEnable</name>
         <value>0x6499</value>
         <object_component_ref idref="oc-1b9"/>
      </symbol>
      <symbol id="sm-88e">
         <name>SysTickPeriodGet</name>
         <value>0x6507</value>
         <object_component_ref idref="oc-1b9"/>
      </symbol>
      <symbol id="sm-88f">
         <name>SysTickIntRegister</name>
         <value>0x64b1</value>
         <object_component_ref idref="oc-1b9"/>
      </symbol>
      <symbol id="sm-890">
         <name>SysTickIntEnable</name>
         <value>0x64dd</value>
         <object_component_ref idref="oc-1b9"/>
      </symbol>
      <symbol id="sm-891">
         <name>SysTickValueGet</name>
         <value>0x650f</value>
         <object_component_ref idref="oc-1b9"/>
      </symbol>
      <symbol id="sm-892">
         <name>SysTickIntUnregister</name>
         <value>0x64c9</value>
         <object_component_ref idref="oc-1b9"/>
      </symbol>
      <symbol id="sm-893">
         <name>SysTickPeriodSet</name>
         <value>0x64f5</value>
         <object_component_ref idref="oc-1b9"/>
      </symbol>
      <symbol id="sm-894">
         <name>SysTickDisable</name>
         <value>0x64a5</value>
         <object_component_ref idref="oc-1b9"/>
      </symbol>
      <symbol id="sm-908">
         <name>UARTClockSourceGet</name>
         <value>0x4517</value>
         <object_component_ref idref="oc-185"/>
      </symbol>
      <symbol id="sm-909">
         <name>UARTCharPutNonBlocking</name>
         <value>0x4389</value>
         <object_component_ref idref="oc-185"/>
      </symbol>
      <symbol id="sm-90a">
         <name>UARTDMAEnable</name>
         <value>0x44b1</value>
         <object_component_ref idref="oc-185"/>
      </symbol>
      <symbol id="sm-90b">
         <name>UARTTxIntModeSet</name>
         <value>0x42ed</value>
         <object_component_ref idref="oc-185"/>
      </symbol>
      <symbol id="sm-90c">
         <name>UARTFIFODisable</name>
         <value>0x419b</value>
         <object_component_ref idref="oc-185"/>
      </symbol>
      <symbol id="sm-90d">
         <name>UARTIntUnregister</name>
         <value>0x4431</value>
         <object_component_ref idref="oc-185"/>
      </symbol>
      <symbol id="sm-90e">
         <name>UARTRxErrorClear</name>
         <value>0x44f3</value>
         <object_component_ref idref="oc-185"/>
      </symbol>
      <symbol id="sm-90f">
         <name>UARTModemControlSet</name>
         <value>0x423d</value>
         <object_component_ref idref="oc-185"/>
      </symbol>
      <symbol id="sm-910">
         <name>UARTFlowControlSet</name>
         <value>0x42bf</value>
         <object_component_ref idref="oc-185"/>
      </symbol>
      <symbol id="sm-911">
         <name>UARTConfigSetExpClk</name>
         <value>0x4075</value>
         <object_component_ref idref="oc-185"/>
      </symbol>
      <symbol id="sm-912">
         <name>UARTSmartCardDisable</name>
         <value>0x4227</value>
         <object_component_ref idref="oc-185"/>
      </symbol>
      <symbol id="sm-913">
         <name>UARTDisable</name>
         <value>0x415b</value>
         <object_component_ref idref="oc-185"/>
      </symbol>
      <symbol id="sm-914">
         <name>UART9BitDisable</name>
         <value>0x453d</value>
         <object_component_ref idref="oc-185"/>
      </symbol>
      <symbol id="sm-915">
         <name>UARTFIFOLevelGet</name>
         <value>0x404d</value>
         <object_component_ref idref="oc-185"/>
      </symbol>
      <symbol id="sm-916">
         <name>UARTBusy</name>
         <value>0x43f5</value>
         <object_component_ref idref="oc-185"/>
      </symbol>
      <symbol id="sm-917">
         <name>UARTDisableSIR</name>
         <value>0x41df</value>
         <object_component_ref idref="oc-185"/>
      </symbol>
      <symbol id="sm-918">
         <name>UARTLoopbackEnable</name>
         <value>0x45c1</value>
         <object_component_ref idref="oc-185"/>
      </symbol>
      <symbol id="sm-919">
         <name>UARTIntEnable</name>
         <value>0x4451</value>
         <object_component_ref idref="oc-185"/>
      </symbol>
      <symbol id="sm-91a">
         <name>UARTCharsAvail</name>
         <value>0x431b</value>
         <object_component_ref idref="oc-185"/>
      </symbol>
      <symbol id="sm-91b">
         <name>UARTCharGetNonBlocking</name>
         <value>0x4357</value>
         <object_component_ref idref="oc-185"/>
      </symbol>
      <symbol id="sm-91c">
         <name>UARTClockSourceSet</name>
         <value>0x4503</value>
         <object_component_ref idref="oc-185"/>
      </symbol>
      <symbol id="sm-91d">
         <name>UARTTxIntModeGet</name>
         <value>0x4309</value>
         <object_component_ref idref="oc-185"/>
      </symbol>
      <symbol id="sm-91e">
         <name>UARTModemStatusGet</name>
         <value>0x42ab</value>
         <object_component_ref idref="oc-185"/>
      </symbol>
      <symbol id="sm-91f">
         <name>UARTIntDisable</name>
         <value>0x4469</value>
         <object_component_ref idref="oc-185"/>
      </symbol>
      <symbol id="sm-920">
         <name>UARTCharPut</name>
         <value>0x43ad</value>
         <object_component_ref idref="oc-185"/>
      </symbol>
      <symbol id="sm-921">
         <name>UARTParityModeSet</name>
         <value>0x4007</value>
         <object_component_ref idref="oc-185"/>
      </symbol>
      <symbol id="sm-922">
         <name>UARTRxErrorGet</name>
         <value>0x44e1</value>
         <object_component_ref idref="oc-185"/>
      </symbol>
      <symbol id="sm-923">
         <name>UARTConfigGetExpClk</name>
         <value>0x40eb</value>
         <object_component_ref idref="oc-185"/>
      </symbol>
      <symbol id="sm-924">
         <name>UARTEnableSIR</name>
         <value>0x41b1</value>
         <object_component_ref idref="oc-185"/>
      </symbol>
      <symbol id="sm-925">
         <name>UARTEnable</name>
         <value>0x4137</value>
         <object_component_ref idref="oc-185"/>
      </symbol>
      <symbol id="sm-926">
         <name>UART9BitAddrSend</name>
         <value>0x4579</value>
         <object_component_ref idref="oc-185"/>
      </symbol>
      <symbol id="sm-927">
         <name>UARTModemControlGet</name>
         <value>0x4299</value>
         <object_component_ref idref="oc-185"/>
      </symbol>
      <symbol id="sm-928">
         <name>UARTSmartCardEnable</name>
         <value>0x41f5</value>
         <object_component_ref idref="oc-185"/>
      </symbol>
      <symbol id="sm-929">
         <name>UARTFlowControlGet</name>
         <value>0x42db</value>
         <object_component_ref idref="oc-185"/>
      </symbol>
      <symbol id="sm-92a">
         <name>UARTFIFOEnable</name>
         <value>0x4185</value>
         <object_component_ref idref="oc-185"/>
      </symbol>
      <symbol id="sm-92b">
         <name>UARTIntClear</name>
         <value>0x449f</value>
         <object_component_ref idref="oc-185"/>
      </symbol>
      <symbol id="sm-92c">
         <name>UARTIntStatus</name>
         <value>0x4481</value>
         <object_component_ref idref="oc-185"/>
      </symbol>
      <symbol id="sm-92d">
         <name>UARTDMADisable</name>
         <value>0x44c9</value>
         <object_component_ref idref="oc-185"/>
      </symbol>
      <symbol id="sm-92e">
         <name>UART9BitEnable</name>
         <value>0x4527</value>
         <object_component_ref idref="oc-185"/>
      </symbol>
      <symbol id="sm-92f">
         <name>UARTSpaceAvail</name>
         <value>0x4339</value>
         <object_component_ref idref="oc-185"/>
      </symbol>
      <symbol id="sm-930">
         <name>UARTCharGet</name>
         <value>0x4373</value>
         <object_component_ref idref="oc-185"/>
      </symbol>
      <symbol id="sm-931">
         <name>UARTFIFOLevelSet</name>
         <value>0x4035</value>
         <object_component_ref idref="oc-185"/>
      </symbol>
      <symbol id="sm-932">
         <name>UARTModemControlClear</name>
         <value>0x4275</value>
         <object_component_ref idref="oc-185"/>
      </symbol>
      <symbol id="sm-933">
         <name>UARTParityModeGet</name>
         <value>0x4023</value>
         <object_component_ref idref="oc-185"/>
      </symbol>
      <symbol id="sm-934">
         <name>UARTIntRegister</name>
         <value>0x4413</value>
         <object_component_ref idref="oc-185"/>
      </symbol>
      <symbol id="sm-935">
         <name>UARTBreakCtl</name>
         <value>0x43cb</value>
         <object_component_ref idref="oc-185"/>
      </symbol>
      <symbol id="sm-936">
         <name>UART9BitAddrSet</name>
         <value>0x4553</value>
         <object_component_ref idref="oc-185"/>
      </symbol>
      <symbol id="sm-9a6">
         <name>UARTgetc</name>
         <value>0x4c39</value>
         <object_component_ref idref="oc-18b"/>
      </symbol>
      <symbol id="sm-9a7">
         <name>UARTgets</name>
         <value>0x4b7f</value>
         <object_component_ref idref="oc-18b"/>
      </symbol>
      <symbol id="sm-9a8">
         <name>UARTStdioConfig</name>
         <value>0x4ae9</value>
         <object_component_ref idref="oc-18b"/>
      </symbol>
      <symbol id="sm-9a9">
         <name>UARTwrite</name>
         <value>0x4b2f</value>
         <object_component_ref idref="oc-18b"/>
      </symbol>
      <symbol id="sm-9aa">
         <name>UARTprintf</name>
         <value>0x4f5b</value>
         <object_component_ref idref="oc-18b"/>
      </symbol>
      <symbol id="sm-9ab">
         <name>UARTvprintf</name>
         <value>0x4c61</value>
         <object_component_ref idref="oc-18b"/>
      </symbol>
      <symbol id="sm-9d4">
         <name>__aeabi_cdcmpeq</name>
         <value>0x6521</value>
         <object_component_ref idref="oc-1f3"/>
      </symbol>
      <symbol id="sm-9d5">
         <name>__aeabi_cdcmple</name>
         <value>0x6521</value>
         <object_component_ref idref="oc-1f3"/>
      </symbol>
      <symbol id="sm-9d6">
         <name>__aeabi_cdrcmple</name>
         <value>0x65a7</value>
         <object_component_ref idref="oc-1f8"/>
      </symbol>
      <symbol id="sm-9e9">
         <name>__aeabi_fadd</name>
         <value>0x61bd</value>
         <object_component_ref idref="oc-1e4"/>
      </symbol>
      <symbol id="sm-9ea">
         <name>__aeabi_fsub</name>
         <value>0x61b9</value>
         <object_component_ref idref="oc-1e4"/>
      </symbol>
      <symbol id="sm-a04">
         <name>__aeabi_cfrcmple</name>
         <value>0x67e9</value>
         <object_component_ref idref="oc-202"/>
      </symbol>
      <symbol id="sm-a05">
         <name>__aeabi_cfcmpeq</name>
         <value>0x6789</value>
         <object_component_ref idref="oc-207"/>
      </symbol>
      <symbol id="sm-a06">
         <name>__aeabi_cfcmple</name>
         <value>0x6789</value>
         <object_component_ref idref="oc-207"/>
      </symbol>
      <symbol id="sm-a13">
         <name>__aeabi_fdiv</name>
         <value>0x6405</value>
         <object_component_ref idref="oc-1e9"/>
      </symbol>
      <symbol id="sm-a1d">
         <name>__aeabi_fmul</name>
         <value>0x662d</value>
         <object_component_ref idref="oc-1fd"/>
      </symbol>
      <symbol id="sm-a28">
         <name>__aeabi_f2d</name>
         <value>0x6a89</value>
         <object_component_ref idref="oc-1ee"/>
      </symbol>
      <symbol id="sm-a32">
         <name>__aeabi_f2iz</name>
         <value>0x6ac1</value>
         <object_component_ref idref="oc-219"/>
      </symbol>
      <symbol id="sm-a50">
         <name>memcpy</name>
         <value>0x6369</value>
         <object_component_ref idref="oc-3b"/>
      </symbol>
      <symbol id="sm-a51">
         <name>__aeabi_memcpy</name>
         <value>0x6369</value>
         <object_component_ref idref="oc-3b"/>
      </symbol>
      <symbol id="sm-a52">
         <name>__aeabi_memcpy8</name>
         <value>0x6369</value>
         <object_component_ref idref="oc-3b"/>
      </symbol>
      <symbol id="sm-a53">
         <name>__aeabi_memcpy4</name>
         <value>0x6369</value>
         <object_component_ref idref="oc-3b"/>
      </symbol>
      <symbol id="sm-a5e">
         <name>__aeabi_ui2f</name>
         <value>0x6b51</value>
         <object_component_ref idref="oc-1df"/>
      </symbol>
      <symbol id="sm-a6d">
         <name>__aeabi_memset</name>
         <value>0x66a9</value>
         <object_component_ref idref="oc-8f"/>
      </symbol>
      <symbol id="sm-a6e">
         <name>memset</name>
         <value>0x66af</value>
         <object_component_ref idref="oc-8f"/>
      </symbol>
      <symbol id="sm-a6f">
         <name>__aeabi_memset8</name>
         <value>0x66a9</value>
         <object_component_ref idref="oc-8f"/>
      </symbol>
      <symbol id="sm-a70">
         <name>__aeabi_memset4</name>
         <value>0x66a9</value>
         <object_component_ref idref="oc-8f"/>
      </symbol>
      <symbol id="sm-a71">
         <name>__aeabi_memclr8</name>
         <value>0x66a7</value>
         <object_component_ref idref="oc-8f"/>
      </symbol>
      <symbol id="sm-a72">
         <name>__aeabi_memclr4</name>
         <value>0x66a7</value>
         <object_component_ref idref="oc-8f"/>
      </symbol>
      <symbol id="sm-a73">
         <name>__aeabi_memclr</name>
         <value>0x66a7</value>
         <object_component_ref idref="oc-8f"/>
      </symbol>
      <symbol id="sm-a82">
         <name>__aeabi_uidivmod</name>
         <value>0x69d1</value>
         <object_component_ref idref="oc-283"/>
      </symbol>
      <symbol id="sm-a83">
         <name>__aeabi_uidiv</name>
         <value>0x69d1</value>
         <object_component_ref idref="oc-283"/>
      </symbol>
      <symbol id="sm-a9a">
         <name>__TI_zero_init</name>
         <value>0x6bc3</value>
         <object_component_ref idref="oc-4d"/>
      </symbol>
      <symbol id="sm-ab1">
         <name>__TI_decompress_none</name>
         <value>0x6bb5</value>
         <object_component_ref idref="oc-1b"/>
      </symbol>
      <symbol id="sm-ad4">
         <name>__TI_decompress_lzss</name>
         <value>0x6721</value>
         <object_component_ref idref="oc-15"/>
      </symbol>
      <symbol id="sm-aec">
         <name>srand</name>
         <value>0x6b75</value>
         <object_component_ref idref="oc-213"/>
      </symbol>
      <symbol id="sm-afe">
         <name>__stack</name>
         <value>0x200074e0</value>
         <object_component_ref idref="oc-24"/>
      </symbol>
      <symbol id="sm-aff">
         <name>_c_int00_noargs</name>
         <value>0x6b2d</value>
         <object_component_ref idref="oc-59"/>
      </symbol>
      <symbol id="sm-b17">
         <name>__time32</name>
         <value>0x6ba7</value>
         <object_component_ref idref="oc-20d"/>
      </symbol>
      <symbol id="sm-b18">
         <name>time</name>
         <value>0x6ba7</value>
         <object_component_ref idref="oc-20d"/>
      </symbol>
      <symbol id="sm-b23">
         <name>__aeabi_idiv0</name>
         <value>0x56b3</value>
         <object_component_ref idref="oc-333"/>
      </symbol>
      <symbol id="sm-b24">
         <name>__aeabi_ldiv0</name>
         <value>0x56b3</value>
         <object_component_ref idref="oc-333"/>
      </symbol>
      <symbol id="sm-b4c">
         <name>__TI_auto_init_nobinit_nopinit</name>
         <value>0x698d</value>
         <object_component_ref idref="oc-123"/>
      </symbol>
      <symbol id="sm-b56">
         <name>_system_pre_init</name>
         <value>0x6be1</value>
         <object_component_ref idref="oc-95"/>
      </symbol>
      <symbol id="sm-b62">
         <name>C$$EXIT</name>
         <value>0x6be5</value>
         <object_component_ref idref="oc-117"/>
      </symbol>
      <symbol id="sm-b63">
         <name>abort</name>
         <value>0x6be5</value>
         <object_component_ref idref="oc-117"/>
      </symbol>
      <symbol id="sm-b78">
         <name>_nop</name>
         <value>0x45d7</value>
         <object_component_ref idref="oc-2f0"/>
      </symbol>
      <symbol id="sm-b79">
         <name>_lock</name>
         <value>0x20007704</value>
         <object_component_ref idref="oc-235"/>
      </symbol>
      <symbol id="sm-b7a">
         <name>_unlock</name>
         <value>0x20007708</value>
         <object_component_ref idref="oc-235"/>
      </symbol>
      <symbol id="sm-b93">
         <name>HOSTtime</name>
         <value>0x6945</value>
         <object_component_ref idref="oc-2d8"/>
      </symbol>
      <symbol id="sm-bb7">
         <name>__TI_readmsg</name>
         <value>0x6af9</value>
         <object_component_ref idref="oc-35a"/>
      </symbol>
      <symbol id="sm-bb8">
         <name>C$$IO$$</name>
         <value>0x6a7f</value>
         <object_component_ref idref="oc-354"/>
      </symbol>
      <symbol id="sm-bb9">
         <name>__CIOBUF_</name>
         <value>0x200072d4</value>
         <object_component_ref idref="oc-391"/>
      </symbol>
      <symbol id="sm-bba">
         <name>__TI_writemsg</name>
         <value>0x6a51</value>
         <object_component_ref idref="oc-354"/>
      </symbol>
      <symbol id="sm-bc0">
         <name>parmbuf</name>
         <value>0x200074b4</value>
      </symbol>
      <symbol id="sm-bc2">
         <name>__TI_static_base__</name>
         <value>0x0</value>
      </symbol>
      <symbol id="sm-bc5">
         <name>__mpu_init</name>
         <value>0x0</value>
      </symbol>
      <symbol id="sm-bc6">
         <name>_system_post_cinit</name>
         <value>0x0</value>
      </symbol>
   </symbol_table>
   <title>Link successful</title>
</link_info>
