******************************************************************************
                  TI ARM Linker Unix v20.2.7                   
******************************************************************************
>> Linked Thu Dec  7 19:40:40 2023

OUTPUT FILE NAME:   <RTOS.out>
ENTRY POINT SYMBOL: "_c_int00_noargs"  address: 000067ed


MEMORY CONFIGURATION

         name            origin    length      used     unused   attr    fill
----------------------  --------  ---------  --------  --------  ----  --------
  FLASH                 00000000   00040000  00007008  00038ff8  R  X
  SRAM                  20000000   00008000  000076bc  00000944  RW X


SEGMENT ALLOCATION MAP

run origin  load origin   length   init length attrs members
----------  ----------- ---------- ----------- ----- -------
00000000    00000000    00007008   00007008    r-x
  00000000    00000000    0000026c   0000026c    r-- .intvecs
  0000026c    0000026c    0000663c   0000663c    r-x .text
  000068a8    000068a8    000006f8   000006f8    r-- .const
  00006fa0    00006fa0    00000068   00000068    r-- .cinit
20000000    20000000    000076bc   00000000    rw-
  20000000    20000000    0000026c   00000000    rw- .vtable
  2000026c    2000026c    0000720c   00000000    rw- .bss
  20007478    20007478    00000200   00000000    rw- .stack
  20007678    20007678    00000044   00000000    rw- .data


SECTION ALLOCATION MAP

 output                                  attributes/
section   page    origin      length       input sections
--------  ----  ----------  ----------   ----------------
.intvecs   0    00000000    0000026c     
                  00000000    0000026c     tm4c123gh6pm_startup_ccs.obj (.intvecs)

.text      0    0000026c    0000663c     
                  0000026c    00000fa0     sysctl.obj (.text)
                  0000120c    00000c18     gpio.obj (.text)
                  00001e24    00000840     adc.obj (.text)
                  00002664    00000808     G8RTOS_Scheduler.obj (.text)
                  00002e6c    00000700     i2c.obj (.text)
                  0000356c    000006e8     multimod_ST7789.obj (.text)
                  00003c54    0000062e     uart.obj (.text)
                  00004282    00000002     rtsv7M4_T_le_eabi.lib : _lock.c.obj (.text:_nop)
                  00004284    000004d8     threads.obj (.text)
                  0000475c    000004a8     uartstdio.obj (.text)
                  00004c04    000003c0     interrupt.obj (.text)
                  00004fc4    00000362     ssi.obj (.text)
                  00005326    00000002     rtsv7M4_T_le_eabi.lib : div0.asm.obj (.text)
                  00005328    0000030c     multimod_BMI160.obj (.text)
                  00005634    000002b0     multimod_i2c.obj (.text)
                  000058e4    000001a0     G8RTOS_IPC.obj (.text)
                  00005a84    0000018c     multimod_spi.obj (.text)
                  00005c10    00000154     main.obj (.text)
                  00005d64    00000114     multimod_joystick.obj (.text)
                  00005e78    000000fa     rtsv7M4_T_le_eabi.lib : fs_add_t2.asm.obj (.text)
                  00005f72    00000002     --HOLE-- [fill = 0]
                  00005f74    000000b4     G8RTOS_Semaphores.obj (.text)
                  00006028    0000009c     rtsv7M4_T_le_eabi.lib : memcpy_t2.asm.obj (.text)
                  000060c4    00000092                           : fs_div_t2.asm.obj (.text)
                  00006156    00000002     --HOLE-- [fill = 0]
                  00006158    00000088     systick.obj (.text)
                  000061e0    00000086     rtsv7M4_T_le_eabi.lib : fd_cmp_t2.asm.obj (.text:__aeabi_cdcmple)
                  00006266    00000086                           : fd_cmp_t2.asm.obj (.text:__aeabi_cdrcmple)
                  000062ec    0000007a                           : fs_mul_t2.asm.obj (.text)
                  00006366    0000007a                           : memset_t2.asm.obj (.text)
                  000063e0    00000068                           : copy_decompress_lzss.c.obj (.text:decompress:lzss:__TI_decompress_lzss)
                  00006448    00000060                           : fs_cmp_t2.asm.obj (.text:__aeabi_cfcmple)
                  000064a8    00000060                           : fs_cmp_t2.asm.obj (.text:__aeabi_cfrcmple)
                  00006508    00000058     multimod_buttons.obj (.text)
                  00006560    00000058     multimod_uart.obj (.text)
                  000065b8    0000004c     G8RTOS_SchedulerASM.obj (.text)
                  00006604    00000048     rtsv7M4_T_le_eabi.lib : hosttime.c.obj (.text:HOSTtime)
                  0000664c    00000044                           : autoinit.c.obj (.text:__TI_auto_init_nobinit_nopinit:__TI_auto_init_nobinit_nopinit)
                  00006690    00000040                           : u_divt2.asm.obj (.text)
                  000066d0    0000003e     cpu.obj (.text)
                  0000670e    00000002     --HOLE-- [fill = 0]
                  00006710    00000038     rtsv7M4_T_le_eabi.lib : trgmsg.c.obj (.text:__TI_writemsg)
                  00006748    00000038                           : fs_tod_t2.asm.obj (.text)
                  00006780    00000038                           : fs_toi_t2.asm.obj (.text)
                  000067b8    00000034                           : trgmsg.c.obj (.text:__TI_readmsg)
                  000067ec    00000024                           : boot_cortex_m.c.obj (.text:_c_int00_noargs:_c_int00_noargs)
                  00006810    00000024                           : u_tofs_t2.asm.obj (.text)
                  00006834    00000024                           : rand.c.obj (.text:srand)
                  00006858    0000000e     G8RTOS_CriticalSection.obj (.text)
                  00006866    0000000e     rtsv7M4_T_le_eabi.lib : time.c.obj (.text:__time32)
                  00006874    0000000e                           : copy_decompress_none.c.obj (.text:decompress:none:__TI_decompress_none)
                  00006882    0000000c                           : copy_zero_init.c.obj (.text:decompress:ZI:__TI_zero_init)
                  0000688e    0000000c     tm4c123gh6pm_startup_ccs.obj (.text)
                  0000689a    00000006     sysctl.obj (.text:SysCtlDelay)
                  000068a0    00000004     rtsv7M4_T_le_eabi.lib : pre_init.c.obj (.text:_system_pre_init)
                  000068a4    00000004                           : exit.c.obj (.text:abort:abort)

.const     0    000068a8    000006f8     
                  000068a8    000001b0     sysctl.obj (.const:g_pppui32XTALtoVCO)
                  00006a58    000000d8     gpio.obj (.const:g_ppui32GPIOIntMapSnowflake)
                  00006b30    000000c0     gpio.obj (.const:g_ppui32GPIOIntMapBlizzard)
                  00006bf0    0000009c     interrupt.obj (.const:g_pui32Regs)
                  00006c8c    00000090     gpio.obj (.const:g_pui32GPIOBaseAddrs)
                  00006d1c    0000006c     sysctl.obj (.const:g_pui32Xtals)
                  00006d88    00000050     i2c.obj (.const:g_ppui32I2CIntMapSnowflake)
                  00006dd8    00000040     uart.obj (.const:g_ppui32UARTIntMap)
                  00006e18    00000040     uart.obj (.const:g_ppui32UARTIntMapSnowflake)
                  00006e58    00000030     i2c.obj (.const:g_ppui32I2CIntMap)
                  00006e88    00000030     sysctl.obj (.const:g_sXTALtoMEMTIM)
                  00006eb8    00000020     ssi.obj (.const:g_ppui32SSIIntMap)
                  00006ed8    00000020     ssi.obj (.const:g_ppui32SSIIntMapSnowflake)
                  00006ef8    00000020     interrupt.obj (.const:g_pui32Priority)
                  00006f18    00000014     interrupt.obj (.const:g_pui32Dii16Regs)
                  00006f2c    00000014     interrupt.obj (.const:g_pui32EnRegs)
                  00006f40    00000014     interrupt.obj (.const:g_pui32PendRegs)
                  00006f54    00000014     interrupt.obj (.const:g_pui32UnpendRegs)
                  00006f68    00000012     uartstdio.obj (.const:.string)
                  00006f7a    00000002     --HOLE-- [fill = 0]
                  00006f7c    0000000c     uartstdio.obj (.const:g_ui32UARTBase)
                  00006f88    0000000c     uartstdio.obj (.const:g_ui32UARTPeriph)
                  00006f94    00000008     sysctl.obj (.const:g_pui32VCOFrequencies)
                  00006f9c    00000004     uartstdio.obj (.const)

.cinit     0    00006fa0    00000068     
                  00006fa0    0000002d     (.cinit..data.load) [load image, compression = lzss]
                  00006fcd    00000003     --HOLE-- [fill = 0]
                  00006fd0    0000000c     (__TI_handler_table)
                  00006fdc    00000004     --HOLE-- [fill = 0]
                  00006fe0    00000008     (.cinit..bss.load) [load image, compression = zero_init]
                  00006fe8    00000008     (.cinit..vtable.load) [load image, compression = zero_init]
                  00006ff0    00000018     (__TI_cinit_table)

.init_array 
*          0    00000000    00000000     UNINITIALIZED

.vtable    0    20000000    0000026c     UNINITIALIZED
                  20000000    0000026c     interrupt.obj (.vtable)

.bss       0    2000026c    0000720c     UNINITIALIZED
                  2000026c    00006d60     G8RTOS_Scheduler.obj (.bss:threadStacks)
                  20006fcc    000001b8     G8RTOS_Scheduler.obj (.bss:threadControlBlocks)
                  20007184    00000150     G8RTOS_IPC.obj (.bss:FIFOs)
                  200072d4    00000120     rtsv7M4_T_le_eabi.lib : trgmsg.c.obj (.bss:_CIOBUF_)
                  200073f4    00000048     G8RTOS_Scheduler.obj (.bss:pthreadControlBlocks)
                  2000743c    00000008     G8RTOS_Scheduler.obj (.bss)
                  20007444    00000008     adc.obj (.bss:g_pui8OversampleFactor)
                  2000744c    00000008     (.common:parmbuf)
                  20007454    00000004     (.common:CurrentlyRunningThread)
                  20007458    00000004     (.common:IBit_State)
                  2000745c    00000004     (.common:SystemTime)
                  20007460    00000004     (.common:sem_I2CA)
                  20007464    00000004     (.common:sem_Joystick_Debounce)
                  20007468    00000004     (.common:sem_PCA9555_Debounce)
                  2000746c    00000004     (.common:sem_Render)
                  20007470    00000004     (.common:sem_SPIA)
                  20007474    00000004     (.common:sem_UART)

.data      0    20007678    00000044     UNINITIALIZED
                  20007678    00000021     threads.obj (.data)
                  20007699    00000003     --HOLE--
                  2000769c    0000000c     main.obj (.data)
                  200076a8    00000008     rtsv7M4_T_le_eabi.lib : _lock.c.obj (.data:$O1$$)
                  200076b0    00000005     uartstdio.obj (.data)
                  200076b5    00000003     --HOLE--
                  200076b8    00000004     rtsv7M4_T_le_eabi.lib : rand.c.obj (.data)

.stack     0    20007478    00000200     UNINITIALIZED
                  20007478    00000004     rtsv7M4_T_le_eabi.lib : boot_cortex_m.c.obj (.stack)
                  2000747c    000001fc     --HOLE--

__llvm_prf_cnts 
*          0    20000000    00000000     UNINITIALIZED

MODULE SUMMARY

       Module                         code    ro data   rw data
       ------                         ----    -------   -------
    ./
       threads.obj                    1240    0         33     
       tm4c123gh6pm_startup_ccs.obj   12      620       0      
       main.obj                       340     0         40     
    +--+------------------------------+-------+---------+---------+
       Total:                         1592    620       73     
                                                               
    ./G8RTOS/src/
       G8RTOS_Scheduler.obj           2056    0         28528  
       G8RTOS_IPC.obj                 416     0         336    
       G8RTOS_Semaphores.obj          180     0         0      
       G8RTOS_SchedulerASM.obj        76      0         0      
       G8RTOS_CriticalSection.obj     14      0         0      
    +--+------------------------------+-------+---------+---------+
       Total:                         2742    0         28864  
                                                               
    ./MultimodDrivers/src/
       multimod_ST7789.obj            1768    0         0      
       multimod_BMI160.obj            780     0         0      
       multimod_i2c.obj               688     0         0      
       multimod_spi.obj               396     0         0      
       multimod_joystick.obj          276     0         0      
       multimod_buttons.obj           88      0         0      
       multimod_uart.obj              88      0         0      
    +--+------------------------------+-------+---------+---------+
       Total:                         4084    0         0      
                                                               
    ./driverlib/
       sysctl.obj                     4006    596       0      
       gpio.obj                       3096    552       0      
       adc.obj                        2112    0         8      
       i2c.obj                        1792    128       0      
       interrupt.obj                  960     268       620    
       uart.obj                       1582    128       0      
       uartstdio.obj                  1192    46        5      
       ssi.obj                        866     64        0      
       systick.obj                    136     0         0      
       cpu.obj                        62      0         0      
    +--+------------------------------+-------+---------+---------+
       Total:                         15804   1782      633    
                                                               
    /home/diamond/ti/ccs1240/ccs/tools/compiler/ti-cgt-arm_20.2.7.LTS/lib/rtsv7M4_T_le_eabi.lib
       trgmsg.c.obj                   108     0         288    
       fd_cmp_t2.asm.obj              268     0         0      
       fs_add_t2.asm.obj              250     0         0      
       fs_cmp_t2.asm.obj              192     0         0      
       memcpy_t2.asm.obj              156     0         0      
       fs_div_t2.asm.obj              146     0         0      
       fs_mul_t2.asm.obj              122     0         0      
       memset_t2.asm.obj              122     0         0      
       copy_decompress_lzss.c.obj     104     0         0      
       hosttime.c.obj                 72      0         0      
       autoinit.c.obj                 68      0         0      
       u_divt2.asm.obj                64      0         0      
       fs_tod_t2.asm.obj              56      0         0      
       fs_toi_t2.asm.obj              56      0         0      
       rand.c.obj                     36      0         4      
       boot_cortex_m.c.obj            36      0         0      
       u_tofs_t2.asm.obj              36      0         0      
       copy_decompress_none.c.obj     14      0         0      
       time.c.obj                     14      0         0      
       copy_zero_init.c.obj           12      0         0      
       _lock.c.obj                    2       0         8      
       hostopen.c.obj                 0       0         8      
       exit.c.obj                     4       0         0      
       pre_init.c.obj                 4       0         0      
       div0.asm.obj                   2       0         0      
    +--+------------------------------+-------+---------+---------+
       Total:                         1944    0         308    
                                                               
       Stack:                         0       0         512    
       Linker Generated:              0       97        0      
    +--+------------------------------+-------+---------+---------+
       Grand Total:                   26166   2499      30390  


LINKER GENERATED COPY TABLES

__TI_cinit_table @ 00006ff0 records: 3, size/record: 8, table size: 24
	.data: load addr=00006fa0, load size=0000002d bytes, run addr=20007678, run size=00000044 bytes, compression=lzss
	.bss: load addr=00006fe0, load size=00000008 bytes, run addr=2000026c, run size=0000720c bytes, compression=zero_init
	.vtable: load addr=00006fe8, load size=00000008 bytes, run addr=20000000, run size=0000026c bytes, compression=zero_init


LINKER GENERATED HANDLER TABLE

__TI_handler_table @ 00006fd0 records: 3, size/record: 4, table size: 12
	index: 0, handler: __TI_zero_init
	index: 1, handler: __TI_decompress_lzss
	index: 2, handler: __TI_decompress_none


GLOBAL SYMBOLS: SORTED ALPHABETICALLY BY Name 

address   name                              
-------   ----                              
000025d7  ADCBusy                           
0000261f  ADCClockConfigGet                 
000025f5  ADCClockConfigSet                 
000023ed  ADCComparatorConfigure            
000024c5  ADCComparatorIntClear             
00002477  ADCComparatorIntDisable           
00002495  ADCComparatorIntEnable            
000024b3  ADCComparatorIntStatus            
00002409  ADCComparatorRegionSet            
00002431  ADCComparatorReset                
000023bb  ADCHardwareOversampleConfigure    
00001f5f  ADCIntClear                       
0000253f  ADCIntClearEx                     
00001ec5  ADCIntDisable                     
000024dd  ADCIntDisableEx                   
00001ee1  ADCIntEnable                      
000024f5  ADCIntEnableEx                    
00001e7f  ADCIntRegister                    
00001f07  ADCIntStatus                      
0000250d  ADCIntStatusEx                    
00001ea7  ADCIntUnregister                  
00002591  ADCPhaseDelayGet                  
0000257f  ADCPhaseDelaySet                  
000021cf  ADCProcessorTrigger               
0000256d  ADCReferenceGet                   
00002551  ADCReferenceSet                   
00001fa9  ADCSequenceConfigure              
000025bb  ADCSequenceDMADisable             
0000259f  ADCSequenceDMAEnable              
0000218d  ADCSequenceDataGet                
00001f8f  ADCSequenceDisable                
00001f75  ADCSequenceEnable                 
00002131  ADCSequenceOverflow               
00002149  ADCSequenceOverflowClear          
00002045  ADCSequenceStepConfigure          
0000215f  ADCSequenceUnderflow              
00002177  ADCSequenceUnderflowClear         
000021f7  ADCSoftwareOversampleConfigure    
00002329  ADCSoftwareOversampleDataGet      
00002249  ADCSoftwareOversampleStepConfigure
000053e1  BMI160_AccelXGetResult            
00005525  BMI160_AccelXYZGetResult          
00005405  BMI160_AccelYGetResult            
00005429  BMI160_AccelZGetResult            
00005621  BMI160_GetDataStatus              
0000544d  BMI160_GyroXGetResult             
00005579  BMI160_GyroXYZGetResult           
00005471  BMI160_GyroYGetResult             
00005495  BMI160_GyroZGetResult             
00005329  BMI160_Init                       
000054b9  BMI160_MagXGetResult              
000055cd  BMI160_MagXYZGetResult            
000054dd  BMI160_MagYGetResult              
00005501  BMI160_MagZGetResult              
000053bb  BMI160_MultiReadRegister          
0000539f  BMI160_ReadRegister               
0000535d  BMI160_WriteRegister              
000068a5  C$$EXIT                           
0000673f  C$$IO$$                           
00006705  CPUbasepriGet                     
000066f7  CPUbasepriSet                     
000066d1  CPUcpsid                          
000066e7  CPUcpsie                          
000066dd  CPUprimask                        
000066f3  CPUwfi                            
20007454  CurrentlyRunningThread            
00006861  EndCriticalSection                
20007678  FloorOne                          
2000767a  FloorThree                        
20007679  FloorTwo                          
00004297  Floor_Thread                      
0000285d  G8RTOS_AddThread                  
000029cd  G8RTOS_Add_APeriodicEvent         
00002a55  G8RTOS_Add_PeriodicEvent          
00002ca7  G8RTOS_GetNumberOfThreads         
00002c9f  G8RTOS_GetThreadID                
0000276d  G8RTOS_Init                       
000058e5  G8RTOS_InitFIFO                   
00005f75  G8RTOS_InitSemaphore              
00002c15  G8RTOS_KillSelf                   
00002b71  G8RTOS_KillThread                 
000027c1  G8RTOS_Launch                     
0000594d  G8RTOS_ReadFIFO                   
000027e9  G8RTOS_Scheduler                  
00005fd5  G8RTOS_SignalSemaphore            
000065bd  G8RTOS_Start                      
00005f93  G8RTOS_WaitSemaphore              
000059d5  G8RTOS_WriteFIFO                  
00001dd5  GPIOADCTriggerDisable             
00001db7  GPIOADCTriggerEnable              
00001d99  GPIODMATriggerDisable             
00001d7b  GPIODMATriggerEnable              
000046f9  GPIOD_Handler                     
000012c7  GPIODirModeGet                    
0000126b  GPIODirModeSet                    
000046e7  GPIOE_Handler                     
00001881  GPIOIntClear                      
00001845  GPIOIntDisable                    
00001821  GPIOIntEnable                     
00001895  GPIOIntRegister                   
000018cd  GPIOIntRegisterPin                
0000185f  GPIOIntStatus                     
000013b7  GPIOIntTypeGet                    
00001313  GPIOIntTypeSet                    
000018b3  GPIOIntUnregister                 
000018fb  GPIOIntUnregisterPin              
000016af  GPIOPadConfigGet                  
00001441  GPIOPadConfigSet                  
00001d19  GPIOPinConfigure                  
0000191f  GPIOPinRead                       
00001957  GPIOPinTypeADC                    
0000197b  GPIOPinTypeCAN                    
0000199f  GPIOPinTypeComparator             
000019c3  GPIOPinTypeComparatorOutput       
000019e7  GPIOPinTypeDIVSCLK                
00001a0b  GPIOPinTypeEPI                    
00001a2f  GPIOPinTypeEthernetLED            
00001a53  GPIOPinTypeEthernetMII            
00001a77  GPIOPinTypeGPIOInput              
00001a9b  GPIOPinTypeGPIOOutput             
00001ac5  GPIOPinTypeGPIOOutputOD           
00001ae9  GPIOPinTypeHibernateRTCCLK        
00001b0d  GPIOPinTypeI2C                    
00001b31  GPIOPinTypeI2CSCL                 
00001b55  GPIOPinTypeLCD                    
00001b79  GPIOPinTypeOneWire                
00001b9d  GPIOPinTypePWM                    
00001bc1  GPIOPinTypeQEI                    
00001be5  GPIOPinTypeSSI                    
00001c09  GPIOPinTypeTimer                  
00001c2d  GPIOPinTypeTrace                  
00001c51  GPIOPinTypeUART                   
00001c75  GPIOPinTypeUSBAnalog              
00001c99  GPIOPinTypeUSBDigital             
00001cbd  GPIOPinTypeWakeHigh               
00001ce3  GPIOPinTypeWakeLow                
00001d09  GPIOPinWakeStatus                 
00001937  GPIOPinWrite                      
00001df3  GPIOUnlockPin                     
000046d5  Get_Joystick                      
00006605  HOSTtime                          
00003465  I2CFIFODataGet                    
0000347f  I2CFIFODataGetNonBlocking         
0000341b  I2CFIFODataPut                    
0000343d  I2CFIFODataPutNonBlocking         
0000340b  I2CFIFOStatus                     
00002ffd  I2CIntRegister                    
0000301b  I2CIntUnregister                  
00003541  I2CLoopbackEnable                 
000034bb  I2CMasterBurstCountGet            
000034a5  I2CMasterBurstLengthSet           
00003263  I2CMasterBusBusy                  
0000324b  I2CMasterBusy                     
0000327b  I2CMasterControl                  
000032cf  I2CMasterDataGet                  
000032b9  I2CMasterDataPut                  
00002fc9  I2CMasterDisable                  
00002f95  I2CMasterEnable                   
0000328d  I2CMasterErr                      
000034c9  I2CMasterGlitchFilterConfigSet    
00002ecb  I2CMasterInitExpClk               
000031c3  I2CMasterIntClear                 
000031d9  I2CMasterIntClearEx               
0000308f  I2CMasterIntDisable               
0000309f  I2CMasterIntDisableEx             
00003035  I2CMasterIntEnable                
00003045  I2CMasterIntEnableEx              
000030e9  I2CMasterIntStatus                
00003129  I2CMasterIntStatusEx              
0000323d  I2CMasterLineStateGet             
0000321b  I2CMasterSlaveAddrSet             
000032dd  I2CMasterTimeoutSet               
000033cb  I2CRxFIFOConfigSet                
000033f3  I2CRxFIFOFlush                    
000032ef  I2CSlaveACKOverride               
00003321  I2CSlaveACKValueSet               
00002f57  I2CSlaveAddressSet                
0000337b  I2CSlaveDataGet                   
00003363  I2CSlaveDataPut                   
00002fdf  I2CSlaveDisable                   
00002fab  I2CSlaveEnable                    
0000352f  I2CSlaveFIFODisable               
00003517  I2CSlaveFIFOEnable                
00002f3d  I2CSlaveInit                      
000031f5  I2CSlaveIntClear                  
00003207  I2CSlaveIntClearEx                
000030b7  I2CSlaveIntDisable                
000030cf  I2CSlaveIntDisableEx              
0000305d  I2CSlaveIntEnable                 
00003075  I2CSlaveIntEnableEx               
00003159  I2CSlaveIntStatus                 
000031a1  I2CSlaveIntStatusEx               
00003353  I2CSlaveStatus                    
0000338b  I2CTxFIFOConfigSet                
000033b3  I2CTxFIFOFlush                    
00005635  I2C_Init                          
0000580b  I2C_ReadMultiple                  
00005735  I2C_ReadSingle                    
00005765  I2C_WriteMultiple                 
000056c9  I2C_WriteSingle                   
000056ff  I2C_WriteSingleCont               
20007458  IBit_State                        
00004635  Idle_Thread                       
0000442f  Increment_Thread                  
00004dc5  IntDisable                        
00004d53  IntEnable                         
00004e37  IntIsEnabled                      
00004c17  IntMasterDisable                  
00004c07  IntMasterEnable                   
00004f2d  IntPendClear                      
00004ebd  IntPendSet                        
00004d2f  IntPriorityGet                    
00004ca7  IntPriorityGroupingGet            
00004c8d  IntPriorityGroupingSet            
00004f87  IntPriorityMaskGet                
00004f7b  IntPriorityMaskSet                
00004cdf  IntPrioritySet                    
00004c27  IntRegister                       
00004f8f  IntTrigger                        
00004c79  IntUnregister                     
00005df5  JOYSTICK_GetPress                 
00005e09  JOYSTICK_GetX                     
00005e2b  JOYSTICK_GetXY                    
00005e19  JOYSTICK_GetY                     
00005d65  JOYSTICK_Init                     
00005dd1  JOYSTICK_IntEnable                
00004285  Lose                              
0000653f  MultimodButtons_Get               
00006509  MultimodButtons_Init              
000065dd  PendSV_Handler                    
00004651  Read_Buttons                      
0000688f  ResetISR                          
00005a85  SPI_Init                          
00005b93  SPI_ReadMultiple                  
00005b0b  SPI_ReadSingle                    
00005b33  SPI_WriteMultiple                 
00005aed  SPI_WriteSingle                   
0000527d  SSIAdvDataPutFrameEnd             
000052a3  SSIAdvDataPutFrameEndNonBlocking  
000052e5  SSIAdvFrameHoldDisable            
000052cf  SSIAdvFrameHoldEnable             
0000524b  SSIAdvModeSet                     
00005209  SSIBusy                           
0000523b  SSIClockSourceGet                 
00005227  SSIClockSourceSet                 
00005023  SSIConfigSetExpClk                
000051f1  SSIDMADisable                     
000051d9  SSIDMAEnable                      
0000519b  SSIDataGet                        
000051b7  SSIDataGetNonBlocking             
00005161  SSIDataPut                        
0000517b  SSIDataPutNonBlocking             
000050b3  SSIDisable                        
0000509d  SSIEnable                         
0000514f  SSIIntClear                       
00005119  SSIIntDisable                     
00005101  SSIIntEnable                      
000050c9  SSIIntRegister                    
00005131  SSIIntStatus                      
000050e7  SSIIntUnregister                  
00005311  SSILoopbackDisable                
000052fb  SSILoopbackEnable                 
0000357b  ST7789_Deselect                   
00003765  ST7789_DrawHLine                  
00003b07  ST7789_DrawLine                   
00003a97  ST7789_DrawPixel                  
00003bd3  ST7789_DrawRectangle              
000036cf  ST7789_DrawVLine                  
00003aeb  ST7789_Fill                       
000039b5  ST7789_Init                       
00003819  ST7789_Line                       
000035d1  ST7789_ReadRegister               
0000356d  ST7789_Select                     
00003597  ST7789_SetCommand                 
00003589  ST7789_SetData                    
000035df  ST7789_SetWindow                  
000035a5  ST7789_WriteCommand               
000035bf  ST7789_WriteData                  
00002cc9  SetInitialStack                   
00006859  StartCriticalSection              
000011c9  SysCtlAltClkConfig                
000008f5  SysCtlClockFreqSet                
00000dbd  SysCtlClockGet                    
000011ad  SysCtlClockOutConfig              
00000bed  SysCtlClockSet                    
000007f9  SysCtlDeepSleep                   
00000f7d  SysCtlDeepSleepClockConfigSet     
00000f5f  SysCtlDeepSleepClockSet           
000007d9  SysCtlDeepSleepPowerSet           
0000689b  SysCtlDelay                       
00000363  SysCtlFlashSectorSizeGet          
00000337  SysCtlFlashSizeGet                
00001053  SysCtlGPIOAHBDisable              
00001037  SysCtlGPIOAHBEnable               
0000076d  SysCtlIntClear                    
00000759  SysCtlIntDisable                  
00000741  SysCtlIntEnable                   
0000071d  SysCtlIntRegister                 
0000077d  SysCtlIntStatus                   
00000731  SysCtlIntUnregister               
000007bf  SysCtlLDODeepSleepGet             
000007af  SysCtlLDODeepSleepSet             
000007a9  SysCtlLDOSleepGet                 
00000799  SysCtlLDOSleepSet                 
0000082f  SysCtlMOSCConfigSet               
00001191  SysCtlNMIClear                    
00001179  SysCtlNMIStatus                   
00000845  SysCtlPIOSCCalibrate              
00001021  SysCtlPWMClockGet                 
00001007  SysCtlPWMClockSet                 
000006c5  SysCtlPeripheralClockGating       
0000067d  SysCtlPeripheralDeepSleepDisable  
00000625  SysCtlPeripheralDeepSleepEnable   
00000555  SysCtlPeripheralDisable           
00000515  SysCtlPeripheralEnable            
00000449  SysCtlPeripheralPowerOff          
00000409  SysCtlPeripheralPowerOn           
00000389  SysCtlPeripheralPresent           
000003c9  SysCtlPeripheralReady             
00000489  SysCtlPeripheralReset             
000005e5  SysCtlPeripheralSleepDisable      
0000059d  SysCtlPeripheralSleepEnable       
000007e9  SysCtlReset                       
000008a5  SysCtlResetBehaviorGet            
00000895  SysCtlResetBehaviorSet            
0000081b  SysCtlResetCauseClear             
00000815  SysCtlResetCauseGet               
0000032d  SysCtlSRAMSizeGet                 
000007f1  SysCtlSleep                       
000007c9  SysCtlSleepPowerSet               
0000107b  SysCtlUSBPLLDisable               
0000106f  SysCtlUSBPLLEnable                
000010c1  SysCtlVCOGet                      
000010a9  SysCtlVoltageEventClear           
0000108d  SysCtlVoltageEventConfig          
0000109d  SysCtlVoltageEventStatus          
00006165  SysTickDisable                    
00006159  SysTickEnable                     
000061a9  SysTickIntDisable                 
0000619d  SysTickIntEnable                  
00006171  SysTickIntRegister                
00006189  SysTickIntUnregister              
000061c7  SysTickPeriodGet                  
000061b5  SysTickPeriodSet                  
000061cf  SysTickValueGet                   
00002693  SysTick_Handler                   
2000745c  SystemTime                        
00004225  UART9BitAddrSend                  
000041ff  UART9BitAddrSet                   
000041e9  UART9BitDisable                   
000041d3  UART9BitEnable                    
00004077  UARTBreakCtl                      
000040a1  UARTBusy                          
0000401f  UARTCharGet                       
00004003  UARTCharGetNonBlocking            
00004059  UARTCharPut                       
00004035  UARTCharPutNonBlocking            
00003fc7  UARTCharsAvail                    
000041c3  UARTClockSourceGet                
000041af  UARTClockSourceSet                
00003d97  UARTConfigGetExpClk               
00003d21  UARTConfigSetExpClk               
00004175  UARTDMADisable                    
0000415d  UARTDMAEnable                     
00003e07  UARTDisable                       
00003e8b  UARTDisableSIR                    
00003de3  UARTEnable                        
00003e5d  UARTEnableSIR                     
00003e47  UARTFIFODisable                   
00003e31  UARTFIFOEnable                    
00003cf9  UARTFIFOLevelGet                  
00003ce1  UARTFIFOLevelSet                  
00003f87  UARTFlowControlGet                
00003f6b  UARTFlowControlSet                
0000414b  UARTIntClear                      
00004115  UARTIntDisable                    
000040fd  UARTIntEnable                     
000040bf  UARTIntRegister                   
0000412d  UARTIntStatus                     
000040dd  UARTIntUnregister                 
0000426d  UARTLoopbackEnable                
00003f21  UARTModemControlClear             
00003f45  UARTModemControlGet               
00003ee9  UARTModemControlSet               
00003f57  UARTModemStatusGet                
00003ccf  UARTParityModeGet                 
00003cb3  UARTParityModeSet                 
0000419f  UARTRxErrorClear                  
0000418d  UARTRxErrorGet                    
00003ed3  UARTSmartCardDisable              
00003ea1  UARTSmartCardEnable               
00003fe5  UARTSpaceAvail                    
0000475d  UARTStdioConfig                   
00003fb5  UARTTxIntModeGet                  
00003f99  UARTTxIntModeSet                  
00006561  UART_Init                         
000048ad  UARTgetc                          
000047f3  UARTgets                          
00004bcf  UARTprintf                        
000048d5  UARTvprintf                       
000047a3  UARTwrite                         
200072d4  __CIOBUF_                         
20007678  __STACK_END                       
00000200  __STACK_SIZE                      
20007678  __STACK_TOP                       
00006ff0  __TI_CINIT_Base                   
00007008  __TI_CINIT_Limit                  
00006fd0  __TI_Handler_Table_Base           
00006fdc  __TI_Handler_Table_Limit          
0000664d  __TI_auto_init_nobinit_nopinit    
000063e1  __TI_decompress_lzss              
00006875  __TI_decompress_none              
ffffffff  __TI_pprof_out_hndl               
ffffffff  __TI_prof_data_size               
ffffffff  __TI_prof_data_start              
000067b9  __TI_readmsg                      
00000000  __TI_static_base__                
00006711  __TI_writemsg                     
00006883  __TI_zero_init                    
000061e1  __aeabi_cdcmpeq                   
000061e1  __aeabi_cdcmple                   
00006267  __aeabi_cdrcmple                  
00006449  __aeabi_cfcmpeq                   
00006449  __aeabi_cfcmple                   
000064a9  __aeabi_cfrcmple                  
00006749  __aeabi_f2d                       
00006781  __aeabi_f2iz                      
00005e7d  __aeabi_fadd                      
000060c5  __aeabi_fdiv                      
000062ed  __aeabi_fmul                      
00005e79  __aeabi_fsub                      
00005327  __aeabi_idiv0                     
00005327  __aeabi_ldiv0                     
00006367  __aeabi_memclr                    
00006367  __aeabi_memclr4                   
00006367  __aeabi_memclr8                   
00006029  __aeabi_memcpy                    
00006029  __aeabi_memcpy4                   
00006029  __aeabi_memcpy8                   
00006369  __aeabi_memset                    
00006369  __aeabi_memset4                   
00006369  __aeabi_memset8                   
00006811  __aeabi_ui2f                      
00006691  __aeabi_uidiv                     
00006691  __aeabi_uidivmod                  
ffffffff  __binit__                         
ffffffff  __c_args__                        
UNDEFED   __mpu_init                        
20007478  __stack                           
20000000  __start___llvm_prf_cnts           
20000000  __stop___llvm_prf_cnts            
00006867  __time32                          
000067ed  _c_int00_noargs                   
200076a8  _lock                             
00004283  _nop                              
UNDEFED   _system_post_cinit                
000068a1  _system_pre_init                  
200076ac  _unlock                           
000068a5  abort                             
ffffffff  binit                             
20007684  boost                             
00003999  delay_ms                          
20007692  floor_one_y                       
20007694  floor_three_y                     
20007693  floor_two_y                       
20000000  g_pfnRAMVectors                   
00000000  g_pfnVectors                      
20007685  game_time                         
20007698  globalFlag                        
2000769c  globalID                          
20007696  joystick_y                        
2000767b  jump                              
20007697  kill_cube                         
00005c33  main                              
00006029  memcpy                            
0000636f  memset                            
0000444d  move_Thread                       
20007695  num_cubes                         
2000744c  parmbuf                           
20007680  prev_x_position                   
20007682  prev_y_position                   
20007460  sem_I2CA                          
20007464  sem_Joystick_Debounce             
20007468  sem_PCA9555_Debounce              
2000746c  sem_Render                        
20007470  sem_SPIA                          
20007474  sem_UART                          
00002c7b  sleep                             
2000768e  spaceship_prev_x_position         
20007690  spaceship_prev_y_position         
2000768a  spaceship_x_offset                
20007686  spaceship_x_position              
2000768c  spaceship_y_offset                
20007688  spaceship_y_position              
00006835  srand                             
200076a0  t0count                           
200076a4  t1count                           
00006867  time                              
2000767c  x_position                        
2000767e  y_position                        


GLOBAL SYMBOLS: SORTED BY Symbol Address 

address   name                              
-------   ----                              
00000000  __TI_static_base__                
00000000  g_pfnVectors                      
00000200  __STACK_SIZE                      
0000032d  SysCtlSRAMSizeGet                 
00000337  SysCtlFlashSizeGet                
00000363  SysCtlFlashSectorSizeGet          
00000389  SysCtlPeripheralPresent           
000003c9  SysCtlPeripheralReady             
00000409  SysCtlPeripheralPowerOn           
00000449  SysCtlPeripheralPowerOff          
00000489  SysCtlPeripheralReset             
00000515  SysCtlPeripheralEnable            
00000555  SysCtlPeripheralDisable           
0000059d  SysCtlPeripheralSleepEnable       
000005e5  SysCtlPeripheralSleepDisable      
00000625  SysCtlPeripheralDeepSleepEnable   
0000067d  SysCtlPeripheralDeepSleepDisable  
000006c5  SysCtlPeripheralClockGating       
0000071d  SysCtlIntRegister                 
00000731  SysCtlIntUnregister               
00000741  SysCtlIntEnable                   
00000759  SysCtlIntDisable                  
0000076d  SysCtlIntClear                    
0000077d  SysCtlIntStatus                   
00000799  SysCtlLDOSleepSet                 
000007a9  SysCtlLDOSleepGet                 
000007af  SysCtlLDODeepSleepSet             
000007bf  SysCtlLDODeepSleepGet             
000007c9  SysCtlSleepPowerSet               
000007d9  SysCtlDeepSleepPowerSet           
000007e9  SysCtlReset                       
000007f1  SysCtlSleep                       
000007f9  SysCtlDeepSleep                   
00000815  SysCtlResetCauseGet               
0000081b  SysCtlResetCauseClear             
0000082f  SysCtlMOSCConfigSet               
00000845  SysCtlPIOSCCalibrate              
00000895  SysCtlResetBehaviorSet            
000008a5  SysCtlResetBehaviorGet            
000008f5  SysCtlClockFreqSet                
00000bed  SysCtlClockSet                    
00000dbd  SysCtlClockGet                    
00000f5f  SysCtlDeepSleepClockSet           
00000f7d  SysCtlDeepSleepClockConfigSet     
00001007  SysCtlPWMClockSet                 
00001021  SysCtlPWMClockGet                 
00001037  SysCtlGPIOAHBEnable               
00001053  SysCtlGPIOAHBDisable              
0000106f  SysCtlUSBPLLEnable                
0000107b  SysCtlUSBPLLDisable               
0000108d  SysCtlVoltageEventConfig          
0000109d  SysCtlVoltageEventStatus          
000010a9  SysCtlVoltageEventClear           
000010c1  SysCtlVCOGet                      
00001179  SysCtlNMIStatus                   
00001191  SysCtlNMIClear                    
000011ad  SysCtlClockOutConfig              
000011c9  SysCtlAltClkConfig                
0000126b  GPIODirModeSet                    
000012c7  GPIODirModeGet                    
00001313  GPIOIntTypeSet                    
000013b7  GPIOIntTypeGet                    
00001441  GPIOPadConfigSet                  
000016af  GPIOPadConfigGet                  
00001821  GPIOIntEnable                     
00001845  GPIOIntDisable                    
0000185f  GPIOIntStatus                     
00001881  GPIOIntClear                      
00001895  GPIOIntRegister                   
000018b3  GPIOIntUnregister                 
000018cd  GPIOIntRegisterPin                
000018fb  GPIOIntUnregisterPin              
0000191f  GPIOPinRead                       
00001937  GPIOPinWrite                      
00001957  GPIOPinTypeADC                    
0000197b  GPIOPinTypeCAN                    
0000199f  GPIOPinTypeComparator             
000019c3  GPIOPinTypeComparatorOutput       
000019e7  GPIOPinTypeDIVSCLK                
00001a0b  GPIOPinTypeEPI                    
00001a2f  GPIOPinTypeEthernetLED            
00001a53  GPIOPinTypeEthernetMII            
00001a77  GPIOPinTypeGPIOInput              
00001a9b  GPIOPinTypeGPIOOutput             
00001ac5  GPIOPinTypeGPIOOutputOD           
00001ae9  GPIOPinTypeHibernateRTCCLK        
00001b0d  GPIOPinTypeI2C                    
00001b31  GPIOPinTypeI2CSCL                 
00001b55  GPIOPinTypeLCD                    
00001b79  GPIOPinTypeOneWire                
00001b9d  GPIOPinTypePWM                    
00001bc1  GPIOPinTypeQEI                    
00001be5  GPIOPinTypeSSI                    
00001c09  GPIOPinTypeTimer                  
00001c2d  GPIOPinTypeTrace                  
00001c51  GPIOPinTypeUART                   
00001c75  GPIOPinTypeUSBAnalog              
00001c99  GPIOPinTypeUSBDigital             
00001cbd  GPIOPinTypeWakeHigh               
00001ce3  GPIOPinTypeWakeLow                
00001d09  GPIOPinWakeStatus                 
00001d19  GPIOPinConfigure                  
00001d7b  GPIODMATriggerEnable              
00001d99  GPIODMATriggerDisable             
00001db7  GPIOADCTriggerEnable              
00001dd5  GPIOADCTriggerDisable             
00001df3  GPIOUnlockPin                     
00001e7f  ADCIntRegister                    
00001ea7  ADCIntUnregister                  
00001ec5  ADCIntDisable                     
00001ee1  ADCIntEnable                      
00001f07  ADCIntStatus                      
00001f5f  ADCIntClear                       
00001f75  ADCSequenceEnable                 
00001f8f  ADCSequenceDisable                
00001fa9  ADCSequenceConfigure              
00002045  ADCSequenceStepConfigure          
00002131  ADCSequenceOverflow               
00002149  ADCSequenceOverflowClear          
0000215f  ADCSequenceUnderflow              
00002177  ADCSequenceUnderflowClear         
0000218d  ADCSequenceDataGet                
000021cf  ADCProcessorTrigger               
000021f7  ADCSoftwareOversampleConfigure    
00002249  ADCSoftwareOversampleStepConfigure
00002329  ADCSoftwareOversampleDataGet      
000023bb  ADCHardwareOversampleConfigure    
000023ed  ADCComparatorConfigure            
00002409  ADCComparatorRegionSet            
00002431  ADCComparatorReset                
00002477  ADCComparatorIntDisable           
00002495  ADCComparatorIntEnable            
000024b3  ADCComparatorIntStatus            
000024c5  ADCComparatorIntClear             
000024dd  ADCIntDisableEx                   
000024f5  ADCIntEnableEx                    
0000250d  ADCIntStatusEx                    
0000253f  ADCIntClearEx                     
00002551  ADCReferenceSet                   
0000256d  ADCReferenceGet                   
0000257f  ADCPhaseDelaySet                  
00002591  ADCPhaseDelayGet                  
0000259f  ADCSequenceDMAEnable              
000025bb  ADCSequenceDMADisable             
000025d7  ADCBusy                           
000025f5  ADCClockConfigSet                 
0000261f  ADCClockConfigGet                 
00002693  SysTick_Handler                   
0000276d  G8RTOS_Init                       
000027c1  G8RTOS_Launch                     
000027e9  G8RTOS_Scheduler                  
0000285d  G8RTOS_AddThread                  
000029cd  G8RTOS_Add_APeriodicEvent         
00002a55  G8RTOS_Add_PeriodicEvent          
00002b71  G8RTOS_KillThread                 
00002c15  G8RTOS_KillSelf                   
00002c7b  sleep                             
00002c9f  G8RTOS_GetThreadID                
00002ca7  G8RTOS_GetNumberOfThreads         
00002cc9  SetInitialStack                   
00002ecb  I2CMasterInitExpClk               
00002f3d  I2CSlaveInit                      
00002f57  I2CSlaveAddressSet                
00002f95  I2CMasterEnable                   
00002fab  I2CSlaveEnable                    
00002fc9  I2CMasterDisable                  
00002fdf  I2CSlaveDisable                   
00002ffd  I2CIntRegister                    
0000301b  I2CIntUnregister                  
00003035  I2CMasterIntEnable                
00003045  I2CMasterIntEnableEx              
0000305d  I2CSlaveIntEnable                 
00003075  I2CSlaveIntEnableEx               
0000308f  I2CMasterIntDisable               
0000309f  I2CMasterIntDisableEx             
000030b7  I2CSlaveIntDisable                
000030cf  I2CSlaveIntDisableEx              
000030e9  I2CMasterIntStatus                
00003129  I2CMasterIntStatusEx              
00003159  I2CSlaveIntStatus                 
000031a1  I2CSlaveIntStatusEx               
000031c3  I2CMasterIntClear                 
000031d9  I2CMasterIntClearEx               
000031f5  I2CSlaveIntClear                  
00003207  I2CSlaveIntClearEx                
0000321b  I2CMasterSlaveAddrSet             
0000323d  I2CMasterLineStateGet             
0000324b  I2CMasterBusy                     
00003263  I2CMasterBusBusy                  
0000327b  I2CMasterControl                  
0000328d  I2CMasterErr                      
000032b9  I2CMasterDataPut                  
000032cf  I2CMasterDataGet                  
000032dd  I2CMasterTimeoutSet               
000032ef  I2CSlaveACKOverride               
00003321  I2CSlaveACKValueSet               
00003353  I2CSlaveStatus                    
00003363  I2CSlaveDataPut                   
0000337b  I2CSlaveDataGet                   
0000338b  I2CTxFIFOConfigSet                
000033b3  I2CTxFIFOFlush                    
000033cb  I2CRxFIFOConfigSet                
000033f3  I2CRxFIFOFlush                    
0000340b  I2CFIFOStatus                     
0000341b  I2CFIFODataPut                    
0000343d  I2CFIFODataPutNonBlocking         
00003465  I2CFIFODataGet                    
0000347f  I2CFIFODataGetNonBlocking         
000034a5  I2CMasterBurstLengthSet           
000034bb  I2CMasterBurstCountGet            
000034c9  I2CMasterGlitchFilterConfigSet    
00003517  I2CSlaveFIFOEnable                
0000352f  I2CSlaveFIFODisable               
00003541  I2CLoopbackEnable                 
0000356d  ST7789_Select                     
0000357b  ST7789_Deselect                   
00003589  ST7789_SetData                    
00003597  ST7789_SetCommand                 
000035a5  ST7789_WriteCommand               
000035bf  ST7789_WriteData                  
000035d1  ST7789_ReadRegister               
000035df  ST7789_SetWindow                  
000036cf  ST7789_DrawVLine                  
00003765  ST7789_DrawHLine                  
00003819  ST7789_Line                       
00003999  delay_ms                          
000039b5  ST7789_Init                       
00003a97  ST7789_DrawPixel                  
00003aeb  ST7789_Fill                       
00003b07  ST7789_DrawLine                   
00003bd3  ST7789_DrawRectangle              
00003cb3  UARTParityModeSet                 
00003ccf  UARTParityModeGet                 
00003ce1  UARTFIFOLevelSet                  
00003cf9  UARTFIFOLevelGet                  
00003d21  UARTConfigSetExpClk               
00003d97  UARTConfigGetExpClk               
00003de3  UARTEnable                        
00003e07  UARTDisable                       
00003e31  UARTFIFOEnable                    
00003e47  UARTFIFODisable                   
00003e5d  UARTEnableSIR                     
00003e8b  UARTDisableSIR                    
00003ea1  UARTSmartCardEnable               
00003ed3  UARTSmartCardDisable              
00003ee9  UARTModemControlSet               
00003f21  UARTModemControlClear             
00003f45  UARTModemControlGet               
00003f57  UARTModemStatusGet                
00003f6b  UARTFlowControlSet                
00003f87  UARTFlowControlGet                
00003f99  UARTTxIntModeSet                  
00003fb5  UARTTxIntModeGet                  
00003fc7  UARTCharsAvail                    
00003fe5  UARTSpaceAvail                    
00004003  UARTCharGetNonBlocking            
0000401f  UARTCharGet                       
00004035  UARTCharPutNonBlocking            
00004059  UARTCharPut                       
00004077  UARTBreakCtl                      
000040a1  UARTBusy                          
000040bf  UARTIntRegister                   
000040dd  UARTIntUnregister                 
000040fd  UARTIntEnable                     
00004115  UARTIntDisable                    
0000412d  UARTIntStatus                     
0000414b  UARTIntClear                      
0000415d  UARTDMAEnable                     
00004175  UARTDMADisable                    
0000418d  UARTRxErrorGet                    
0000419f  UARTRxErrorClear                  
000041af  UARTClockSourceSet                
000041c3  UARTClockSourceGet                
000041d3  UART9BitEnable                    
000041e9  UART9BitDisable                   
000041ff  UART9BitAddrSet                   
00004225  UART9BitAddrSend                  
0000426d  UARTLoopbackEnable                
00004283  _nop                              
00004285  Lose                              
00004297  Floor_Thread                      
0000442f  Increment_Thread                  
0000444d  move_Thread                       
00004635  Idle_Thread                       
00004651  Read_Buttons                      
000046d5  Get_Joystick                      
000046e7  GPIOE_Handler                     
000046f9  GPIOD_Handler                     
0000475d  UARTStdioConfig                   
000047a3  UARTwrite                         
000047f3  UARTgets                          
000048ad  UARTgetc                          
000048d5  UARTvprintf                       
00004bcf  UARTprintf                        
00004c07  IntMasterEnable                   
00004c17  IntMasterDisable                  
00004c27  IntRegister                       
00004c79  IntUnregister                     
00004c8d  IntPriorityGroupingSet            
00004ca7  IntPriorityGroupingGet            
00004cdf  IntPrioritySet                    
00004d2f  IntPriorityGet                    
00004d53  IntEnable                         
00004dc5  IntDisable                        
00004e37  IntIsEnabled                      
00004ebd  IntPendSet                        
00004f2d  IntPendClear                      
00004f7b  IntPriorityMaskSet                
00004f87  IntPriorityMaskGet                
00004f8f  IntTrigger                        
00005023  SSIConfigSetExpClk                
0000509d  SSIEnable                         
000050b3  SSIDisable                        
000050c9  SSIIntRegister                    
000050e7  SSIIntUnregister                  
00005101  SSIIntEnable                      
00005119  SSIIntDisable                     
00005131  SSIIntStatus                      
0000514f  SSIIntClear                       
00005161  SSIDataPut                        
0000517b  SSIDataPutNonBlocking             
0000519b  SSIDataGet                        
000051b7  SSIDataGetNonBlocking             
000051d9  SSIDMAEnable                      
000051f1  SSIDMADisable                     
00005209  SSIBusy                           
00005227  SSIClockSourceSet                 
0000523b  SSIClockSourceGet                 
0000524b  SSIAdvModeSet                     
0000527d  SSIAdvDataPutFrameEnd             
000052a3  SSIAdvDataPutFrameEndNonBlocking  
000052cf  SSIAdvFrameHoldEnable             
000052e5  SSIAdvFrameHoldDisable            
000052fb  SSILoopbackEnable                 
00005311  SSILoopbackDisable                
00005327  __aeabi_idiv0                     
00005327  __aeabi_ldiv0                     
00005329  BMI160_Init                       
0000535d  BMI160_WriteRegister              
0000539f  BMI160_ReadRegister               
000053bb  BMI160_MultiReadRegister          
000053e1  BMI160_AccelXGetResult            
00005405  BMI160_AccelYGetResult            
00005429  BMI160_AccelZGetResult            
0000544d  BMI160_GyroXGetResult             
00005471  BMI160_GyroYGetResult             
00005495  BMI160_GyroZGetResult             
000054b9  BMI160_MagXGetResult              
000054dd  BMI160_MagYGetResult              
00005501  BMI160_MagZGetResult              
00005525  BMI160_AccelXYZGetResult          
00005579  BMI160_GyroXYZGetResult           
000055cd  BMI160_MagXYZGetResult            
00005621  BMI160_GetDataStatus              
00005635  I2C_Init                          
000056c9  I2C_WriteSingle                   
000056ff  I2C_WriteSingleCont               
00005735  I2C_ReadSingle                    
00005765  I2C_WriteMultiple                 
0000580b  I2C_ReadMultiple                  
000058e5  G8RTOS_InitFIFO                   
0000594d  G8RTOS_ReadFIFO                   
000059d5  G8RTOS_WriteFIFO                  
00005a85  SPI_Init                          
00005aed  SPI_WriteSingle                   
00005b0b  SPI_ReadSingle                    
00005b33  SPI_WriteMultiple                 
00005b93  SPI_ReadMultiple                  
00005c33  main                              
00005d65  JOYSTICK_Init                     
00005dd1  JOYSTICK_IntEnable                
00005df5  JOYSTICK_GetPress                 
00005e09  JOYSTICK_GetX                     
00005e19  JOYSTICK_GetY                     
00005e2b  JOYSTICK_GetXY                    
00005e79  __aeabi_fsub                      
00005e7d  __aeabi_fadd                      
00005f75  G8RTOS_InitSemaphore              
00005f93  G8RTOS_WaitSemaphore              
00005fd5  G8RTOS_SignalSemaphore            
00006029  __aeabi_memcpy                    
00006029  __aeabi_memcpy4                   
00006029  __aeabi_memcpy8                   
00006029  memcpy                            
000060c5  __aeabi_fdiv                      
00006159  SysTickEnable                     
00006165  SysTickDisable                    
00006171  SysTickIntRegister                
00006189  SysTickIntUnregister              
0000619d  SysTickIntEnable                  
000061a9  SysTickIntDisable                 
000061b5  SysTickPeriodSet                  
000061c7  SysTickPeriodGet                  
000061cf  SysTickValueGet                   
000061e1  __aeabi_cdcmpeq                   
000061e1  __aeabi_cdcmple                   
00006267  __aeabi_cdrcmple                  
000062ed  __aeabi_fmul                      
00006367  __aeabi_memclr                    
00006367  __aeabi_memclr4                   
00006367  __aeabi_memclr8                   
00006369  __aeabi_memset                    
00006369  __aeabi_memset4                   
00006369  __aeabi_memset8                   
0000636f  memset                            
000063e1  __TI_decompress_lzss              
00006449  __aeabi_cfcmpeq                   
00006449  __aeabi_cfcmple                   
000064a9  __aeabi_cfrcmple                  
00006509  MultimodButtons_Init              
0000653f  MultimodButtons_Get               
00006561  UART_Init                         
000065bd  G8RTOS_Start                      
000065dd  PendSV_Handler                    
00006605  HOSTtime                          
0000664d  __TI_auto_init_nobinit_nopinit    
00006691  __aeabi_uidiv                     
00006691  __aeabi_uidivmod                  
000066d1  CPUcpsid                          
000066dd  CPUprimask                        
000066e7  CPUcpsie                          
000066f3  CPUwfi                            
000066f7  CPUbasepriSet                     
00006705  CPUbasepriGet                     
00006711  __TI_writemsg                     
0000673f  C$$IO$$                           
00006749  __aeabi_f2d                       
00006781  __aeabi_f2iz                      
000067b9  __TI_readmsg                      
000067ed  _c_int00_noargs                   
00006811  __aeabi_ui2f                      
00006835  srand                             
00006859  StartCriticalSection              
00006861  EndCriticalSection                
00006867  __time32                          
00006867  time                              
00006875  __TI_decompress_none              
00006883  __TI_zero_init                    
0000688f  ResetISR                          
0000689b  SysCtlDelay                       
000068a1  _system_pre_init                  
000068a5  C$$EXIT                           
000068a5  abort                             
00006fd0  __TI_Handler_Table_Base           
00006fdc  __TI_Handler_Table_Limit          
00006ff0  __TI_CINIT_Base                   
00007008  __TI_CINIT_Limit                  
20000000  __start___llvm_prf_cnts           
20000000  __stop___llvm_prf_cnts            
20000000  g_pfnRAMVectors                   
200072d4  __CIOBUF_                         
2000744c  parmbuf                           
20007454  CurrentlyRunningThread            
20007458  IBit_State                        
2000745c  SystemTime                        
20007460  sem_I2CA                          
20007464  sem_Joystick_Debounce             
20007468  sem_PCA9555_Debounce              
2000746c  sem_Render                        
20007470  sem_SPIA                          
20007474  sem_UART                          
20007478  __stack                           
20007678  FloorOne                          
20007678  __STACK_END                       
20007678  __STACK_TOP                       
20007679  FloorTwo                          
2000767a  FloorThree                        
2000767b  jump                              
2000767c  x_position                        
2000767e  y_position                        
20007680  prev_x_position                   
20007682  prev_y_position                   
20007684  boost                             
20007685  game_time                         
20007686  spaceship_x_position              
20007688  spaceship_y_position              
2000768a  spaceship_x_offset                
2000768c  spaceship_y_offset                
2000768e  spaceship_prev_x_position         
20007690  spaceship_prev_y_position         
20007692  floor_one_y                       
20007693  floor_two_y                       
20007694  floor_three_y                     
20007695  num_cubes                         
20007696  joystick_y                        
20007697  kill_cube                         
20007698  globalFlag                        
2000769c  globalID                          
200076a0  t0count                           
200076a4  t1count                           
200076a8  _lock                             
200076ac  _unlock                           
ffffffff  __TI_pprof_out_hndl               
ffffffff  __TI_prof_data_size               
ffffffff  __TI_prof_data_start              
ffffffff  __binit__                         
ffffffff  __c_args__                        
ffffffff  binit                             
UNDEFED   __mpu_init                        
UNDEFED   _system_post_cinit                

[500 symbols]
