******************************************************************************
                  TI ARM Linker Unix v20.2.7                   
******************************************************************************
>> Linked Fri Dec  8 03:45:05 2023

OUTPUT FILE NAME:   <RTOS.out>
ENTRY POINT SYMBOL: "_c_int00_noargs"  address: 0000697d


MEMORY CONFIGURATION

         name            origin    length      used     unused   attr    fill
----------------------  --------  ---------  --------  --------  ----  --------
  FLASH                 00000000   00040000  00007188  00038e78  R  X
  SRAM                  20000000   00008000  000076fc  00000904  RW X


SEGMENT ALLOCATION MAP

run origin  load origin   length   init length attrs members
----------  ----------- ---------- ----------- ----- -------
00000000    00000000    00007188   00007188    r-x
  00000000    00000000    0000026c   0000026c    r-- .intvecs
  0000026c    0000026c    000067cc   000067cc    r-x .text
  00006a38    00006a38    000006f8   000006f8    r-- .const
  00007130    00007130    00000058   00000058    r-- .cinit
20000000    20000000    00007700   00000000    rw-
  20000000    20000000    0000026c   00000000    rw- .vtable
  2000026c    2000026c    00007258   00000000    rw- .bss
  200074c8    200074c8    00000200   00000000    rw- .stack
  200076c8    200076c8    00000038   00000000    rw- .data


SECTION ALLOCATION MAP

 output                                  attributes/
section   page    origin      length       input sections
--------  ----  ----------  ----------   ----------------
.intvecs   0    00000000    0000026c     
                  00000000    0000026c     tm4c123gh6pm_startup_ccs.obj (.intvecs)

.text      0    0000026c    000067cc     
                  0000026c    00000fa0     sysctl.obj (.text)
                  0000120c    00000c18     gpio.obj (.text)
                  00001e24    0000091c     multimod_ST7789.obj (.text)
                  00002740    00000840     adc.obj (.text)
                  00002f80    00000808     G8RTOS_Scheduler.obj (.text)
                  00003788    00000700     i2c.obj (.text)
                  00003e88    0000062e     uart.obj (.text)
                  000044b6    00000002     rtsv7M4_T_le_eabi.lib : _lock.c.obj (.text:_nop)
                  000044b8    000004a8     uartstdio.obj (.text)
                  00004960    00000480     threads.obj (.text)
                  00004de0    000003c0     interrupt.obj (.text)
                  000051a0    00000362     ssi.obj (.text)
                  00005502    00000002     rtsv7M4_T_le_eabi.lib : div0.asm.obj (.text)
                  00005504    0000030c     multimod_BMI160.obj (.text)
                  00005810    000002b0     multimod_i2c.obj (.text)
                  00005ac0    000001a0     G8RTOS_IPC.obj (.text)
                  00005c60    0000018c     multimod_spi.obj (.text)
                  00005dec    00000114     multimod_joystick.obj (.text)
                  00005f00    00000108     main.obj (.text)
                  00006008    000000fa     rtsv7M4_T_le_eabi.lib : fs_add_t2.asm.obj (.text)
                  00006102    00000002     --HOLE-- [fill = 0]
                  00006104    000000b4     G8RTOS_Semaphores.obj (.text)
                  000061b8    0000009c     rtsv7M4_T_le_eabi.lib : memcpy_t2.asm.obj (.text)
                  00006254    00000092                           : fs_div_t2.asm.obj (.text)
                  000062e6    00000002     --HOLE-- [fill = 0]
                  000062e8    00000088     systick.obj (.text)
                  00006370    00000086     rtsv7M4_T_le_eabi.lib : fd_cmp_t2.asm.obj (.text:__aeabi_cdcmple)
                  000063f6    00000086                           : fd_cmp_t2.asm.obj (.text:__aeabi_cdrcmple)
                  0000647c    0000007a                           : fs_mul_t2.asm.obj (.text)
                  000064f6    0000007a                           : memset_t2.asm.obj (.text)
                  00006570    00000068                           : copy_decompress_lzss.c.obj (.text:decompress:lzss:__TI_decompress_lzss)
                  000065d8    00000060                           : fs_cmp_t2.asm.obj (.text:__aeabi_cfcmple)
                  00006638    00000060                           : fs_cmp_t2.asm.obj (.text:__aeabi_cfrcmple)
                  00006698    00000058     multimod_buttons.obj (.text)
                  000066f0    00000058     multimod_uart.obj (.text)
                  00006748    0000004c     G8RTOS_SchedulerASM.obj (.text)
                  00006794    00000048     rtsv7M4_T_le_eabi.lib : hosttime.c.obj (.text:HOSTtime)
                  000067dc    00000044                           : autoinit.c.obj (.text:__TI_auto_init_nobinit_nopinit:__TI_auto_init_nobinit_nopinit)
                  00006820    00000040                           : u_divt2.asm.obj (.text)
                  00006860    0000003e     cpu.obj (.text)
                  0000689e    00000002     --HOLE-- [fill = 0]
                  000068a0    00000038     rtsv7M4_T_le_eabi.lib : trgmsg.c.obj (.text:__TI_writemsg)
                  000068d8    00000038                           : fs_tod_t2.asm.obj (.text)
                  00006910    00000038                           : fs_toi_t2.asm.obj (.text)
                  00006948    00000034                           : trgmsg.c.obj (.text:__TI_readmsg)
                  0000697c    00000024                           : boot_cortex_m.c.obj (.text:_c_int00_noargs:_c_int00_noargs)
                  000069a0    00000024                           : u_tofs_t2.asm.obj (.text)
                  000069c4    00000024                           : rand.c.obj (.text:srand)
                  000069e8    0000000e     G8RTOS_CriticalSection.obj (.text)
                  000069f6    0000000e     rtsv7M4_T_le_eabi.lib : time.c.obj (.text:__time32)
                  00006a04    0000000e                           : copy_decompress_none.c.obj (.text:decompress:none:__TI_decompress_none)
                  00006a12    0000000c                           : copy_zero_init.c.obj (.text:decompress:ZI:__TI_zero_init)
                  00006a1e    0000000c     tm4c123gh6pm_startup_ccs.obj (.text)
                  00006a2a    00000006     sysctl.obj (.text:SysCtlDelay)
                  00006a30    00000004     rtsv7M4_T_le_eabi.lib : pre_init.c.obj (.text:_system_pre_init)
                  00006a34    00000004                           : exit.c.obj (.text:abort:abort)

.const     0    00006a38    000006f8     
                  00006a38    000001b0     sysctl.obj (.const:g_pppui32XTALtoVCO)
                  00006be8    000000d8     gpio.obj (.const:g_ppui32GPIOIntMapSnowflake)
                  00006cc0    000000c0     gpio.obj (.const:g_ppui32GPIOIntMapBlizzard)
                  00006d80    0000009c     interrupt.obj (.const:g_pui32Regs)
                  00006e1c    00000090     gpio.obj (.const:g_pui32GPIOBaseAddrs)
                  00006eac    0000006c     sysctl.obj (.const:g_pui32Xtals)
                  00006f18    00000050     i2c.obj (.const:g_ppui32I2CIntMapSnowflake)
                  00006f68    00000040     uart.obj (.const:g_ppui32UARTIntMap)
                  00006fa8    00000040     uart.obj (.const:g_ppui32UARTIntMapSnowflake)
                  00006fe8    00000030     i2c.obj (.const:g_ppui32I2CIntMap)
                  00007018    00000030     sysctl.obj (.const:g_sXTALtoMEMTIM)
                  00007048    00000020     ssi.obj (.const:g_ppui32SSIIntMap)
                  00007068    00000020     ssi.obj (.const:g_ppui32SSIIntMapSnowflake)
                  00007088    00000020     interrupt.obj (.const:g_pui32Priority)
                  000070a8    00000014     interrupt.obj (.const:g_pui32Dii16Regs)
                  000070bc    00000014     interrupt.obj (.const:g_pui32EnRegs)
                  000070d0    00000014     interrupt.obj (.const:g_pui32PendRegs)
                  000070e4    00000014     interrupt.obj (.const:g_pui32UnpendRegs)
                  000070f8    00000012     uartstdio.obj (.const:.string)
                  0000710a    00000002     --HOLE-- [fill = 0]
                  0000710c    0000000c     uartstdio.obj (.const:g_ui32UARTBase)
                  00007118    0000000c     uartstdio.obj (.const:g_ui32UARTPeriph)
                  00007124    00000008     sysctl.obj (.const:g_pui32VCOFrequencies)
                  0000712c    00000004     uartstdio.obj (.const)

.cinit     0    00007130    00000058     
                  00007130    00000024     (.cinit..data.load) [load image, compression = lzss]
                  00007154    0000000c     (__TI_handler_table)
                  00007160    00000008     (.cinit..bss.load) [load image, compression = zero_init]
                  00007168    00000008     (.cinit..vtable.load) [load image, compression = zero_init]
                  00007170    00000018     (__TI_cinit_table)

.init_array 
*          0    00000000    00000000     UNINITIALIZED

.vtable    0    20000000    0000026c     UNINITIALIZED
                  20000000    0000026c     interrupt.obj (.vtable)

.bss       0    2000026c    00007258     UNINITIALIZED
                  2000026c    00006d60     G8RTOS_Scheduler.obj (.bss:threadStacks)
                  20006fcc    000001b8     G8RTOS_Scheduler.obj (.bss:threadControlBlocks)
                  20007184    00000150     G8RTOS_IPC.obj (.bss:FIFOs)
                  200072d4    00000120     rtsv7M4_T_le_eabi.lib : trgmsg.c.obj (.bss:_CIOBUF_)
                  200073f4    00000048     G8RTOS_Scheduler.obj (.bss:pthreadControlBlocks)
                  2000743c    00000024     (.common:gameNew)
                  20007460    00000024     (.common:gamePrev)
                  20007484    00000008     G8RTOS_Scheduler.obj (.bss)
                  2000748c    00000008     adc.obj (.bss:g_pui8OversampleFactor)
                  20007494    00000008     (.common:parmbuf)
                  2000749c    00000004     (.common:CurrentlyRunningThread)
                  200074a0    00000004     (.common:IBit_State)
                  200074a4    00000004     (.common:SystemTime)
                  200074a8    00000004     (.common:sem_I2CA)
                  200074ac    00000004     (.common:sem_Joystick)
                  200074b0    00000004     (.common:sem_Joystick_Debounce)
                  200074b4    00000004     (.common:sem_PCA9555_Debounce)
                  200074b8    00000004     (.common:sem_Render)
                  200074bc    00000004     (.common:sem_SPIA)
                  200074c0    00000004     (.common:sem_UART)

.data      0    200076c8    00000038     UNINITIALIZED
                  200076c8    00000017     threads.obj (.data)
                  200076df    00000001     --HOLE--
                  200076e0    0000000c     main.obj (.data)
                  200076ec    00000008     rtsv7M4_T_le_eabi.lib : _lock.c.obj (.data:$O1$$)
                  200076f4    00000005     uartstdio.obj (.data)
                  200076f9    00000003     --HOLE--
                  200076fc    00000004     rtsv7M4_T_le_eabi.lib : rand.c.obj (.data)

.stack     0    200074c8    00000200     UNINITIALIZED
                  200074c8    00000004     rtsv7M4_T_le_eabi.lib : boot_cortex_m.c.obj (.stack)
                  200074cc    000001fc     --HOLE--

__llvm_prf_cnts 
*          0    20000000    00000000     UNINITIALIZED

MODULE SUMMARY

       Module                         code    ro data   rw data
       ------                         ----    -------   -------
    ./
       threads.obj                    1152    0         95     
       tm4c123gh6pm_startup_ccs.obj   12      620       0      
       main.obj                       264     0         44     
    +--+------------------------------+-------+---------+---------+
       Total:                         1428    620       139    
                                                               
    ./G8RTOS/src/
       G8RTOS_Scheduler.obj           2056    0         28528  
       G8RTOS_IPC.obj                 416     0         336    
       G8RTOS_Semaphores.obj          180     0         0      
       G8RTOS_SchedulerASM.obj        76      0         0      
       G8RTOS_CriticalSection.obj     14      0         0      
    +--+------------------------------+-------+---------+---------+
       Total:                         2742    0         28864  
                                                               
    ./MultimodDrivers/src/
       multimod_ST7789.obj            2332    0         0      
       multimod_BMI160.obj            780     0         0      
       multimod_i2c.obj               688     0         0      
       multimod_spi.obj               396     0         0      
       multimod_joystick.obj          276     0         0      
       multimod_buttons.obj           88      0         0      
       multimod_uart.obj              88      0         0      
    +--+------------------------------+-------+---------+---------+
       Total:                         4648    0         0      
                                                               
    ./driverlib/
       sysctl.obj                     4006    596       0      
       gpio.obj                       3096    552       0      
       adc.obj                        2112    0         8      
       i2c.obj                        1792    128       0      
       interrupt.obj                  960     268       620    
       uart.obj                       1582    128       0      
       uartstdio.obj                  1192    46        5      
       ssi.obj                        866     64        0      
       systick.obj                    136     0         0      
       cpu.obj                        62      0         0      
    +--+------------------------------+-------+---------+---------+
       Total:                         15804   1782      633    
                                                               
    /home/diamond/ti/ccs1240/ccs/tools/compiler/ti-cgt-arm_20.2.7.LTS/lib/rtsv7M4_T_le_eabi.lib
       trgmsg.c.obj                   108     0         288    
       fd_cmp_t2.asm.obj              268     0         0      
       fs_add_t2.asm.obj              250     0         0      
       fs_cmp_t2.asm.obj              192     0         0      
       memcpy_t2.asm.obj              156     0         0      
       fs_div_t2.asm.obj              146     0         0      
       fs_mul_t2.asm.obj              122     0         0      
       memset_t2.asm.obj              122     0         0      
       copy_decompress_lzss.c.obj     104     0         0      
       hosttime.c.obj                 72      0         0      
       autoinit.c.obj                 68      0         0      
       u_divt2.asm.obj                64      0         0      
       fs_tod_t2.asm.obj              56      0         0      
       fs_toi_t2.asm.obj              56      0         0      
       rand.c.obj                     36      0         4      
       boot_cortex_m.c.obj            36      0         0      
       u_tofs_t2.asm.obj              36      0         0      
       copy_decompress_none.c.obj     14      0         0      
       time.c.obj                     14      0         0      
       copy_zero_init.c.obj           12      0         0      
       _lock.c.obj                    2       0         8      
       hostopen.c.obj                 0       0         8      
       exit.c.obj                     4       0         0      
       pre_init.c.obj                 4       0         0      
       div0.asm.obj                   2       0         0      
    +--+------------------------------+-------+---------+---------+
       Total:                         1944    0         308    
                                                               
       Stack:                         0       0         512    
       Linker Generated:              0       88        0      
    +--+------------------------------+-------+---------+---------+
       Grand Total:                   26566   2490      30456  


LINKER GENERATED COPY TABLES

__TI_cinit_table @ 00007170 records: 3, size/record: 8, table size: 24
	.data: load addr=00007130, load size=00000024 bytes, run addr=200076c8, run size=00000038 bytes, compression=lzss
	.bss: load addr=00007160, load size=00000008 bytes, run addr=2000026c, run size=00007258 bytes, compression=zero_init
	.vtable: load addr=00007168, load size=00000008 bytes, run addr=20000000, run size=0000026c bytes, compression=zero_init


LINKER GENERATED HANDLER TABLE

__TI_handler_table @ 00007154 records: 3, size/record: 4, table size: 12
	index: 0, handler: __TI_zero_init
	index: 1, handler: __TI_decompress_lzss
	index: 2, handler: __TI_decompress_none


GLOBAL SYMBOLS: SORTED ALPHABETICALLY BY Name 

address   name                              
-------   ----                              
00002ef3  ADCBusy                           
00002f3b  ADCClockConfigGet                 
00002f11  ADCClockConfigSet                 
00002d09  ADCComparatorConfigure            
00002de1  ADCComparatorIntClear             
00002d93  ADCComparatorIntDisable           
00002db1  ADCComparatorIntEnable            
00002dcf  ADCComparatorIntStatus            
00002d25  ADCComparatorRegionSet            
00002d4d  ADCComparatorReset                
00002cd7  ADCHardwareOversampleConfigure    
0000287b  ADCIntClear                       
00002e5b  ADCIntClearEx                     
000027e1  ADCIntDisable                     
00002df9  ADCIntDisableEx                   
000027fd  ADCIntEnable                      
00002e11  ADCIntEnableEx                    
0000279b  ADCIntRegister                    
00002823  ADCIntStatus                      
00002e29  ADCIntStatusEx                    
000027c3  ADCIntUnregister                  
00002ead  ADCPhaseDelayGet                  
00002e9b  ADCPhaseDelaySet                  
00002aeb  ADCProcessorTrigger               
00002e89  ADCReferenceGet                   
00002e6d  ADCReferenceSet                   
000028c5  ADCSequenceConfigure              
00002ed7  ADCSequenceDMADisable             
00002ebb  ADCSequenceDMAEnable              
00002aa9  ADCSequenceDataGet                
000028ab  ADCSequenceDisable                
00002891  ADCSequenceEnable                 
00002a4d  ADCSequenceOverflow               
00002a65  ADCSequenceOverflowClear          
00002961  ADCSequenceStepConfigure          
00002a7b  ADCSequenceUnderflow              
00002a93  ADCSequenceUnderflowClear         
00002b13  ADCSoftwareOversampleConfigure    
00002c45  ADCSoftwareOversampleDataGet      
00002b65  ADCSoftwareOversampleStepConfigure
000055bd  BMI160_AccelXGetResult            
00005701  BMI160_AccelXYZGetResult          
000055e1  BMI160_AccelYGetResult            
00005605  BMI160_AccelZGetResult            
000057fd  BMI160_GetDataStatus              
00005629  BMI160_GyroXGetResult             
00005755  BMI160_GyroXYZGetResult           
0000564d  BMI160_GyroYGetResult             
00005671  BMI160_GyroZGetResult             
00005505  BMI160_Init                       
00005695  BMI160_MagXGetResult              
000057a9  BMI160_MagXYZGetResult            
000056b9  BMI160_MagYGetResult              
000056dd  BMI160_MagZGetResult              
00005597  BMI160_MultiReadRegister          
0000557b  BMI160_ReadRegister               
00005539  BMI160_WriteRegister              
00006a35  C$$EXIT                           
000068cf  C$$IO$$                           
00006895  CPUbasepriGet                     
00006887  CPUbasepriSet                     
00006861  CPUcpsid                          
00006877  CPUcpsie                          
0000686d  CPUprimask                        
00006883  CPUwfi                            
2000749c  CurrentlyRunningThread            
00004a85  Draw_Thread                       
000069f1  EndCriticalSection                
00004973  Floor_Thread                      
00003179  G8RTOS_AddThread                  
000032e9  G8RTOS_Add_APeriodicEvent         
00003371  G8RTOS_Add_PeriodicEvent          
000035c3  G8RTOS_GetNumberOfThreads         
000035bb  G8RTOS_GetThreadID                
00003089  G8RTOS_Init                       
00005ac1  G8RTOS_InitFIFO                   
00006105  G8RTOS_InitSemaphore              
00003531  G8RTOS_KillSelf                   
0000348d  G8RTOS_KillThread                 
000030dd  G8RTOS_Launch                     
00005b29  G8RTOS_ReadFIFO                   
00003105  G8RTOS_Scheduler                  
00006165  G8RTOS_SignalSemaphore            
0000674d  G8RTOS_Start                      
00006123  G8RTOS_WaitSemaphore              
00005bb1  G8RTOS_WriteFIFO                  
00001dd5  GPIOADCTriggerDisable             
00001db7  GPIOADCTriggerEnable              
00001d99  GPIODMATriggerDisable             
00001d7b  GPIODMATriggerEnable              
00004d49  GPIOD_Handler                     
000012c7  GPIODirModeGet                    
0000126b  GPIODirModeSet                    
00004d2f  GPIOE_Handler                     
00001881  GPIOIntClear                      
00001845  GPIOIntDisable                    
00001821  GPIOIntEnable                     
00001895  GPIOIntRegister                   
000018cd  GPIOIntRegisterPin                
0000185f  GPIOIntStatus                     
000013b7  GPIOIntTypeGet                    
00001313  GPIOIntTypeSet                    
000018b3  GPIOIntUnregister                 
000018fb  GPIOIntUnregisterPin              
000016af  GPIOPadConfigGet                  
00001441  GPIOPadConfigSet                  
00001d19  GPIOPinConfigure                  
0000191f  GPIOPinRead                       
00001957  GPIOPinTypeADC                    
0000197b  GPIOPinTypeCAN                    
0000199f  GPIOPinTypeComparator             
000019c3  GPIOPinTypeComparatorOutput       
000019e7  GPIOPinTypeDIVSCLK                
00001a0b  GPIOPinTypeEPI                    
00001a2f  GPIOPinTypeEthernetLED            
00001a53  GPIOPinTypeEthernetMII            
00001a77  GPIOPinTypeGPIOInput              
00001a9b  GPIOPinTypeGPIOOutput             
00001ac5  GPIOPinTypeGPIOOutputOD           
00001ae9  GPIOPinTypeHibernateRTCCLK        
00001b0d  GPIOPinTypeI2C                    
00001b31  GPIOPinTypeI2CSCL                 
00001b55  GPIOPinTypeLCD                    
00001b79  GPIOPinTypeOneWire                
00001b9d  GPIOPinTypePWM                    
00001bc1  GPIOPinTypeQEI                    
00001be5  GPIOPinTypeSSI                    
00001c09  GPIOPinTypeTimer                  
00001c2d  GPIOPinTypeTrace                  
00001c51  GPIOPinTypeUART                   
00001c75  GPIOPinTypeUSBAnalog              
00001c99  GPIOPinTypeUSBDigital             
00001cbd  GPIOPinTypeWakeHigh               
00001ce3  GPIOPinTypeWakeLow                
00001d09  GPIOPinWakeStatus                 
00001937  GPIOPinWrite                      
00001df3  GPIOUnlockPin                     
00004d1d  Get_Joystick                      
00006795  HOSTtime                          
00003d81  I2CFIFODataGet                    
00003d9b  I2CFIFODataGetNonBlocking         
00003d37  I2CFIFODataPut                    
00003d59  I2CFIFODataPutNonBlocking         
00003d27  I2CFIFOStatus                     
00003919  I2CIntRegister                    
00003937  I2CIntUnregister                  
00003e5d  I2CLoopbackEnable                 
00003dd7  I2CMasterBurstCountGet            
00003dc1  I2CMasterBurstLengthSet           
00003b7f  I2CMasterBusBusy                  
00003b67  I2CMasterBusy                     
00003b97  I2CMasterControl                  
00003beb  I2CMasterDataGet                  
00003bd5  I2CMasterDataPut                  
000038e5  I2CMasterDisable                  
000038b1  I2CMasterEnable                   
00003ba9  I2CMasterErr                      
00003de5  I2CMasterGlitchFilterConfigSet    
000037e7  I2CMasterInitExpClk               
00003adf  I2CMasterIntClear                 
00003af5  I2CMasterIntClearEx               
000039ab  I2CMasterIntDisable               
000039bb  I2CMasterIntDisableEx             
00003951  I2CMasterIntEnable                
00003961  I2CMasterIntEnableEx              
00003a05  I2CMasterIntStatus                
00003a45  I2CMasterIntStatusEx              
00003b59  I2CMasterLineStateGet             
00003b37  I2CMasterSlaveAddrSet             
00003bf9  I2CMasterTimeoutSet               
00003ce7  I2CRxFIFOConfigSet                
00003d0f  I2CRxFIFOFlush                    
00003c0b  I2CSlaveACKOverride               
00003c3d  I2CSlaveACKValueSet               
00003873  I2CSlaveAddressSet                
00003c97  I2CSlaveDataGet                   
00003c7f  I2CSlaveDataPut                   
000038fb  I2CSlaveDisable                   
000038c7  I2CSlaveEnable                    
00003e4b  I2CSlaveFIFODisable               
00003e33  I2CSlaveFIFOEnable                
00003859  I2CSlaveInit                      
00003b11  I2CSlaveIntClear                  
00003b23  I2CSlaveIntClearEx                
000039d3  I2CSlaveIntDisable                
000039eb  I2CSlaveIntDisableEx              
00003979  I2CSlaveIntEnable                 
00003991  I2CSlaveIntEnableEx               
00003a75  I2CSlaveIntStatus                 
00003abd  I2CSlaveIntStatusEx               
00003c6f  I2CSlaveStatus                    
00003ca7  I2CTxFIFOConfigSet                
00003ccf  I2CTxFIFOFlush                    
00005811  I2C_Init                          
000059e7  I2C_ReadMultiple                  
00005911  I2C_ReadSingle                    
00005941  I2C_WriteMultiple                 
000058a5  I2C_WriteSingle                   
000058db  I2C_WriteSingleCont               
200074a0  IBit_State                        
00004c6d  Idle_Thread                       
00004b2d  Increment_Thread                  
00004ac7  Init_GameData                     
00004fa1  IntDisable                        
00004f2f  IntEnable                         
00005013  IntIsEnabled                      
00004df3  IntMasterDisable                  
00004de3  IntMasterEnable                   
00005109  IntPendClear                      
00005099  IntPendSet                        
00004f0b  IntPriorityGet                    
00004e83  IntPriorityGroupingGet            
00004e69  IntPriorityGroupingSet            
00005163  IntPriorityMaskGet                
00005157  IntPriorityMaskSet                
00004ebb  IntPrioritySet                    
00004e03  IntRegister                       
0000516b  IntTrigger                        
00004e55  IntUnregister                     
00005e7d  JOYSTICK_GetPress                 
00005e91  JOYSTICK_GetX                     
00005eb3  JOYSTICK_GetXY                    
00005ea1  JOYSTICK_GetY                     
00005ded  JOYSTICK_Init                     
00005e59  JOYSTICK_IntEnable                
00004961  Lose                              
000066cf  MultimodButtons_Get               
00006699  MultimodButtons_Init              
0000676d  PendSV_Handler                    
00004c99  Read_Buttons                      
00006a1f  ResetISR                          
00005c61  SPI_Init                          
00005d6f  SPI_ReadMultiple                  
00005ce7  SPI_ReadSingle                    
00005d0f  SPI_WriteMultiple                 
00005cc9  SPI_WriteSingle                   
00005459  SSIAdvDataPutFrameEnd             
0000547f  SSIAdvDataPutFrameEndNonBlocking  
000054c1  SSIAdvFrameHoldDisable            
000054ab  SSIAdvFrameHoldEnable             
00005427  SSIAdvModeSet                     
000053e5  SSIBusy                           
00005417  SSIClockSourceGet                 
00005403  SSIClockSourceSet                 
000051ff  SSIConfigSetExpClk                
000053cd  SSIDMADisable                     
000053b5  SSIDMAEnable                      
00005377  SSIDataGet                        
00005393  SSIDataGetNonBlocking             
0000533d  SSIDataPut                        
00005357  SSIDataPutNonBlocking             
0000528f  SSIDisable                        
00005279  SSIEnable                         
0000532b  SSIIntClear                       
000052f5  SSIIntDisable                     
000052dd  SSIIntEnable                      
000052a5  SSIIntRegister                    
0000530d  SSIIntStatus                      
000052c3  SSIIntUnregister                  
000054ed  SSILoopbackDisable                
000054d7  SSILoopbackEnable                 
000025e1  ST7789_ClearRow                   
00001e33  ST7789_Deselect                   
0000201d  ST7789_DrawHLine                  
000023bf  ST7789_DrawLine                   
0000234f  ST7789_DrawPixel                  
0000248b  ST7789_DrawRectangle              
000024ff  ST7789_DrawRow                    
00001f87  ST7789_DrawVLine                  
000023a3  ST7789_Fill                       
0000226d  ST7789_Init                       
000020d1  ST7789_Line                       
00001e89  ST7789_ReadRegister               
00001e25  ST7789_Select                     
00001e4f  ST7789_SetCommand                 
00001e41  ST7789_SetData                    
00001e97  ST7789_SetWindow                  
00002627  ST7789_UpdateScreen               
00001e5d  ST7789_WriteCommand               
00001e77  ST7789_WriteData                  
000035e5  SetInitialStack                   
000069e9  StartCriticalSection              
000011c9  SysCtlAltClkConfig                
000008f5  SysCtlClockFreqSet                
00000dbd  SysCtlClockGet                    
000011ad  SysCtlClockOutConfig              
00000bed  SysCtlClockSet                    
000007f9  SysCtlDeepSleep                   
00000f7d  SysCtlDeepSleepClockConfigSet     
00000f5f  SysCtlDeepSleepClockSet           
000007d9  SysCtlDeepSleepPowerSet           
00006a2b  SysCtlDelay                       
00000363  SysCtlFlashSectorSizeGet          
00000337  SysCtlFlashSizeGet                
00001053  SysCtlGPIOAHBDisable              
00001037  SysCtlGPIOAHBEnable               
0000076d  SysCtlIntClear                    
00000759  SysCtlIntDisable                  
00000741  SysCtlIntEnable                   
0000071d  SysCtlIntRegister                 
0000077d  SysCtlIntStatus                   
00000731  SysCtlIntUnregister               
000007bf  SysCtlLDODeepSleepGet             
000007af  SysCtlLDODeepSleepSet             
000007a9  SysCtlLDOSleepGet                 
00000799  SysCtlLDOSleepSet                 
0000082f  SysCtlMOSCConfigSet               
00001191  SysCtlNMIClear                    
00001179  SysCtlNMIStatus                   
00000845  SysCtlPIOSCCalibrate              
00001021  SysCtlPWMClockGet                 
00001007  SysCtlPWMClockSet                 
000006c5  SysCtlPeripheralClockGating       
0000067d  SysCtlPeripheralDeepSleepDisable  
00000625  SysCtlPeripheralDeepSleepEnable   
00000555  SysCtlPeripheralDisable           
00000515  SysCtlPeripheralEnable            
00000449  SysCtlPeripheralPowerOff          
00000409  SysCtlPeripheralPowerOn           
00000389  SysCtlPeripheralPresent           
000003c9  SysCtlPeripheralReady             
00000489  SysCtlPeripheralReset             
000005e5  SysCtlPeripheralSleepDisable      
0000059d  SysCtlPeripheralSleepEnable       
000007e9  SysCtlReset                       
000008a5  SysCtlResetBehaviorGet            
00000895  SysCtlResetBehaviorSet            
0000081b  SysCtlResetCauseClear             
00000815  SysCtlResetCauseGet               
0000032d  SysCtlSRAMSizeGet                 
000007f1  SysCtlSleep                       
000007c9  SysCtlSleepPowerSet               
0000107b  SysCtlUSBPLLDisable               
0000106f  SysCtlUSBPLLEnable                
000010c1  SysCtlVCOGet                      
000010a9  SysCtlVoltageEventClear           
0000108d  SysCtlVoltageEventConfig          
0000109d  SysCtlVoltageEventStatus          
000062f5  SysTickDisable                    
000062e9  SysTickEnable                     
00006339  SysTickIntDisable                 
0000632d  SysTickIntEnable                  
00006301  SysTickIntRegister                
00006319  SysTickIntUnregister              
00006357  SysTickPeriodGet                  
00006345  SysTickPeriodSet                  
0000635f  SysTickValueGet                   
00002faf  SysTick_Handler                   
200074a4  SystemTime                        
00004459  UART9BitAddrSend                  
00004433  UART9BitAddrSet                   
0000441d  UART9BitDisable                   
00004407  UART9BitEnable                    
000042ab  UARTBreakCtl                      
000042d5  UARTBusy                          
00004253  UARTCharGet                       
00004237  UARTCharGetNonBlocking            
0000428d  UARTCharPut                       
00004269  UARTCharPutNonBlocking            
000041fb  UARTCharsAvail                    
000043f7  UARTClockSourceGet                
000043e3  UARTClockSourceSet                
00003fcb  UARTConfigGetExpClk               
00003f55  UARTConfigSetExpClk               
000043a9  UARTDMADisable                    
00004391  UARTDMAEnable                     
0000403b  UARTDisable                       
000040bf  UARTDisableSIR                    
00004017  UARTEnable                        
00004091  UARTEnableSIR                     
0000407b  UARTFIFODisable                   
00004065  UARTFIFOEnable                    
00003f2d  UARTFIFOLevelGet                  
00003f15  UARTFIFOLevelSet                  
000041bb  UARTFlowControlGet                
0000419f  UARTFlowControlSet                
0000437f  UARTIntClear                      
00004349  UARTIntDisable                    
00004331  UARTIntEnable                     
000042f3  UARTIntRegister                   
00004361  UARTIntStatus                     
00004311  UARTIntUnregister                 
000044a1  UARTLoopbackEnable                
00004155  UARTModemControlClear             
00004179  UARTModemControlGet               
0000411d  UARTModemControlSet               
0000418b  UARTModemStatusGet                
00003f03  UARTParityModeGet                 
00003ee7  UARTParityModeSet                 
000043d3  UARTRxErrorClear                  
000043c1  UARTRxErrorGet                    
00004107  UARTSmartCardDisable              
000040d5  UARTSmartCardEnable               
00004219  UARTSpaceAvail                    
000044b9  UARTStdioConfig                   
000041e9  UARTTxIntModeGet                  
000041cd  UARTTxIntModeSet                  
000066f1  UART_Init                         
00004609  UARTgetc                          
0000454f  UARTgets                          
0000492b  UARTprintf                        
00004631  UARTvprintf                       
000044ff  UARTwrite                         
200072d4  __CIOBUF_                         
200076c8  __STACK_END                       
00000200  __STACK_SIZE                      
200076c8  __STACK_TOP                       
00007170  __TI_CINIT_Base                   
00007188  __TI_CINIT_Limit                  
00007154  __TI_Handler_Table_Base           
00007160  __TI_Handler_Table_Limit          
000067dd  __TI_auto_init_nobinit_nopinit    
00006571  __TI_decompress_lzss              
00006a05  __TI_decompress_none              
ffffffff  __TI_pprof_out_hndl               
ffffffff  __TI_prof_data_size               
ffffffff  __TI_prof_data_start              
00006949  __TI_readmsg                      
00000000  __TI_static_base__                
000068a1  __TI_writemsg                     
00006a13  __TI_zero_init                    
00006371  __aeabi_cdcmpeq                   
00006371  __aeabi_cdcmple                   
000063f7  __aeabi_cdrcmple                  
000065d9  __aeabi_cfcmpeq                   
000065d9  __aeabi_cfcmple                   
00006639  __aeabi_cfrcmple                  
000068d9  __aeabi_f2d                       
00006911  __aeabi_f2iz                      
0000600d  __aeabi_fadd                      
00006255  __aeabi_fdiv                      
0000647d  __aeabi_fmul                      
00006009  __aeabi_fsub                      
00005503  __aeabi_idiv0                     
00005503  __aeabi_ldiv0                     
000064f7  __aeabi_memclr                    
000064f7  __aeabi_memclr4                   
000064f7  __aeabi_memclr8                   
000061b9  __aeabi_memcpy                    
000061b9  __aeabi_memcpy4                   
000061b9  __aeabi_memcpy8                   
000064f9  __aeabi_memset                    
000064f9  __aeabi_memset4                   
000064f9  __aeabi_memset8                   
000069a1  __aeabi_ui2f                      
00006821  __aeabi_uidiv                     
00006821  __aeabi_uidivmod                  
ffffffff  __binit__                         
ffffffff  __c_args__                        
UNDEFED   __mpu_init                        
200074c8  __stack                           
20000000  __start___llvm_prf_cnts           
20000000  __stop___llvm_prf_cnts            
000069f7  __time32                          
0000697d  _c_int00_noargs                   
200076ec  _lock                             
000044b7  _nop                              
UNDEFED   _system_post_cinit                
00006a31  _system_pre_init                  
200076f0  _unlock                           
00006a35  abort                             
200076d4  ball_prev_x_position              
200076d6  ball_prev_y_position              
200076d0  ball_x_offset                     
200076cc  ball_x_position                   
200076d2  ball_y_offset                     
200076ce  ball_y_position                   
ffffffff  binit                             
200076c9  boost                             
00002251  delay_ms                          
200076d8  floor_one_y                       
200076da  floor_three_y                     
200076d9  floor_two_y                       
20000000  g_pfnRAMVectors                   
00000000  g_pfnVectors                      
2000743c  gameNew                           
20007460  gamePrev                          
200076ca  game_time                         
200076de  globalFlag                        
200076e0  globalID                          
200076dc  joystick_y                        
200076c8  jump                              
200076dd  kill_cube                         
00005f23  main                              
000061b9  memcpy                            
000064ff  memset                            
200076db  num_cubes                         
20007494  parmbuf                           
200074a8  sem_I2CA                          
200074ac  sem_Joystick                      
200074b0  sem_Joystick_Debounce             
200074b4  sem_PCA9555_Debounce              
200074b8  sem_Render                        
200074bc  sem_SPIA                          
200074c0  sem_UART                          
00003597  sleep                             
000069c5  srand                             
200076e4  t0count                           
200076e8  t1count                           
000069f7  time                              


GLOBAL SYMBOLS: SORTED BY Symbol Address 

address   name                              
-------   ----                              
00000000  __TI_static_base__                
00000000  g_pfnVectors                      
00000200  __STACK_SIZE                      
0000032d  SysCtlSRAMSizeGet                 
00000337  SysCtlFlashSizeGet                
00000363  SysCtlFlashSectorSizeGet          
00000389  SysCtlPeripheralPresent           
000003c9  SysCtlPeripheralReady             
00000409  SysCtlPeripheralPowerOn           
00000449  SysCtlPeripheralPowerOff          
00000489  SysCtlPeripheralReset             
00000515  SysCtlPeripheralEnable            
00000555  SysCtlPeripheralDisable           
0000059d  SysCtlPeripheralSleepEnable       
000005e5  SysCtlPeripheralSleepDisable      
00000625  SysCtlPeripheralDeepSleepEnable   
0000067d  SysCtlPeripheralDeepSleepDisable  
000006c5  SysCtlPeripheralClockGating       
0000071d  SysCtlIntRegister                 
00000731  SysCtlIntUnregister               
00000741  SysCtlIntEnable                   
00000759  SysCtlIntDisable                  
0000076d  SysCtlIntClear                    
0000077d  SysCtlIntStatus                   
00000799  SysCtlLDOSleepSet                 
000007a9  SysCtlLDOSleepGet                 
000007af  SysCtlLDODeepSleepSet             
000007bf  SysCtlLDODeepSleepGet             
000007c9  SysCtlSleepPowerSet               
000007d9  SysCtlDeepSleepPowerSet           
000007e9  SysCtlReset                       
000007f1  SysCtlSleep                       
000007f9  SysCtlDeepSleep                   
00000815  SysCtlResetCauseGet               
0000081b  SysCtlResetCauseClear             
0000082f  SysCtlMOSCConfigSet               
00000845  SysCtlPIOSCCalibrate              
00000895  SysCtlResetBehaviorSet            
000008a5  SysCtlResetBehaviorGet            
000008f5  SysCtlClockFreqSet                
00000bed  SysCtlClockSet                    
00000dbd  SysCtlClockGet                    
00000f5f  SysCtlDeepSleepClockSet           
00000f7d  SysCtlDeepSleepClockConfigSet     
00001007  SysCtlPWMClockSet                 
00001021  SysCtlPWMClockGet                 
00001037  SysCtlGPIOAHBEnable               
00001053  SysCtlGPIOAHBDisable              
0000106f  SysCtlUSBPLLEnable                
0000107b  SysCtlUSBPLLDisable               
0000108d  SysCtlVoltageEventConfig          
0000109d  SysCtlVoltageEventStatus          
000010a9  SysCtlVoltageEventClear           
000010c1  SysCtlVCOGet                      
00001179  SysCtlNMIStatus                   
00001191  SysCtlNMIClear                    
000011ad  SysCtlClockOutConfig              
000011c9  SysCtlAltClkConfig                
0000126b  GPIODirModeSet                    
000012c7  GPIODirModeGet                    
00001313  GPIOIntTypeSet                    
000013b7  GPIOIntTypeGet                    
00001441  GPIOPadConfigSet                  
000016af  GPIOPadConfigGet                  
00001821  GPIOIntEnable                     
00001845  GPIOIntDisable                    
0000185f  GPIOIntStatus                     
00001881  GPIOIntClear                      
00001895  GPIOIntRegister                   
000018b3  GPIOIntUnregister                 
000018cd  GPIOIntRegisterPin                
000018fb  GPIOIntUnregisterPin              
0000191f  GPIOPinRead                       
00001937  GPIOPinWrite                      
00001957  GPIOPinTypeADC                    
0000197b  GPIOPinTypeCAN                    
0000199f  GPIOPinTypeComparator             
000019c3  GPIOPinTypeComparatorOutput       
000019e7  GPIOPinTypeDIVSCLK                
00001a0b  GPIOPinTypeEPI                    
00001a2f  GPIOPinTypeEthernetLED            
00001a53  GPIOPinTypeEthernetMII            
00001a77  GPIOPinTypeGPIOInput              
00001a9b  GPIOPinTypeGPIOOutput             
00001ac5  GPIOPinTypeGPIOOutputOD           
00001ae9  GPIOPinTypeHibernateRTCCLK        
00001b0d  GPIOPinTypeI2C                    
00001b31  GPIOPinTypeI2CSCL                 
00001b55  GPIOPinTypeLCD                    
00001b79  GPIOPinTypeOneWire                
00001b9d  GPIOPinTypePWM                    
00001bc1  GPIOPinTypeQEI                    
00001be5  GPIOPinTypeSSI                    
00001c09  GPIOPinTypeTimer                  
00001c2d  GPIOPinTypeTrace                  
00001c51  GPIOPinTypeUART                   
00001c75  GPIOPinTypeUSBAnalog              
00001c99  GPIOPinTypeUSBDigital             
00001cbd  GPIOPinTypeWakeHigh               
00001ce3  GPIOPinTypeWakeLow                
00001d09  GPIOPinWakeStatus                 
00001d19  GPIOPinConfigure                  
00001d7b  GPIODMATriggerEnable              
00001d99  GPIODMATriggerDisable             
00001db7  GPIOADCTriggerEnable              
00001dd5  GPIOADCTriggerDisable             
00001df3  GPIOUnlockPin                     
00001e25  ST7789_Select                     
00001e33  ST7789_Deselect                   
00001e41  ST7789_SetData                    
00001e4f  ST7789_SetCommand                 
00001e5d  ST7789_WriteCommand               
00001e77  ST7789_WriteData                  
00001e89  ST7789_ReadRegister               
00001e97  ST7789_SetWindow                  
00001f87  ST7789_DrawVLine                  
0000201d  ST7789_DrawHLine                  
000020d1  ST7789_Line                       
00002251  delay_ms                          
0000226d  ST7789_Init                       
0000234f  ST7789_DrawPixel                  
000023a3  ST7789_Fill                       
000023bf  ST7789_DrawLine                   
0000248b  ST7789_DrawRectangle              
000024ff  ST7789_DrawRow                    
000025e1  ST7789_ClearRow                   
00002627  ST7789_UpdateScreen               
0000279b  ADCIntRegister                    
000027c3  ADCIntUnregister                  
000027e1  ADCIntDisable                     
000027fd  ADCIntEnable                      
00002823  ADCIntStatus                      
0000287b  ADCIntClear                       
00002891  ADCSequenceEnable                 
000028ab  ADCSequenceDisable                
000028c5  ADCSequenceConfigure              
00002961  ADCSequenceStepConfigure          
00002a4d  ADCSequenceOverflow               
00002a65  ADCSequenceOverflowClear          
00002a7b  ADCSequenceUnderflow              
00002a93  ADCSequenceUnderflowClear         
00002aa9  ADCSequenceDataGet                
00002aeb  ADCProcessorTrigger               
00002b13  ADCSoftwareOversampleConfigure    
00002b65  ADCSoftwareOversampleStepConfigure
00002c45  ADCSoftwareOversampleDataGet      
00002cd7  ADCHardwareOversampleConfigure    
00002d09  ADCComparatorConfigure            
00002d25  ADCComparatorRegionSet            
00002d4d  ADCComparatorReset                
00002d93  ADCComparatorIntDisable           
00002db1  ADCComparatorIntEnable            
00002dcf  ADCComparatorIntStatus            
00002de1  ADCComparatorIntClear             
00002df9  ADCIntDisableEx                   
00002e11  ADCIntEnableEx                    
00002e29  ADCIntStatusEx                    
00002e5b  ADCIntClearEx                     
00002e6d  ADCReferenceSet                   
00002e89  ADCReferenceGet                   
00002e9b  ADCPhaseDelaySet                  
00002ead  ADCPhaseDelayGet                  
00002ebb  ADCSequenceDMAEnable              
00002ed7  ADCSequenceDMADisable             
00002ef3  ADCBusy                           
00002f11  ADCClockConfigSet                 
00002f3b  ADCClockConfigGet                 
00002faf  SysTick_Handler                   
00003089  G8RTOS_Init                       
000030dd  G8RTOS_Launch                     
00003105  G8RTOS_Scheduler                  
00003179  G8RTOS_AddThread                  
000032e9  G8RTOS_Add_APeriodicEvent         
00003371  G8RTOS_Add_PeriodicEvent          
0000348d  G8RTOS_KillThread                 
00003531  G8RTOS_KillSelf                   
00003597  sleep                             
000035bb  G8RTOS_GetThreadID                
000035c3  G8RTOS_GetNumberOfThreads         
000035e5  SetInitialStack                   
000037e7  I2CMasterInitExpClk               
00003859  I2CSlaveInit                      
00003873  I2CSlaveAddressSet                
000038b1  I2CMasterEnable                   
000038c7  I2CSlaveEnable                    
000038e5  I2CMasterDisable                  
000038fb  I2CSlaveDisable                   
00003919  I2CIntRegister                    
00003937  I2CIntUnregister                  
00003951  I2CMasterIntEnable                
00003961  I2CMasterIntEnableEx              
00003979  I2CSlaveIntEnable                 
00003991  I2CSlaveIntEnableEx               
000039ab  I2CMasterIntDisable               
000039bb  I2CMasterIntDisableEx             
000039d3  I2CSlaveIntDisable                
000039eb  I2CSlaveIntDisableEx              
00003a05  I2CMasterIntStatus                
00003a45  I2CMasterIntStatusEx              
00003a75  I2CSlaveIntStatus                 
00003abd  I2CSlaveIntStatusEx               
00003adf  I2CMasterIntClear                 
00003af5  I2CMasterIntClearEx               
00003b11  I2CSlaveIntClear                  
00003b23  I2CSlaveIntClearEx                
00003b37  I2CMasterSlaveAddrSet             
00003b59  I2CMasterLineStateGet             
00003b67  I2CMasterBusy                     
00003b7f  I2CMasterBusBusy                  
00003b97  I2CMasterControl                  
00003ba9  I2CMasterErr                      
00003bd5  I2CMasterDataPut                  
00003beb  I2CMasterDataGet                  
00003bf9  I2CMasterTimeoutSet               
00003c0b  I2CSlaveACKOverride               
00003c3d  I2CSlaveACKValueSet               
00003c6f  I2CSlaveStatus                    
00003c7f  I2CSlaveDataPut                   
00003c97  I2CSlaveDataGet                   
00003ca7  I2CTxFIFOConfigSet                
00003ccf  I2CTxFIFOFlush                    
00003ce7  I2CRxFIFOConfigSet                
00003d0f  I2CRxFIFOFlush                    
00003d27  I2CFIFOStatus                     
00003d37  I2CFIFODataPut                    
00003d59  I2CFIFODataPutNonBlocking         
00003d81  I2CFIFODataGet                    
00003d9b  I2CFIFODataGetNonBlocking         
00003dc1  I2CMasterBurstLengthSet           
00003dd7  I2CMasterBurstCountGet            
00003de5  I2CMasterGlitchFilterConfigSet    
00003e33  I2CSlaveFIFOEnable                
00003e4b  I2CSlaveFIFODisable               
00003e5d  I2CLoopbackEnable                 
00003ee7  UARTParityModeSet                 
00003f03  UARTParityModeGet                 
00003f15  UARTFIFOLevelSet                  
00003f2d  UARTFIFOLevelGet                  
00003f55  UARTConfigSetExpClk               
00003fcb  UARTConfigGetExpClk               
00004017  UARTEnable                        
0000403b  UARTDisable                       
00004065  UARTFIFOEnable                    
0000407b  UARTFIFODisable                   
00004091  UARTEnableSIR                     
000040bf  UARTDisableSIR                    
000040d5  UARTSmartCardEnable               
00004107  UARTSmartCardDisable              
0000411d  UARTModemControlSet               
00004155  UARTModemControlClear             
00004179  UARTModemControlGet               
0000418b  UARTModemStatusGet                
0000419f  UARTFlowControlSet                
000041bb  UARTFlowControlGet                
000041cd  UARTTxIntModeSet                  
000041e9  UARTTxIntModeGet                  
000041fb  UARTCharsAvail                    
00004219  UARTSpaceAvail                    
00004237  UARTCharGetNonBlocking            
00004253  UARTCharGet                       
00004269  UARTCharPutNonBlocking            
0000428d  UARTCharPut                       
000042ab  UARTBreakCtl                      
000042d5  UARTBusy                          
000042f3  UARTIntRegister                   
00004311  UARTIntUnregister                 
00004331  UARTIntEnable                     
00004349  UARTIntDisable                    
00004361  UARTIntStatus                     
0000437f  UARTIntClear                      
00004391  UARTDMAEnable                     
000043a9  UARTDMADisable                    
000043c1  UARTRxErrorGet                    
000043d3  UARTRxErrorClear                  
000043e3  UARTClockSourceSet                
000043f7  UARTClockSourceGet                
00004407  UART9BitEnable                    
0000441d  UART9BitDisable                   
00004433  UART9BitAddrSet                   
00004459  UART9BitAddrSend                  
000044a1  UARTLoopbackEnable                
000044b7  _nop                              
000044b9  UARTStdioConfig                   
000044ff  UARTwrite                         
0000454f  UARTgets                          
00004609  UARTgetc                          
00004631  UARTvprintf                       
0000492b  UARTprintf                        
00004961  Lose                              
00004973  Floor_Thread                      
00004a85  Draw_Thread                       
00004ac7  Init_GameData                     
00004b2d  Increment_Thread                  
00004c6d  Idle_Thread                       
00004c99  Read_Buttons                      
00004d1d  Get_Joystick                      
00004d2f  GPIOE_Handler                     
00004d49  GPIOD_Handler                     
00004de3  IntMasterEnable                   
00004df3  IntMasterDisable                  
00004e03  IntRegister                       
00004e55  IntUnregister                     
00004e69  IntPriorityGroupingSet            
00004e83  IntPriorityGroupingGet            
00004ebb  IntPrioritySet                    
00004f0b  IntPriorityGet                    
00004f2f  IntEnable                         
00004fa1  IntDisable                        
00005013  IntIsEnabled                      
00005099  IntPendSet                        
00005109  IntPendClear                      
00005157  IntPriorityMaskSet                
00005163  IntPriorityMaskGet                
0000516b  IntTrigger                        
000051ff  SSIConfigSetExpClk                
00005279  SSIEnable                         
0000528f  SSIDisable                        
000052a5  SSIIntRegister                    
000052c3  SSIIntUnregister                  
000052dd  SSIIntEnable                      
000052f5  SSIIntDisable                     
0000530d  SSIIntStatus                      
0000532b  SSIIntClear                       
0000533d  SSIDataPut                        
00005357  SSIDataPutNonBlocking             
00005377  SSIDataGet                        
00005393  SSIDataGetNonBlocking             
000053b5  SSIDMAEnable                      
000053cd  SSIDMADisable                     
000053e5  SSIBusy                           
00005403  SSIClockSourceSet                 
00005417  SSIClockSourceGet                 
00005427  SSIAdvModeSet                     
00005459  SSIAdvDataPutFrameEnd             
0000547f  SSIAdvDataPutFrameEndNonBlocking  
000054ab  SSIAdvFrameHoldEnable             
000054c1  SSIAdvFrameHoldDisable            
000054d7  SSILoopbackEnable                 
000054ed  SSILoopbackDisable                
00005503  __aeabi_idiv0                     
00005503  __aeabi_ldiv0                     
00005505  BMI160_Init                       
00005539  BMI160_WriteRegister              
0000557b  BMI160_ReadRegister               
00005597  BMI160_MultiReadRegister          
000055bd  BMI160_AccelXGetResult            
000055e1  BMI160_AccelYGetResult            
00005605  BMI160_AccelZGetResult            
00005629  BMI160_GyroXGetResult             
0000564d  BMI160_GyroYGetResult             
00005671  BMI160_GyroZGetResult             
00005695  BMI160_MagXGetResult              
000056b9  BMI160_MagYGetResult              
000056dd  BMI160_MagZGetResult              
00005701  BMI160_AccelXYZGetResult          
00005755  BMI160_GyroXYZGetResult           
000057a9  BMI160_MagXYZGetResult            
000057fd  BMI160_GetDataStatus              
00005811  I2C_Init                          
000058a5  I2C_WriteSingle                   
000058db  I2C_WriteSingleCont               
00005911  I2C_ReadSingle                    
00005941  I2C_WriteMultiple                 
000059e7  I2C_ReadMultiple                  
00005ac1  G8RTOS_InitFIFO                   
00005b29  G8RTOS_ReadFIFO                   
00005bb1  G8RTOS_WriteFIFO                  
00005c61  SPI_Init                          
00005cc9  SPI_WriteSingle                   
00005ce7  SPI_ReadSingle                    
00005d0f  SPI_WriteMultiple                 
00005d6f  SPI_ReadMultiple                  
00005ded  JOYSTICK_Init                     
00005e59  JOYSTICK_IntEnable                
00005e7d  JOYSTICK_GetPress                 
00005e91  JOYSTICK_GetX                     
00005ea1  JOYSTICK_GetY                     
00005eb3  JOYSTICK_GetXY                    
00005f23  main                              
00006009  __aeabi_fsub                      
0000600d  __aeabi_fadd                      
00006105  G8RTOS_InitSemaphore              
00006123  G8RTOS_WaitSemaphore              
00006165  G8RTOS_SignalSemaphore            
000061b9  __aeabi_memcpy                    
000061b9  __aeabi_memcpy4                   
000061b9  __aeabi_memcpy8                   
000061b9  memcpy                            
00006255  __aeabi_fdiv                      
000062e9  SysTickEnable                     
000062f5  SysTickDisable                    
00006301  SysTickIntRegister                
00006319  SysTickIntUnregister              
0000632d  SysTickIntEnable                  
00006339  SysTickIntDisable                 
00006345  SysTickPeriodSet                  
00006357  SysTickPeriodGet                  
0000635f  SysTickValueGet                   
00006371  __aeabi_cdcmpeq                   
00006371  __aeabi_cdcmple                   
000063f7  __aeabi_cdrcmple                  
0000647d  __aeabi_fmul                      
000064f7  __aeabi_memclr                    
000064f7  __aeabi_memclr4                   
000064f7  __aeabi_memclr8                   
000064f9  __aeabi_memset                    
000064f9  __aeabi_memset4                   
000064f9  __aeabi_memset8                   
000064ff  memset                            
00006571  __TI_decompress_lzss              
000065d9  __aeabi_cfcmpeq                   
000065d9  __aeabi_cfcmple                   
00006639  __aeabi_cfrcmple                  
00006699  MultimodButtons_Init              
000066cf  MultimodButtons_Get               
000066f1  UART_Init                         
0000674d  G8RTOS_Start                      
0000676d  PendSV_Handler                    
00006795  HOSTtime                          
000067dd  __TI_auto_init_nobinit_nopinit    
00006821  __aeabi_uidiv                     
00006821  __aeabi_uidivmod                  
00006861  CPUcpsid                          
0000686d  CPUprimask                        
00006877  CPUcpsie                          
00006883  CPUwfi                            
00006887  CPUbasepriSet                     
00006895  CPUbasepriGet                     
000068a1  __TI_writemsg                     
000068cf  C$$IO$$                           
000068d9  __aeabi_f2d                       
00006911  __aeabi_f2iz                      
00006949  __TI_readmsg                      
0000697d  _c_int00_noargs                   
000069a1  __aeabi_ui2f                      
000069c5  srand                             
000069e9  StartCriticalSection              
000069f1  EndCriticalSection                
000069f7  __time32                          
000069f7  time                              
00006a05  __TI_decompress_none              
00006a13  __TI_zero_init                    
00006a1f  ResetISR                          
00006a2b  SysCtlDelay                       
00006a31  _system_pre_init                  
00006a35  C$$EXIT                           
00006a35  abort                             
00007154  __TI_Handler_Table_Base           
00007160  __TI_Handler_Table_Limit          
00007170  __TI_CINIT_Base                   
00007188  __TI_CINIT_Limit                  
20000000  __start___llvm_prf_cnts           
20000000  __stop___llvm_prf_cnts            
20000000  g_pfnRAMVectors                   
200072d4  __CIOBUF_                         
2000743c  gameNew                           
20007460  gamePrev                          
20007494  parmbuf                           
2000749c  CurrentlyRunningThread            
200074a0  IBit_State                        
200074a4  SystemTime                        
200074a8  sem_I2CA                          
200074ac  sem_Joystick                      
200074b0  sem_Joystick_Debounce             
200074b4  sem_PCA9555_Debounce              
200074b8  sem_Render                        
200074bc  sem_SPIA                          
200074c0  sem_UART                          
200074c8  __stack                           
200076c8  __STACK_END                       
200076c8  __STACK_TOP                       
200076c8  jump                              
200076c9  boost                             
200076ca  game_time                         
200076cc  ball_x_position                   
200076ce  ball_y_position                   
200076d0  ball_x_offset                     
200076d2  ball_y_offset                     
200076d4  ball_prev_x_position              
200076d6  ball_prev_y_position              
200076d8  floor_one_y                       
200076d9  floor_two_y                       
200076da  floor_three_y                     
200076db  num_cubes                         
200076dc  joystick_y                        
200076dd  kill_cube                         
200076de  globalFlag                        
200076e0  globalID                          
200076e4  t0count                           
200076e8  t1count                           
200076ec  _lock                             
200076f0  _unlock                           
ffffffff  __TI_pprof_out_hndl               
ffffffff  __TI_prof_data_size               
ffffffff  __TI_prof_data_start              
ffffffff  __binit__                         
ffffffff  __c_args__                        
ffffffff  binit                             
UNDEFED   __mpu_init                        
UNDEFED   _system_post_cinit                

[500 symbols]
