******************************************************************************
                  TI ARM Linker Unix v20.2.7                   
******************************************************************************
>> Linked Fri Dec 15 00:34:15 2023

OUTPUT FILE NAME:   <RTOS.out>
ENTRY POINT SYMBOL: "_c_int00_noargs"  address: 000088ad


MEMORY CONFIGURATION

         name            origin    length      used     unused   attr    fill
----------------------  --------  ---------  --------  --------  ----  --------
  FLASH                 00000000   00040000  00009594  00036a6c  R  X
  SRAM                  20000000   00008000  00007715  000008eb  RW X


SEGMENT ALLOCATION MAP

run origin  load origin   length   init length attrs members
----------  ----------- ---------- ----------- ----- -------
00000000    00000000    00009598   00009598    r-x
  00000000    00000000    0000026c   0000026c    r-- .intvecs
  0000026c    0000026c    000086d8   000086d8    r-x .text
  00008944    00008944    00000bf8   00000bf8    r-- .const
  00009540    00009540    00000058   00000058    r-- .cinit
20000000    20000000    0000771c   00000000    rw-
  20000000    20000000    0000026c   00000000    rw- .vtable
  2000026c    2000026c    0000727d   00000000    rw- .bss
  200074f0    200074f0    00000200   00000000    rw- .stack
  200076f0    200076f0    0000002c   00000000    rw- .data


SECTION ALLOCATION MAP

 output                                  attributes/
section   page    origin      length       input sections
--------  ----  ----------  ----------   ----------------
.intvecs   0    00000000    0000026c     
                  00000000    0000026c     tm4c123gh6pm_startup_ccs.obj (.intvecs)

.text      0    0000026c    000086d8     
                  0000026c    0000173c     GFX_Library.obj (.text)
                  000019a8    00000fa0     sysctl.obj (.text)
                  00002948    00000ef0     threads.obj (.text)
                  00003838    00000c18     gpio.obj (.text)
                  00004450    00000a32     multimod_ST7789.obj (.text)
                  00004e82    00000002     rtsv7M4_T_le_eabi.lib : _lock.c.obj (.text:_nop)
                  00004e84    00000840     adc.obj (.text)
                  000056c4    00000818     G8RTOS_Scheduler.obj (.text)
                  00005edc    00000700     i2c.obj (.text)
                  000065dc    0000062e     uart.obj (.text)
                  00006c0a    00000002     rtsv7M4_T_le_eabi.lib : div0.asm.obj (.text)
                  00006c0c    000004a8     uartstdio.obj (.text)
                  000070b4    000003c0     interrupt.obj (.text)
                  00007474    00000362     ssi.obj (.text)
                  000077d6    00000002     --HOLE-- [fill = 0]
                  000077d8    0000030c     multimod_BMI160.obj (.text)
                  00007ae4    000002b0     multimod_i2c.obj (.text)
                  00007d94    000001a0     G8RTOS_IPC.obj (.text)
                  00007f34    0000018c     multimod_spi.obj (.text)
                  000080c0    00000114     multimod_joystick.obj (.text)
                  000081d4    00000104     main.obj (.text)
                  000082d8    000000b4     G8RTOS_Semaphores.obj (.text)
                  0000838c    0000009c     rtsv7M4_T_le_eabi.lib : memcpy_t2.asm.obj (.text)
                  00008428    00000088     systick.obj (.text)
                  000084b0    0000007a     rtsv7M4_T_le_eabi.lib : memset_t2.asm.obj (.text)
                  0000852a    00000068                           : copy_decompress_lzss.c.obj (.text:decompress:lzss:__TI_decompress_lzss)
                  00008592    00000002     --HOLE-- [fill = 0]
                  00008594    00000058     multimod_buttons.obj (.text)
                  000085ec    00000058     multimod_uart.obj (.text)
                  00008644    0000004c     G8RTOS_SchedulerASM.obj (.text)
                  00008690    00000048     rtsv7M4_T_le_eabi.lib : hosttime.c.obj (.text:HOSTtime)
                  000086d8    00000044                           : autoinit.c.obj (.text:__TI_auto_init_nobinit_nopinit:__TI_auto_init_nobinit_nopinit)
                  0000871c    00000040                           : u_divt2.asm.obj (.text)
                  0000875c    0000003e     cpu.obj (.text)
                  0000879a    00000002     --HOLE-- [fill = 0]
                  0000879c    00000038     rtsv7M4_T_le_eabi.lib : trgmsg.c.obj (.text:__TI_writemsg)
                  000087d4    00000038                           : fs_toi_t2.asm.obj (.text)
                  0000880c    00000038                           : i_tofs_t2.asm.obj (.text)
                  00008844    00000034                           : trgmsg.c.obj (.text:__TI_readmsg)
                  00008878    00000034                           : rand.c.obj (.text:rand)
                  000088ac    00000024                           : boot_cortex_m.c.obj (.text:_c_int00_noargs:_c_int00_noargs)
                  000088d0    00000024                           : rand.c.obj (.text:srand)
                  000088f4    0000000e     G8RTOS_CriticalSection.obj (.text)
                  00008902    0000000e     rtsv7M4_T_le_eabi.lib : time.c.obj (.text:__time32)
                  00008910    0000000e                           : copy_decompress_none.c.obj (.text:decompress:none:__TI_decompress_none)
                  0000891e    0000000c                           : copy_zero_init.c.obj (.text:decompress:ZI:__TI_zero_init)
                  0000892a    0000000c     tm4c123gh6pm_startup_ccs.obj (.text)
                  00008936    00000006     sysctl.obj (.text:SysCtlDelay)
                  0000893c    00000004     rtsv7M4_T_le_eabi.lib : pre_init.c.obj (.text:_system_pre_init)
                  00008940    00000004                           : exit.c.obj (.text:abort:abort)

.const     0    00008944    00000bf8     
                  00008944    00000500     GFX_Library.obj (.const:font)
                  00008e44    000001b0     sysctl.obj (.const:g_pppui32XTALtoVCO)
                  00008ff4    000000d8     gpio.obj (.const:g_ppui32GPIOIntMapSnowflake)
                  000090cc    000000c0     gpio.obj (.const:g_ppui32GPIOIntMapBlizzard)
                  0000918c    0000009c     interrupt.obj (.const:g_pui32Regs)
                  00009228    00000090     gpio.obj (.const:g_pui32GPIOBaseAddrs)
                  000092b8    0000006c     sysctl.obj (.const:g_pui32Xtals)
                  00009324    00000050     i2c.obj (.const:g_ppui32I2CIntMapSnowflake)
                  00009374    00000040     uart.obj (.const:g_ppui32UARTIntMap)
                  000093b4    00000040     uart.obj (.const:g_ppui32UARTIntMapSnowflake)
                  000093f4    00000030     i2c.obj (.const:g_ppui32I2CIntMap)
                  00009424    00000030     sysctl.obj (.const:g_sXTALtoMEMTIM)
                  00009454    00000020     ssi.obj (.const:g_ppui32SSIIntMap)
                  00009474    00000020     ssi.obj (.const:g_ppui32SSIIntMapSnowflake)
                  00009494    00000020     interrupt.obj (.const:g_pui32Priority)
                  000094b4    00000014     interrupt.obj (.const:g_pui32Dii16Regs)
                  000094c8    00000014     interrupt.obj (.const:g_pui32EnRegs)
                  000094dc    00000014     interrupt.obj (.const:g_pui32PendRegs)
                  000094f0    00000014     interrupt.obj (.const:g_pui32UnpendRegs)
                  00009504    00000012     uartstdio.obj (.const:.string)
                  00009516    00000002     --HOLE-- [fill = 0]
                  00009518    0000000c     uartstdio.obj (.const:g_ui32UARTBase)
                  00009524    0000000c     uartstdio.obj (.const:g_ui32UARTPeriph)
                  00009530    00000008     sysctl.obj (.const:g_pui32VCOFrequencies)
                  00009538    00000004     uartstdio.obj (.const)

.cinit     0    00009540    00000058     
                  00009540    0000001e     (.cinit..data.load) [load image, compression = lzss]
                  0000955e    00000002     --HOLE-- [fill = 0]
                  00009560    0000000c     (__TI_handler_table)
                  0000956c    00000004     --HOLE-- [fill = 0]
                  00009570    00000008     (.cinit..bss.load) [load image, compression = zero_init]
                  00009578    00000008     (.cinit..vtable.load) [load image, compression = zero_init]
                  00009580    00000018     (__TI_cinit_table)

.init_array 
*          0    00000000    00000000     UNINITIALIZED

.vtable    0    20000000    0000026c     UNINITIALIZED
                  20000000    0000026c     interrupt.obj (.vtable)

.bss       0    2000026c    0000727d     UNINITIALIZED
                  2000026c    00006d60     G8RTOS_Scheduler.obj (.bss:threadStacks)
                  20006fcc    000001b8     G8RTOS_Scheduler.obj (.bss:threadControlBlocks)
                  20007184    00000150     G8RTOS_IPC.obj (.bss:FIFOs)
                  200072d4    00000120     rtsv7M4_T_le_eabi.lib : trgmsg.c.obj (.bss:_CIOBUF_)
                  200073f4    00000048     G8RTOS_Scheduler.obj (.bss:pthreadControlBlocks)
                  2000743c    00000034     (.common:gameNew)
                  20007470    00000034     (.common:gamePrev)
                  200074a4    00000008     G8RTOS_Scheduler.obj (.bss)
                  200074ac    00000008     adc.obj (.bss:g_pui8OversampleFactor)
                  200074b4    00000008     (.common:parmbuf)
                  200074bc    00000004     (.common:CurrentlyRunningThread)
                  200074c0    00000004     (.common:IBit_State)
                  200074c4    00000004     (.common:SystemTime)
                  200074c8    00000004     (.common:sem_GameOver)
                  200074cc    00000004     (.common:sem_I2CA)
                  200074d0    00000004     (.common:sem_Joystick)
                  200074d4    00000004     (.common:sem_Joystick_Debounce)
                  200074d8    00000004     (.common:sem_PCA9555_Debounce)
                  200074dc    00000004     (.common:sem_Pause)
                  200074e0    00000004     (.common:sem_Render)
                  200074e4    00000004     (.common:sem_SPIA)
                  200074e8    00000001     (.common:rotation)

.data      0    200076f0    0000002c     UNINITIALIZED
                  200076f0    0000000b     threads.obj (.data)
                  200076fb    00000001     --HOLE--
                  200076fc    0000000a     GFX_Library.obj (.data)
                  20007706    00000002     --HOLE--
                  20007708    00000008     rtsv7M4_T_le_eabi.lib : _lock.c.obj (.data:$O1$$)
                  20007710    00000005     uartstdio.obj (.data)
                  20007715    00000003     --HOLE--
                  20007718    00000004     rtsv7M4_T_le_eabi.lib : rand.c.obj (.data)

.stack     0    200074f0    00000200     UNINITIALIZED
                  200074f0    00000004     rtsv7M4_T_le_eabi.lib : boot_cortex_m.c.obj (.stack)
                  200074f4    000001fc     --HOLE--

__llvm_prf_cnts 
*          0    20000000    00000000     UNINITIALIZED

MODULE SUMMARY

       Module                         code    ro data   rw data
       ------                         ----    -------   -------
    ./
       threads.obj                    3824    0         116    
       tm4c123gh6pm_startup_ccs.obj   12      620       0      
       main.obj                       260     0         36     
    +--+------------------------------+-------+---------+---------+
       Total:                         4096    620       152    
                                                               
    ./G8RTOS/src/
       G8RTOS_Scheduler.obj           2072    0         28528  
       G8RTOS_IPC.obj                 416     0         336    
       G8RTOS_Semaphores.obj          180     0         0      
       G8RTOS_SchedulerASM.obj        76      0         0      
       G8RTOS_CriticalSection.obj     14      0         0      
    +--+------------------------------+-------+---------+---------+
       Total:                         2758    0         28864  
                                                               
    ./MultimodDrivers/src/
       GFX_Library.obj                5948    1280      10     
       multimod_ST7789.obj            2610    0         0      
       multimod_BMI160.obj            780     0         0      
       multimod_i2c.obj               688     0         0      
       multimod_spi.obj               396     0         0      
       multimod_joystick.obj          276     0         0      
       multimod_buttons.obj           88      0         0      
       multimod_uart.obj              88      0         0      
    +--+------------------------------+-------+---------+---------+
       Total:                         10874   1280      10     
                                                               
    ./driverlib/
       sysctl.obj                     4006    596       0      
       gpio.obj                       3096    552       0      
       adc.obj                        2112    0         8      
       i2c.obj                        1792    128       0      
       interrupt.obj                  960     268       620    
       uart.obj                       1582    128       0      
       uartstdio.obj                  1192    46        5      
       ssi.obj                        866     64        0      
       systick.obj                    136     0         0      
       cpu.obj                        62      0         0      
    +--+------------------------------+-------+---------+---------+
       Total:                         15804   1782      633    
                                                               
    /home/diamond/ti/ccs1240/ccs/tools/compiler/ti-cgt-arm_20.2.7.LTS/lib/rtsv7M4_T_le_eabi.lib
       trgmsg.c.obj                   108     0         288    
       memcpy_t2.asm.obj              156     0         0      
       memset_t2.asm.obj              122     0         0      
       copy_decompress_lzss.c.obj     104     0         0      
       rand.c.obj                     88      0         4      
       hosttime.c.obj                 72      0         0      
       autoinit.c.obj                 68      0         0      
       u_divt2.asm.obj                64      0         0      
       fs_toi_t2.asm.obj              56      0         0      
       i_tofs_t2.asm.obj              56      0         0      
       boot_cortex_m.c.obj            36      0         0      
       copy_decompress_none.c.obj     14      0         0      
       time.c.obj                     14      0         0      
       copy_zero_init.c.obj           12      0         0      
       _lock.c.obj                    2       0         8      
       hostopen.c.obj                 0       0         8      
       exit.c.obj                     4       0         0      
       pre_init.c.obj                 4       0         0      
       div0.asm.obj                   2       0         0      
    +--+------------------------------+-------+---------+---------+
       Total:                         982     0         308    
                                                               
       Stack:                         0       0         512    
       Linker Generated:              0       82        0      
    +--+------------------------------+-------+---------+---------+
       Grand Total:                   34514   3764      30479  


LINKER GENERATED COPY TABLES

__TI_cinit_table @ 00009580 records: 3, size/record: 8, table size: 24
	.data: load addr=00009540, load size=0000001e bytes, run addr=200076f0, run size=0000002c bytes, compression=lzss
	.bss: load addr=00009570, load size=00000008 bytes, run addr=2000026c, run size=0000727d bytes, compression=zero_init
	.vtable: load addr=00009578, load size=00000008 bytes, run addr=20000000, run size=0000026c bytes, compression=zero_init


LINKER GENERATED HANDLER TABLE

__TI_handler_table @ 00009560 records: 3, size/record: 4, table size: 12
	index: 0, handler: __TI_zero_init
	index: 1, handler: __TI_decompress_lzss
	index: 2, handler: __TI_decompress_none


GLOBAL SYMBOLS: SORTED ALPHABETICALLY BY Name 

address   name                              
-------   ----                              
00005637  ADCBusy                           
0000567f  ADCClockConfigGet                 
00005655  ADCClockConfigSet                 
0000544d  ADCComparatorConfigure            
00005525  ADCComparatorIntClear             
000054d7  ADCComparatorIntDisable           
000054f5  ADCComparatorIntEnable            
00005513  ADCComparatorIntStatus            
00005469  ADCComparatorRegionSet            
00005491  ADCComparatorReset                
0000541b  ADCHardwareOversampleConfigure    
00004fbf  ADCIntClear                       
0000559f  ADCIntClearEx                     
00004f25  ADCIntDisable                     
0000553d  ADCIntDisableEx                   
00004f41  ADCIntEnable                      
00005555  ADCIntEnableEx                    
00004edf  ADCIntRegister                    
00004f67  ADCIntStatus                      
0000556d  ADCIntStatusEx                    
00004f07  ADCIntUnregister                  
000055f1  ADCPhaseDelayGet                  
000055df  ADCPhaseDelaySet                  
0000522f  ADCProcessorTrigger               
000055cd  ADCReferenceGet                   
000055b1  ADCReferenceSet                   
00005009  ADCSequenceConfigure              
0000561b  ADCSequenceDMADisable             
000055ff  ADCSequenceDMAEnable              
000051ed  ADCSequenceDataGet                
00004fef  ADCSequenceDisable                
00004fd5  ADCSequenceEnable                 
00005191  ADCSequenceOverflow               
000051a9  ADCSequenceOverflowClear          
000050a5  ADCSequenceStepConfigure          
000051bf  ADCSequenceUnderflow              
000051d7  ADCSequenceUnderflowClear         
00005257  ADCSoftwareOversampleConfigure    
00005389  ADCSoftwareOversampleDataGet      
000052a9  ADCSoftwareOversampleStepConfigure
00007891  BMI160_AccelXGetResult            
000079d5  BMI160_AccelXYZGetResult          
000078b5  BMI160_AccelYGetResult            
000078d9  BMI160_AccelZGetResult            
00007ad1  BMI160_GetDataStatus              
000078fd  BMI160_GyroXGetResult             
00007a29  BMI160_GyroXYZGetResult           
00007921  BMI160_GyroYGetResult             
00007945  BMI160_GyroZGetResult             
000077d9  BMI160_Init                       
00007969  BMI160_MagXGetResult              
00007a7d  BMI160_MagXYZGetResult            
0000798d  BMI160_MagYGetResult              
000079b1  BMI160_MagZGetResult              
0000786b  BMI160_MultiReadRegister          
0000784f  BMI160_ReadRegister               
0000780d  BMI160_WriteRegister              
00008941  C$$EXIT                           
000087cb  C$$IO$$                           
00008791  CPUbasepriGet                     
00008783  CPUbasepriSet                     
0000875d  CPUcpsid                          
00008773  CPUcpsie                          
00008769  CPUprimask                        
0000877f  CPUwfi                            
200074bc  CurrentlyRunningThread            
00002f59  Delete_Menu                       
00003281  Draw_Button                       
000031cd  Draw_Credits                      
00003099  Draw_Play                         
00003101  Draw_Settings                     
00002949  Draw_Thread                       
00002fa7  Draw_Title                        
000088fd  EndCriticalSection                
000058d1  G8RTOS_AddThread                  
00005a41  G8RTOS_Add_APeriodicEvent         
00005ac5  G8RTOS_Add_PeriodicEvent          
00005d17  G8RTOS_GetNumberOfThreads         
00005d0f  G8RTOS_GetThreadID                
000057dd  G8RTOS_Init                       
00007d95  G8RTOS_InitFIFO                   
000082d9  G8RTOS_InitSemaphore              
00005c85  G8RTOS_KillSelf                   
00005be1  G8RTOS_KillThread                 
00005831  G8RTOS_Launch                     
00007dfd  G8RTOS_ReadFIFO                   
00005859  G8RTOS_Scheduler                  
00008339  G8RTOS_SignalSemaphore            
00008649  G8RTOS_Start                      
000082f7  G8RTOS_WaitSemaphore              
00007e85  G8RTOS_WriteFIFO                  
00004401  GPIOADCTriggerDisable             
000043e3  GPIOADCTriggerEnable              
000043c5  GPIODMATriggerDisable             
000043a7  GPIODMATriggerEnable              
000037cb  GPIOD_Handler                     
000038f3  GPIODirModeGet                    
00003897  GPIODirModeSet                    
000037b9  GPIOE_Handler                     
00003ead  GPIOIntClear                      
00003e71  GPIOIntDisable                    
00003e4d  GPIOIntEnable                     
00003ec1  GPIOIntRegister                   
00003ef9  GPIOIntRegisterPin                
00003e8b  GPIOIntStatus                     
000039e3  GPIOIntTypeGet                    
0000393f  GPIOIntTypeSet                    
00003edf  GPIOIntUnregister                 
00003f27  GPIOIntUnregisterPin              
00003cdb  GPIOPadConfigGet                  
00003a6d  GPIOPadConfigSet                  
00004345  GPIOPinConfigure                  
00003f4b  GPIOPinRead                       
00003f83  GPIOPinTypeADC                    
00003fa7  GPIOPinTypeCAN                    
00003fcb  GPIOPinTypeComparator             
00003fef  GPIOPinTypeComparatorOutput       
00004013  GPIOPinTypeDIVSCLK                
00004037  GPIOPinTypeEPI                    
0000405b  GPIOPinTypeEthernetLED            
0000407f  GPIOPinTypeEthernetMII            
000040a3  GPIOPinTypeGPIOInput              
000040c7  GPIOPinTypeGPIOOutput             
000040f1  GPIOPinTypeGPIOOutputOD           
00004115  GPIOPinTypeHibernateRTCCLK        
00004139  GPIOPinTypeI2C                    
0000415d  GPIOPinTypeI2CSCL                 
00004181  GPIOPinTypeLCD                    
000041a5  GPIOPinTypeOneWire                
000041c9  GPIOPinTypePWM                    
000041ed  GPIOPinTypeQEI                    
00004211  GPIOPinTypeSSI                    
00004235  GPIOPinTypeTimer                  
00004259  GPIOPinTypeTrace                  
0000427d  GPIOPinTypeUART                   
000042a1  GPIOPinTypeUSBAnalog              
000042c5  GPIOPinTypeUSBDigital             
000042e9  GPIOPinTypeWakeHigh               
0000430f  GPIOPinTypeWakeLow                
00004335  GPIOPinWakeStatus                 
00003f63  GPIOPinWrite                      
0000441f  GPIOUnlockPin                     
000037dd  GameState                         
000056f3  GetSystemTime                     
0000378d  Get_JoystickX                     
000037a3  Get_JoystickY                     
00008691  HOSTtime                          
000064d5  I2CFIFODataGet                    
000064ef  I2CFIFODataGetNonBlocking         
0000648b  I2CFIFODataPut                    
000064ad  I2CFIFODataPutNonBlocking         
0000647b  I2CFIFOStatus                     
0000606d  I2CIntRegister                    
0000608b  I2CIntUnregister                  
000065b1  I2CLoopbackEnable                 
0000652b  I2CMasterBurstCountGet            
00006515  I2CMasterBurstLengthSet           
000062d3  I2CMasterBusBusy                  
000062bb  I2CMasterBusy                     
000062eb  I2CMasterControl                  
0000633f  I2CMasterDataGet                  
00006329  I2CMasterDataPut                  
00006039  I2CMasterDisable                  
00006005  I2CMasterEnable                   
000062fd  I2CMasterErr                      
00006539  I2CMasterGlitchFilterConfigSet    
00005f3b  I2CMasterInitExpClk               
00006233  I2CMasterIntClear                 
00006249  I2CMasterIntClearEx               
000060ff  I2CMasterIntDisable               
0000610f  I2CMasterIntDisableEx             
000060a5  I2CMasterIntEnable                
000060b5  I2CMasterIntEnableEx              
00006159  I2CMasterIntStatus                
00006199  I2CMasterIntStatusEx              
000062ad  I2CMasterLineStateGet             
0000628b  I2CMasterSlaveAddrSet             
0000634d  I2CMasterTimeoutSet               
0000643b  I2CRxFIFOConfigSet                
00006463  I2CRxFIFOFlush                    
0000635f  I2CSlaveACKOverride               
00006391  I2CSlaveACKValueSet               
00005fc7  I2CSlaveAddressSet                
000063eb  I2CSlaveDataGet                   
000063d3  I2CSlaveDataPut                   
0000604f  I2CSlaveDisable                   
0000601b  I2CSlaveEnable                    
0000659f  I2CSlaveFIFODisable               
00006587  I2CSlaveFIFOEnable                
00005fad  I2CSlaveInit                      
00006265  I2CSlaveIntClear                  
00006277  I2CSlaveIntClearEx                
00006127  I2CSlaveIntDisable                
0000613f  I2CSlaveIntDisableEx              
000060cd  I2CSlaveIntEnable                 
000060e5  I2CSlaveIntEnableEx               
000061c9  I2CSlaveIntStatus                 
00006211  I2CSlaveIntStatusEx               
000063c3  I2CSlaveStatus                    
000063fb  I2CTxFIFOConfigSet                
00006423  I2CTxFIFOFlush                    
00007ae5  I2C_Init                          
00007cbb  I2C_ReadMultiple                  
00007be5  I2C_ReadSingle                    
00007c15  I2C_WriteMultiple                 
00007b79  I2C_WriteSingle                   
00007baf  I2C_WriteSingleCont               
200074c0  IBit_State                        
000036af  Idle_Thread                       
00003379  Increment_Thread                  
000032bd  Init_GameData                     
00002f05  Init_Screen                       
00007275  IntDisable                        
00007203  IntEnable                         
000072e7  IntIsEnabled                      
000070c7  IntMasterDisable                  
000070b7  IntMasterEnable                   
000073dd  IntPendClear                      
0000736d  IntPendSet                        
000071df  IntPriorityGet                    
00007157  IntPriorityGroupingGet            
0000713d  IntPriorityGroupingSet            
00007437  IntPriorityMaskGet                
0000742b  IntPriorityMaskSet                
0000718f  IntPrioritySet                    
000070d7  IntRegister                       
0000743f  IntTrigger                        
00007129  IntUnregister                     
00008151  JOYSTICK_GetPress                 
00008165  JOYSTICK_GetX                     
00008187  JOYSTICK_GetXY                    
00008175  JOYSTICK_GetY                     
000080c1  JOYSTICK_Init                     
0000812d  JOYSTICK_IntEnable                
000036c5  Lose_Thread                       
00002a79  Menu_Thread                       
000085cb  MultimodButtons_Get               
00008595  MultimodButtons_Init              
00008669  PendSV_Handler                    
000036fd  Read_Buttons                      
00003685  Read_Gyroscope                    
000056f9  RemovePThread                     
0000892b  ResetISR                          
00007f35  SPI_Init                          
00008043  SPI_ReadMultiple                  
00007fbb  SPI_ReadSingle                    
00007fe3  SPI_WriteMultiple                 
00007f9d  SPI_WriteSingle                   
0000772d  SSIAdvDataPutFrameEnd             
00007753  SSIAdvDataPutFrameEndNonBlocking  
00007795  SSIAdvFrameHoldDisable            
0000777f  SSIAdvFrameHoldEnable             
000076fb  SSIAdvModeSet                     
000076b9  SSIBusy                           
000076eb  SSIClockSourceGet                 
000076d7  SSIClockSourceSet                 
000074d3  SSIConfigSetExpClk                
000076a1  SSIDMADisable                     
00007689  SSIDMAEnable                      
0000764b  SSIDataGet                        
00007667  SSIDataGetNonBlocking             
00007611  SSIDataPut                        
0000762b  SSIDataPutNonBlocking             
00007563  SSIDisable                        
0000754d  SSIEnable                         
000075ff  SSIIntClear                       
000075c9  SSIIntDisable                     
000075b1  SSIIntEnable                      
00007579  SSIIntRegister                    
000075e1  SSIIntStatus                      
00007597  SSIIntUnregister                  
000077c1  SSILoopbackDisable                
000077ab  SSILoopbackEnable                 
00004c3d  ST7789_ClearRow                   
0000445f  ST7789_Deselect                   
00004649  ST7789_DrawHLine                  
00004a27  ST7789_DrawLine                   
000049b7  ST7789_DrawPixel                  
00004af3  ST7789_DrawRectangle              
00004b75  ST7789_DrawRow                    
00004c81  ST7789_DrawSprite                 
000045b3  ST7789_DrawVLine                  
00004a0b  ST7789_Fill                       
0000487d  ST7789_Init                       
000046fd  ST7789_Line                       
000044b5  ST7789_ReadRegister               
00004451  ST7789_Select                     
0000447b  ST7789_SetCommand                 
0000446d  ST7789_SetData                    
000044c3  ST7789_SetWindow                  
00004cfd  ST7789_UpdateScreen               
00004489  ST7789_WriteCommand               
000044a3  ST7789_WriteData                  
00005d39  SetInitialStack                   
000088f5  StartCriticalSection              
00002905  SysCtlAltClkConfig                
00002031  SysCtlClockFreqSet                
000024f9  SysCtlClockGet                    
000028e9  SysCtlClockOutConfig              
00002329  SysCtlClockSet                    
00001f35  SysCtlDeepSleep                   
000026b9  SysCtlDeepSleepClockConfigSet     
0000269b  SysCtlDeepSleepClockSet           
00001f15  SysCtlDeepSleepPowerSet           
00008937  SysCtlDelay                       
00001a9f  SysCtlFlashSectorSizeGet          
00001a73  SysCtlFlashSizeGet                
0000278f  SysCtlGPIOAHBDisable              
00002773  SysCtlGPIOAHBEnable               
00001ea9  SysCtlIntClear                    
00001e95  SysCtlIntDisable                  
00001e7d  SysCtlIntEnable                   
00001e59  SysCtlIntRegister                 
00001eb9  SysCtlIntStatus                   
00001e6d  SysCtlIntUnregister               
00001efb  SysCtlLDODeepSleepGet             
00001eeb  SysCtlLDODeepSleepSet             
00001ee5  SysCtlLDOSleepGet                 
00001ed5  SysCtlLDOSleepSet                 
00001f6b  SysCtlMOSCConfigSet               
000028cd  SysCtlNMIClear                    
000028b5  SysCtlNMIStatus                   
00001f81  SysCtlPIOSCCalibrate              
0000275d  SysCtlPWMClockGet                 
00002743  SysCtlPWMClockSet                 
00001e01  SysCtlPeripheralClockGating       
00001db9  SysCtlPeripheralDeepSleepDisable  
00001d61  SysCtlPeripheralDeepSleepEnable   
00001c91  SysCtlPeripheralDisable           
00001c51  SysCtlPeripheralEnable            
00001b85  SysCtlPeripheralPowerOff          
00001b45  SysCtlPeripheralPowerOn           
00001ac5  SysCtlPeripheralPresent           
00001b05  SysCtlPeripheralReady             
00001bc5  SysCtlPeripheralReset             
00001d21  SysCtlPeripheralSleepDisable      
00001cd9  SysCtlPeripheralSleepEnable       
00001f25  SysCtlReset                       
00001fe1  SysCtlResetBehaviorGet            
00001fd1  SysCtlResetBehaviorSet            
00001f57  SysCtlResetCauseClear             
00001f51  SysCtlResetCauseGet               
00001a69  SysCtlSRAMSizeGet                 
00001f2d  SysCtlSleep                       
00001f05  SysCtlSleepPowerSet               
000027b7  SysCtlUSBPLLDisable               
000027ab  SysCtlUSBPLLEnable                
000027fd  SysCtlVCOGet                      
000027e5  SysCtlVoltageEventClear           
000027c9  SysCtlVoltageEventConfig          
000027d9  SysCtlVoltageEventStatus          
00008435  SysTickDisable                    
00008429  SysTickEnable                     
00008479  SysTickIntDisable                 
0000846d  SysTickIntEnable                  
00008441  SysTickIntRegister                
00008459  SysTickIntUnregister              
00008497  SysTickPeriodGet                  
00008485  SysTickPeriodSet                  
0000849f  SysTickValueGet                   
00005703  SysTick_Handler                   
200074c4  SystemTime                        
00006bad  UART9BitAddrSend                  
00006b87  UART9BitAddrSet                   
00006b71  UART9BitDisable                   
00006b5b  UART9BitEnable                    
000069ff  UARTBreakCtl                      
00006a29  UARTBusy                          
000069a7  UARTCharGet                       
0000698b  UARTCharGetNonBlocking            
000069e1  UARTCharPut                       
000069bd  UARTCharPutNonBlocking            
0000694f  UARTCharsAvail                    
00006b4b  UARTClockSourceGet                
00006b37  UARTClockSourceSet                
0000671f  UARTConfigGetExpClk               
000066a9  UARTConfigSetExpClk               
00006afd  UARTDMADisable                    
00006ae5  UARTDMAEnable                     
0000678f  UARTDisable                       
00006813  UARTDisableSIR                    
0000676b  UARTEnable                        
000067e5  UARTEnableSIR                     
000067cf  UARTFIFODisable                   
000067b9  UARTFIFOEnable                    
00006681  UARTFIFOLevelGet                  
00006669  UARTFIFOLevelSet                  
0000690f  UARTFlowControlGet                
000068f3  UARTFlowControlSet                
00006ad3  UARTIntClear                      
00006a9d  UARTIntDisable                    
00006a85  UARTIntEnable                     
00006a47  UARTIntRegister                   
00006ab5  UARTIntStatus                     
00006a65  UARTIntUnregister                 
00006bf5  UARTLoopbackEnable                
000068a9  UARTModemControlClear             
000068cd  UARTModemControlGet               
00006871  UARTModemControlSet               
000068df  UARTModemStatusGet                
00006657  UARTParityModeGet                 
0000663b  UARTParityModeSet                 
00006b27  UARTRxErrorClear                  
00006b15  UARTRxErrorGet                    
0000685b  UARTSmartCardDisable              
00006829  UARTSmartCardEnable               
0000696d  UARTSpaceAvail                    
00006c0d  UARTStdioConfig                   
0000693d  UARTTxIntModeGet                  
00006921  UARTTxIntModeSet                  
000085ed  UART_Init                         
00006d5d  UARTgetc                          
00006ca3  UARTgets                          
0000707f  UARTprintf                        
00006d85  UARTvprintf                       
00006c53  UARTwrite                         
200072d4  __CIOBUF_                         
200076f0  __STACK_END                       
00000200  __STACK_SIZE                      
200076f0  __STACK_TOP                       
00009580  __TI_CINIT_Base                   
00009598  __TI_CINIT_Limit                  
00009560  __TI_Handler_Table_Base           
0000956c  __TI_Handler_Table_Limit          
000086d9  __TI_auto_init_nobinit_nopinit    
0000852b  __TI_decompress_lzss              
00008911  __TI_decompress_none              
ffffffff  __TI_pprof_out_hndl               
ffffffff  __TI_prof_data_size               
ffffffff  __TI_prof_data_start              
00008845  __TI_readmsg                      
00000000  __TI_static_base__                
0000879d  __TI_writemsg                     
0000891f  __TI_zero_init                    
000087d5  __aeabi_f2iz                      
0000880d  __aeabi_i2f                       
00006c0b  __aeabi_idiv0                     
00006c0b  __aeabi_ldiv0                     
000084b1  __aeabi_memclr                    
000084b1  __aeabi_memclr4                   
000084b1  __aeabi_memclr8                   
0000838d  __aeabi_memcpy                    
0000838d  __aeabi_memcpy4                   
0000838d  __aeabi_memcpy8                   
000084b3  __aeabi_memset                    
000084b3  __aeabi_memset4                   
000084b3  __aeabi_memset8                   
0000871d  __aeabi_uidiv                     
0000871d  __aeabi_uidivmod                  
ffffffff  __binit__                         
ffffffff  __c_args__                        
UNDEFED   __mpu_init                        
200074f0  __stack                           
20000000  __start___llvm_prf_cnts           
20000000  __stop___llvm_prf_cnts            
00008903  __time32                          
000088ad  _c_int00_noargs                   
20007708  _lock                             
00004e83  _nop                              
UNDEFED   _system_post_cinit                
0000893d  _system_pre_init                  
2000770c  _unlock                           
00008941  abort                             
200076f4  ball_x_offset                     
200076f6  ball_y_offset                     
ffffffff  binit                             
200076fc  cursor_x                          
200076fe  cursor_y                          
000015e3  display_color565                  
0000127d  display_customChar                
00001625  display_drawBitmapV1              
000016f5  display_drawBitmapV1_bg           
000017f9  display_drawBitmapV2              
000018c9  display_drawBitmapV2_bg           
000014af  display_drawChar                  
000004b5  display_drawCircle                
0000068f  display_drawCircleHelper          
000003ed  display_drawLine                  
00000a0b  display_drawRect                  
00000a79  display_drawRoundRect             
00000cb7  display_drawTriangle              
00000823  display_fillCircle                
00000877  display_fillCircleHelper          
00000be1  display_fillRoundRect             
00000d0f  display_fillTriangle              
0000155b  display_getCursorX                
00001561  display_getCursorY                
000015dd  display_getHeight                 
000015d3  display_getRotation               
000015d9  display_getWidth                  
00001013  display_print                     
0000153b  display_setCursor                 
000015a7  display_setTextColor              
00001587  display_setTextColorBg            
00001567  display_setTextSize               
000015bf  display_setTextWrap               
20000000  g_pfnRAMVectors                   
00000000  g_pfnVectors                      
2000743c  gameNew                           
20007470  gamePrev                          
200076f2  inGame                            
200076f1  inMenu                            
200076fa  joystick_y                        
200076f0  lose                              
000081f7  main                              
0000838d  memcpy                            
000084b9  memset                            
200076f9  num_cubes                         
200074b4  parmbuf                           
00008879  rand                              
200074e8  rotation                          
200076f8  select                            
200074c8  sem_GameOver                      
200074cc  sem_I2CA                          
200074d0  sem_Joystick                      
200074d4  sem_Joystick_Debounce             
200074d8  sem_PCA9555_Debounce              
200074dc  sem_Pause                         
200074e0  sem_Render                        
200074e4  sem_SPIA                          
00005ceb  sleep                             
000088d1  srand                             
20007702  textbgcolor                       
20007700  textcolor                         
20007704  textsize                          
00008903  time                              
20007705  wrap                              
0000026d  writeLine                         


GLOBAL SYMBOLS: SORTED BY Symbol Address 

address   name                              
-------   ----                              
00000000  __TI_static_base__                
00000000  g_pfnVectors                      
00000200  __STACK_SIZE                      
0000026d  writeLine                         
000003ed  display_drawLine                  
000004b5  display_drawCircle                
0000068f  display_drawCircleHelper          
00000823  display_fillCircle                
00000877  display_fillCircleHelper          
00000a0b  display_drawRect                  
00000a79  display_drawRoundRect             
00000be1  display_fillRoundRect             
00000cb7  display_drawTriangle              
00000d0f  display_fillTriangle              
00001013  display_print                     
0000127d  display_customChar                
000014af  display_drawChar                  
0000153b  display_setCursor                 
0000155b  display_getCursorX                
00001561  display_getCursorY                
00001567  display_setTextSize               
00001587  display_setTextColorBg            
000015a7  display_setTextColor              
000015bf  display_setTextWrap               
000015d3  display_getRotation               
000015d9  display_getWidth                  
000015dd  display_getHeight                 
000015e3  display_color565                  
00001625  display_drawBitmapV1              
000016f5  display_drawBitmapV1_bg           
000017f9  display_drawBitmapV2              
000018c9  display_drawBitmapV2_bg           
00001a69  SysCtlSRAMSizeGet                 
00001a73  SysCtlFlashSizeGet                
00001a9f  SysCtlFlashSectorSizeGet          
00001ac5  SysCtlPeripheralPresent           
00001b05  SysCtlPeripheralReady             
00001b45  SysCtlPeripheralPowerOn           
00001b85  SysCtlPeripheralPowerOff          
00001bc5  SysCtlPeripheralReset             
00001c51  SysCtlPeripheralEnable            
00001c91  SysCtlPeripheralDisable           
00001cd9  SysCtlPeripheralSleepEnable       
00001d21  SysCtlPeripheralSleepDisable      
00001d61  SysCtlPeripheralDeepSleepEnable   
00001db9  SysCtlPeripheralDeepSleepDisable  
00001e01  SysCtlPeripheralClockGating       
00001e59  SysCtlIntRegister                 
00001e6d  SysCtlIntUnregister               
00001e7d  SysCtlIntEnable                   
00001e95  SysCtlIntDisable                  
00001ea9  SysCtlIntClear                    
00001eb9  SysCtlIntStatus                   
00001ed5  SysCtlLDOSleepSet                 
00001ee5  SysCtlLDOSleepGet                 
00001eeb  SysCtlLDODeepSleepSet             
00001efb  SysCtlLDODeepSleepGet             
00001f05  SysCtlSleepPowerSet               
00001f15  SysCtlDeepSleepPowerSet           
00001f25  SysCtlReset                       
00001f2d  SysCtlSleep                       
00001f35  SysCtlDeepSleep                   
00001f51  SysCtlResetCauseGet               
00001f57  SysCtlResetCauseClear             
00001f6b  SysCtlMOSCConfigSet               
00001f81  SysCtlPIOSCCalibrate              
00001fd1  SysCtlResetBehaviorSet            
00001fe1  SysCtlResetBehaviorGet            
00002031  SysCtlClockFreqSet                
00002329  SysCtlClockSet                    
000024f9  SysCtlClockGet                    
0000269b  SysCtlDeepSleepClockSet           
000026b9  SysCtlDeepSleepClockConfigSet     
00002743  SysCtlPWMClockSet                 
0000275d  SysCtlPWMClockGet                 
00002773  SysCtlGPIOAHBEnable               
0000278f  SysCtlGPIOAHBDisable              
000027ab  SysCtlUSBPLLEnable                
000027b7  SysCtlUSBPLLDisable               
000027c9  SysCtlVoltageEventConfig          
000027d9  SysCtlVoltageEventStatus          
000027e5  SysCtlVoltageEventClear           
000027fd  SysCtlVCOGet                      
000028b5  SysCtlNMIStatus                   
000028cd  SysCtlNMIClear                    
000028e9  SysCtlClockOutConfig              
00002905  SysCtlAltClkConfig                
00002949  Draw_Thread                       
00002a79  Menu_Thread                       
00002f05  Init_Screen                       
00002f59  Delete_Menu                       
00002fa7  Draw_Title                        
00003099  Draw_Play                         
00003101  Draw_Settings                     
000031cd  Draw_Credits                      
00003281  Draw_Button                       
000032bd  Init_GameData                     
00003379  Increment_Thread                  
00003685  Read_Gyroscope                    
000036af  Idle_Thread                       
000036c5  Lose_Thread                       
000036fd  Read_Buttons                      
0000378d  Get_JoystickX                     
000037a3  Get_JoystickY                     
000037b9  GPIOE_Handler                     
000037cb  GPIOD_Handler                     
000037dd  GameState                         
00003897  GPIODirModeSet                    
000038f3  GPIODirModeGet                    
0000393f  GPIOIntTypeSet                    
000039e3  GPIOIntTypeGet                    
00003a6d  GPIOPadConfigSet                  
00003cdb  GPIOPadConfigGet                  
00003e4d  GPIOIntEnable                     
00003e71  GPIOIntDisable                    
00003e8b  GPIOIntStatus                     
00003ead  GPIOIntClear                      
00003ec1  GPIOIntRegister                   
00003edf  GPIOIntUnregister                 
00003ef9  GPIOIntRegisterPin                
00003f27  GPIOIntUnregisterPin              
00003f4b  GPIOPinRead                       
00003f63  GPIOPinWrite                      
00003f83  GPIOPinTypeADC                    
00003fa7  GPIOPinTypeCAN                    
00003fcb  GPIOPinTypeComparator             
00003fef  GPIOPinTypeComparatorOutput       
00004013  GPIOPinTypeDIVSCLK                
00004037  GPIOPinTypeEPI                    
0000405b  GPIOPinTypeEthernetLED            
0000407f  GPIOPinTypeEthernetMII            
000040a3  GPIOPinTypeGPIOInput              
000040c7  GPIOPinTypeGPIOOutput             
000040f1  GPIOPinTypeGPIOOutputOD           
00004115  GPIOPinTypeHibernateRTCCLK        
00004139  GPIOPinTypeI2C                    
0000415d  GPIOPinTypeI2CSCL                 
00004181  GPIOPinTypeLCD                    
000041a5  GPIOPinTypeOneWire                
000041c9  GPIOPinTypePWM                    
000041ed  GPIOPinTypeQEI                    
00004211  GPIOPinTypeSSI                    
00004235  GPIOPinTypeTimer                  
00004259  GPIOPinTypeTrace                  
0000427d  GPIOPinTypeUART                   
000042a1  GPIOPinTypeUSBAnalog              
000042c5  GPIOPinTypeUSBDigital             
000042e9  GPIOPinTypeWakeHigh               
0000430f  GPIOPinTypeWakeLow                
00004335  GPIOPinWakeStatus                 
00004345  GPIOPinConfigure                  
000043a7  GPIODMATriggerEnable              
000043c5  GPIODMATriggerDisable             
000043e3  GPIOADCTriggerEnable              
00004401  GPIOADCTriggerDisable             
0000441f  GPIOUnlockPin                     
00004451  ST7789_Select                     
0000445f  ST7789_Deselect                   
0000446d  ST7789_SetData                    
0000447b  ST7789_SetCommand                 
00004489  ST7789_WriteCommand               
000044a3  ST7789_WriteData                  
000044b5  ST7789_ReadRegister               
000044c3  ST7789_SetWindow                  
000045b3  ST7789_DrawVLine                  
00004649  ST7789_DrawHLine                  
000046fd  ST7789_Line                       
0000487d  ST7789_Init                       
000049b7  ST7789_DrawPixel                  
00004a0b  ST7789_Fill                       
00004a27  ST7789_DrawLine                   
00004af3  ST7789_DrawRectangle              
00004b75  ST7789_DrawRow                    
00004c3d  ST7789_ClearRow                   
00004c81  ST7789_DrawSprite                 
00004cfd  ST7789_UpdateScreen               
00004e83  _nop                              
00004edf  ADCIntRegister                    
00004f07  ADCIntUnregister                  
00004f25  ADCIntDisable                     
00004f41  ADCIntEnable                      
00004f67  ADCIntStatus                      
00004fbf  ADCIntClear                       
00004fd5  ADCSequenceEnable                 
00004fef  ADCSequenceDisable                
00005009  ADCSequenceConfigure              
000050a5  ADCSequenceStepConfigure          
00005191  ADCSequenceOverflow               
000051a9  ADCSequenceOverflowClear          
000051bf  ADCSequenceUnderflow              
000051d7  ADCSequenceUnderflowClear         
000051ed  ADCSequenceDataGet                
0000522f  ADCProcessorTrigger               
00005257  ADCSoftwareOversampleConfigure    
000052a9  ADCSoftwareOversampleStepConfigure
00005389  ADCSoftwareOversampleDataGet      
0000541b  ADCHardwareOversampleConfigure    
0000544d  ADCComparatorConfigure            
00005469  ADCComparatorRegionSet            
00005491  ADCComparatorReset                
000054d7  ADCComparatorIntDisable           
000054f5  ADCComparatorIntEnable            
00005513  ADCComparatorIntStatus            
00005525  ADCComparatorIntClear             
0000553d  ADCIntDisableEx                   
00005555  ADCIntEnableEx                    
0000556d  ADCIntStatusEx                    
0000559f  ADCIntClearEx                     
000055b1  ADCReferenceSet                   
000055cd  ADCReferenceGet                   
000055df  ADCPhaseDelaySet                  
000055f1  ADCPhaseDelayGet                  
000055ff  ADCSequenceDMAEnable              
0000561b  ADCSequenceDMADisable             
00005637  ADCBusy                           
00005655  ADCClockConfigSet                 
0000567f  ADCClockConfigGet                 
000056f3  GetSystemTime                     
000056f9  RemovePThread                     
00005703  SysTick_Handler                   
000057dd  G8RTOS_Init                       
00005831  G8RTOS_Launch                     
00005859  G8RTOS_Scheduler                  
000058d1  G8RTOS_AddThread                  
00005a41  G8RTOS_Add_APeriodicEvent         
00005ac5  G8RTOS_Add_PeriodicEvent          
00005be1  G8RTOS_KillThread                 
00005c85  G8RTOS_KillSelf                   
00005ceb  sleep                             
00005d0f  G8RTOS_GetThreadID                
00005d17  G8RTOS_GetNumberOfThreads         
00005d39  SetInitialStack                   
00005f3b  I2CMasterInitExpClk               
00005fad  I2CSlaveInit                      
00005fc7  I2CSlaveAddressSet                
00006005  I2CMasterEnable                   
0000601b  I2CSlaveEnable                    
00006039  I2CMasterDisable                  
0000604f  I2CSlaveDisable                   
0000606d  I2CIntRegister                    
0000608b  I2CIntUnregister                  
000060a5  I2CMasterIntEnable                
000060b5  I2CMasterIntEnableEx              
000060cd  I2CSlaveIntEnable                 
000060e5  I2CSlaveIntEnableEx               
000060ff  I2CMasterIntDisable               
0000610f  I2CMasterIntDisableEx             
00006127  I2CSlaveIntDisable                
0000613f  I2CSlaveIntDisableEx              
00006159  I2CMasterIntStatus                
00006199  I2CMasterIntStatusEx              
000061c9  I2CSlaveIntStatus                 
00006211  I2CSlaveIntStatusEx               
00006233  I2CMasterIntClear                 
00006249  I2CMasterIntClearEx               
00006265  I2CSlaveIntClear                  
00006277  I2CSlaveIntClearEx                
0000628b  I2CMasterSlaveAddrSet             
000062ad  I2CMasterLineStateGet             
000062bb  I2CMasterBusy                     
000062d3  I2CMasterBusBusy                  
000062eb  I2CMasterControl                  
000062fd  I2CMasterErr                      
00006329  I2CMasterDataPut                  
0000633f  I2CMasterDataGet                  
0000634d  I2CMasterTimeoutSet               
0000635f  I2CSlaveACKOverride               
00006391  I2CSlaveACKValueSet               
000063c3  I2CSlaveStatus                    
000063d3  I2CSlaveDataPut                   
000063eb  I2CSlaveDataGet                   
000063fb  I2CTxFIFOConfigSet                
00006423  I2CTxFIFOFlush                    
0000643b  I2CRxFIFOConfigSet                
00006463  I2CRxFIFOFlush                    
0000647b  I2CFIFOStatus                     
0000648b  I2CFIFODataPut                    
000064ad  I2CFIFODataPutNonBlocking         
000064d5  I2CFIFODataGet                    
000064ef  I2CFIFODataGetNonBlocking         
00006515  I2CMasterBurstLengthSet           
0000652b  I2CMasterBurstCountGet            
00006539  I2CMasterGlitchFilterConfigSet    
00006587  I2CSlaveFIFOEnable                
0000659f  I2CSlaveFIFODisable               
000065b1  I2CLoopbackEnable                 
0000663b  UARTParityModeSet                 
00006657  UARTParityModeGet                 
00006669  UARTFIFOLevelSet                  
00006681  UARTFIFOLevelGet                  
000066a9  UARTConfigSetExpClk               
0000671f  UARTConfigGetExpClk               
0000676b  UARTEnable                        
0000678f  UARTDisable                       
000067b9  UARTFIFOEnable                    
000067cf  UARTFIFODisable                   
000067e5  UARTEnableSIR                     
00006813  UARTDisableSIR                    
00006829  UARTSmartCardEnable               
0000685b  UARTSmartCardDisable              
00006871  UARTModemControlSet               
000068a9  UARTModemControlClear             
000068cd  UARTModemControlGet               
000068df  UARTModemStatusGet                
000068f3  UARTFlowControlSet                
0000690f  UARTFlowControlGet                
00006921  UARTTxIntModeSet                  
0000693d  UARTTxIntModeGet                  
0000694f  UARTCharsAvail                    
0000696d  UARTSpaceAvail                    
0000698b  UARTCharGetNonBlocking            
000069a7  UARTCharGet                       
000069bd  UARTCharPutNonBlocking            
000069e1  UARTCharPut                       
000069ff  UARTBreakCtl                      
00006a29  UARTBusy                          
00006a47  UARTIntRegister                   
00006a65  UARTIntUnregister                 
00006a85  UARTIntEnable                     
00006a9d  UARTIntDisable                    
00006ab5  UARTIntStatus                     
00006ad3  UARTIntClear                      
00006ae5  UARTDMAEnable                     
00006afd  UARTDMADisable                    
00006b15  UARTRxErrorGet                    
00006b27  UARTRxErrorClear                  
00006b37  UARTClockSourceSet                
00006b4b  UARTClockSourceGet                
00006b5b  UART9BitEnable                    
00006b71  UART9BitDisable                   
00006b87  UART9BitAddrSet                   
00006bad  UART9BitAddrSend                  
00006bf5  UARTLoopbackEnable                
00006c0b  __aeabi_idiv0                     
00006c0b  __aeabi_ldiv0                     
00006c0d  UARTStdioConfig                   
00006c53  UARTwrite                         
00006ca3  UARTgets                          
00006d5d  UARTgetc                          
00006d85  UARTvprintf                       
0000707f  UARTprintf                        
000070b7  IntMasterEnable                   
000070c7  IntMasterDisable                  
000070d7  IntRegister                       
00007129  IntUnregister                     
0000713d  IntPriorityGroupingSet            
00007157  IntPriorityGroupingGet            
0000718f  IntPrioritySet                    
000071df  IntPriorityGet                    
00007203  IntEnable                         
00007275  IntDisable                        
000072e7  IntIsEnabled                      
0000736d  IntPendSet                        
000073dd  IntPendClear                      
0000742b  IntPriorityMaskSet                
00007437  IntPriorityMaskGet                
0000743f  IntTrigger                        
000074d3  SSIConfigSetExpClk                
0000754d  SSIEnable                         
00007563  SSIDisable                        
00007579  SSIIntRegister                    
00007597  SSIIntUnregister                  
000075b1  SSIIntEnable                      
000075c9  SSIIntDisable                     
000075e1  SSIIntStatus                      
000075ff  SSIIntClear                       
00007611  SSIDataPut                        
0000762b  SSIDataPutNonBlocking             
0000764b  SSIDataGet                        
00007667  SSIDataGetNonBlocking             
00007689  SSIDMAEnable                      
000076a1  SSIDMADisable                     
000076b9  SSIBusy                           
000076d7  SSIClockSourceSet                 
000076eb  SSIClockSourceGet                 
000076fb  SSIAdvModeSet                     
0000772d  SSIAdvDataPutFrameEnd             
00007753  SSIAdvDataPutFrameEndNonBlocking  
0000777f  SSIAdvFrameHoldEnable             
00007795  SSIAdvFrameHoldDisable            
000077ab  SSILoopbackEnable                 
000077c1  SSILoopbackDisable                
000077d9  BMI160_Init                       
0000780d  BMI160_WriteRegister              
0000784f  BMI160_ReadRegister               
0000786b  BMI160_MultiReadRegister          
00007891  BMI160_AccelXGetResult            
000078b5  BMI160_AccelYGetResult            
000078d9  BMI160_AccelZGetResult            
000078fd  BMI160_GyroXGetResult             
00007921  BMI160_GyroYGetResult             
00007945  BMI160_GyroZGetResult             
00007969  BMI160_MagXGetResult              
0000798d  BMI160_MagYGetResult              
000079b1  BMI160_MagZGetResult              
000079d5  BMI160_AccelXYZGetResult          
00007a29  BMI160_GyroXYZGetResult           
00007a7d  BMI160_MagXYZGetResult            
00007ad1  BMI160_GetDataStatus              
00007ae5  I2C_Init                          
00007b79  I2C_WriteSingle                   
00007baf  I2C_WriteSingleCont               
00007be5  I2C_ReadSingle                    
00007c15  I2C_WriteMultiple                 
00007cbb  I2C_ReadMultiple                  
00007d95  G8RTOS_InitFIFO                   
00007dfd  G8RTOS_ReadFIFO                   
00007e85  G8RTOS_WriteFIFO                  
00007f35  SPI_Init                          
00007f9d  SPI_WriteSingle                   
00007fbb  SPI_ReadSingle                    
00007fe3  SPI_WriteMultiple                 
00008043  SPI_ReadMultiple                  
000080c1  JOYSTICK_Init                     
0000812d  JOYSTICK_IntEnable                
00008151  JOYSTICK_GetPress                 
00008165  JOYSTICK_GetX                     
00008175  JOYSTICK_GetY                     
00008187  JOYSTICK_GetXY                    
000081f7  main                              
000082d9  G8RTOS_InitSemaphore              
000082f7  G8RTOS_WaitSemaphore              
00008339  G8RTOS_SignalSemaphore            
0000838d  __aeabi_memcpy                    
0000838d  __aeabi_memcpy4                   
0000838d  __aeabi_memcpy8                   
0000838d  memcpy                            
00008429  SysTickEnable                     
00008435  SysTickDisable                    
00008441  SysTickIntRegister                
00008459  SysTickIntUnregister              
0000846d  SysTickIntEnable                  
00008479  SysTickIntDisable                 
00008485  SysTickPeriodSet                  
00008497  SysTickPeriodGet                  
0000849f  SysTickValueGet                   
000084b1  __aeabi_memclr                    
000084b1  __aeabi_memclr4                   
000084b1  __aeabi_memclr8                   
000084b3  __aeabi_memset                    
000084b3  __aeabi_memset4                   
000084b3  __aeabi_memset8                   
000084b9  memset                            
0000852b  __TI_decompress_lzss              
00008595  MultimodButtons_Init              
000085cb  MultimodButtons_Get               
000085ed  UART_Init                         
00008649  G8RTOS_Start                      
00008669  PendSV_Handler                    
00008691  HOSTtime                          
000086d9  __TI_auto_init_nobinit_nopinit    
0000871d  __aeabi_uidiv                     
0000871d  __aeabi_uidivmod                  
0000875d  CPUcpsid                          
00008769  CPUprimask                        
00008773  CPUcpsie                          
0000877f  CPUwfi                            
00008783  CPUbasepriSet                     
00008791  CPUbasepriGet                     
0000879d  __TI_writemsg                     
000087cb  C$$IO$$                           
000087d5  __aeabi_f2iz                      
0000880d  __aeabi_i2f                       
00008845  __TI_readmsg                      
00008879  rand                              
000088ad  _c_int00_noargs                   
000088d1  srand                             
000088f5  StartCriticalSection              
000088fd  EndCriticalSection                
00008903  __time32                          
00008903  time                              
00008911  __TI_decompress_none              
0000891f  __TI_zero_init                    
0000892b  ResetISR                          
00008937  SysCtlDelay                       
0000893d  _system_pre_init                  
00008941  C$$EXIT                           
00008941  abort                             
00009560  __TI_Handler_Table_Base           
0000956c  __TI_Handler_Table_Limit          
00009580  __TI_CINIT_Base                   
00009598  __TI_CINIT_Limit                  
20000000  __start___llvm_prf_cnts           
20000000  __stop___llvm_prf_cnts            
20000000  g_pfnRAMVectors                   
200072d4  __CIOBUF_                         
2000743c  gameNew                           
20007470  gamePrev                          
200074b4  parmbuf                           
200074bc  CurrentlyRunningThread            
200074c0  IBit_State                        
200074c4  SystemTime                        
200074c8  sem_GameOver                      
200074cc  sem_I2CA                          
200074d0  sem_Joystick                      
200074d4  sem_Joystick_Debounce             
200074d8  sem_PCA9555_Debounce              
200074dc  sem_Pause                         
200074e0  sem_Render                        
200074e4  sem_SPIA                          
200074e8  rotation                          
200074f0  __stack                           
200076f0  __STACK_END                       
200076f0  __STACK_TOP                       
200076f0  lose                              
200076f1  inMenu                            
200076f2  inGame                            
200076f4  ball_x_offset                     
200076f6  ball_y_offset                     
200076f8  select                            
200076f9  num_cubes                         
200076fa  joystick_y                        
200076fc  cursor_x                          
200076fe  cursor_y                          
20007700  textcolor                         
20007702  textbgcolor                       
20007704  textsize                          
20007705  wrap                              
20007708  _lock                             
2000770c  _unlock                           
ffffffff  __TI_pprof_out_hndl               
ffffffff  __TI_prof_data_size               
ffffffff  __TI_prof_data_start              
ffffffff  __binit__                         
ffffffff  __c_args__                        
ffffffff  binit                             
UNDEFED   __mpu_init                        
UNDEFED   _system_post_cinit                

[528 symbols]
